
> distribution@0.0.1 test
> jest --maxWorkers 1 test/indexer.test.js

  console.log
    [LOG] length of textKeys: 157

      at callback (test/indexer.test.js:155:13)

  console.log
    [LOG] message at map phase: [
      [Function (anonymous)],
      [
        '02627ffd79d1cb1ed0b7d61769a94a4ca5a2d3195cdb16e4ffd36bfc18301413text',
        '0ca3e078e3d2b733510e6494a55d785e821428cacf5bf9d5c11ab52590052eactext',
        '0d484c4541125648381c38647ee6c8a94fc5a2dd9588f89a92b2dc29629a6113text',
        '108ad08195f3a6b32ccd506f16df42491c6f2800991efc3d0172e1d767be1141text',
        '129cc751c14081ce50821c19fe44aba0039e61d6c94b462891451a9d304cdc1dtext',
        '1745d839f5035169ee141507f886f4e4d4d86d7294c47650b20488f4483737e3text',
        '1ea69f3e8a0387825bc742ef759d2bd0a13357d27eee771a813d39ca404c41bbtext',
        '36606b7756ce400a33012f97393a4d43a36c84a6f634fa8d46a3c047a97a8c40text',
        '3910441f00cc527faf5045a86b38d6e35faeab715e636a00d66e19894719c4bbtext',
        '470001a167aa700b7b4122e44582ed6353ab28676896b9d4a188bed854f84f92text',
        '4822000318f36d9447280a338dbf5c86e2ae222f59ee4c2adb3bab5665a5b82etext',
        '4c6d9e2ddba35db6769429faa9252ebd6fd6ce1ec750ab50adb426d5aae6280etext',
        '5154dd8f99fd5d93276f305fba41658e8d04ee0d42445e77656c588eae0425f5text',
        '59c1ff937e7c8b2640b01823d2559b9dd9b8f5800fe1a6d67d040b4adcbfce5etext',
        '59d14bf7f6be7501134ec025b6d9433721e687de3f44b245290a39554fd14e79text',
        '5cd4fb2aed73fdd90e72020a7d1c8f1441f06376d4f9cd7361557fd33a8e83c8text',
        '5e3a8c0dcf0293e9e49f6cc6f490fa4195258248891bd4d33a24fe230cd6c831text',
        '5fe02bc96543fe465560ca7c2604042a5f864eaf88ee3b791823248ae849f6e0text',
        '5ff4ab9c6513a9c993dc19b16ee82b6ae40bddd69b17eae6660897436dacd134text',
        '63d9c7bb432ac2ab43ad2ac559d36b541e3b4cd7af468163adbe0d4a094bbe6atext',
        '69d70e673d0fd938dc47bd62c612ce0d62b5a7300779435787e77e5e2e039c4atext',
        '6b1be9f08dee584520ec1165f45d9eb0ed94ce8a0d6698603449248e7b6bb2aatext',
        '74d7534dbe6dc5c5aa1ffdcf83c6543e1f037c70fe65b7eaaac165e829cc9abetext',
        '7b535d4feee06c633dc5b9db4a38b2839eccc4b158ea9ed3ac64cfa7803114e9text',
        '7d4b96f7fdf752751994a63298e0fc566241d4bdc5346f72253b835a97c62652text',
        '802ca9967dab8729a089153d7985c43d824081057e981547919e8adbba2e6f69text',
        '8f9ff9c88a41f426ba26e399850d715e97ff827df588b672fd68d7791e4cb445text',
        '91c02d00aaa2026619f853db542aac41cbad456a83a2dee934c1a59bec09aaa4text',
        '92c6b5f69b211aa54da6d2a6704624c5c7b7c786f975b132802d0422a7e3dc61text',
        '98492d1533f3da7e69357879fa3f22a7682f66f1ca8639a2293e6f7020cf223ftext',
        '98b26028959771c8da4432d03ef31b2a2275c1aeca91d44708afccf9a1e64b03text',
        'a60d4aa0e412e936727ab9555917f70957871d50aef7f761b5ec9a7df786137dtext',
        'a6155a0456ad7f30da591661c78e0015050db348636e689e89133c38cf7fb541text',
        'a649bf8b7a87e0592c22c01248691157a2369122bb682a73e5fea8e02539fc44text',
        'b9ee450e3c1774610d5d5db0328f7b043dc46d7fcc12ce8efe7ca74159492bcatext',
        'bf347fda4d2705492248b6b15e36c5af201f8bb1033dd2b8a2355fbad0d85385text',
        'c5d8b4353a3e07ac72848a253774f9034ea3902a399d9bb711fb07cb84074d1ftext',
        'deed904e5281f962e56aaacfda1119c43a43802af393c76611f69b24615ac16ctext',
        'e33d39dc23a31631b1b48550ff39993757179baa9d10ad22c01567dc44ffa7abtext',
        'edaf8644b706a42ac2d74e33031217277fac083141bba2e561c1256e569d8113text',
        'f65d7ea8e5385734a57ae5689f6ca2d2ffd7a03ddec7c848f9981e155e4e8e99text',
        'f7ddba9fbd1ce9158a398b1115c33b0d06dcab4130009efd575e8ee7a4a748bctext',
        'f85eeb20986fa358db5f3407854ba22b88c56c78bbe940253f177d7f0c2096dftext',
        '05bcf869d73724d4afbf1614af173c71f0c8cadf4c975b631b618ffea30b9ff2text',
        '0e1a9a17b8297af17317f32f20a04174293324db5d805b923864433fe300290btext',
        '1f2148670f080a079fa34ff861bc4d5343db217ae5bf3a013c3db9aaf630c009text',
        '244b083f689eb3be679d7354806c3a1bfd6d8a12b7b660bd9571375da16c4b50text',
        '284cd42fab40f97a8c79b04b44c98e3b948c7e64f9c53059b2b4b6a1e3cd6ef0text',
        '287057183b08236bec006be834b95de7afbdcc12d0794ad7b90cad9c0d2b14d4text',
        '33dcb3f7872b1c9857e13b8538ca7735f727c55f80b1ca6817e310cbdefda8d5text',
        '348d3d7e5102e790cec7d1923cf12b06c700655ed2b5ea0a78f1e36ba9ddb37ctext',
        '36e8702cd26db5ef148495251299640f5e0f881bc78c35b6d777ccafdfc78102text',
        '37b870adbc009c9336da547776e5cee1594161efaaa58b4e605da5d376cdd2a9text',
        '3b97dabf6fcfd12b2e30240c7344d0420f3c3931496ba09dacd550b9b6218750text',
        '3d51bdc1ae211a9b91d0e08a48c099fff5b86ee6647396748701d6d7bfa3f713text',
        '404403bb03d9f96757c56446bbb758a4d209cc23ab4fffd1ab1c86eabd188a1ctext',
        '40a440f3729692bc8a7fa2ec3eeaa7b0f272c7b664aab9f271af79b59c0da4f0text',
        '4273fb5d911f171cd22a7c4e3731ecbaf245e106f27fbb15fbc292aa0f3a0016text',
        '4aabad32df7d962437d9e31ccc8f7748d813b1d6c5bf0c5b8835afb5c0ebaf04text',
        '4d841de2e3c610fe72a63f8c68dc3621565c3a5d72bd8017cf54213978a619dftext',
        '52058d9235a396ef390af1e5c2b813c6abd5fadfb29687aa676c4f056c866b9btext',
        '53164011bfdea7933be9b1bc93ee162fda074f357150f3c073f6672600042783text',
        '5f6c34136795becb833b6a8e4d5c3c86442b0726b07c26ae29ab063b7a535c1ftext',
        '6134bbe23db50fbfcb7dd788e07d233943e60b96c866c79f0643e5f29c0a685ctext',
        '6145eea13230ce4a317a2f318e396b19afcf676953bd0aab7a9954760926e0cbtext',
        '619f16a1ba23db642e271e9aa53c1d912084639006cc7967670dade88ad4a822text',
        '62a2c10f6ff1b7a24466d2f8a940171957d5677dbe8ce14513ec8cf9f609bbfetext',
        '686c68ee79fcec7bf1b54af269daab4789f4b5ee52f40d4c0902d41968dcfedftext',
        '6b7e0e3c877e29f8329bbd410f99c578917ae4db8232cb89d3633aa5e03aa8b4text',
        '6f4f981bc45ed0b65d85cb3f1458c00a2be3263375e366e8b6a1ce0d8fabedb3text',
        '735e5928b0d1b49258f6ae375f11b90f79df56ab692d3b2d91b461a82911f52atext',
        '77202aa110965ebfe1906fc56b6b3028b4c335b3b30821cb17fc846e95933deftext',
        '7779d1d676557b6d8d009b06bf6c25a89eec539c64f1f57a0aedee405663a250text',
        '7ad79f340e6ed203d621588e0c885625f18e16f129c722323712b0fec65a4090text',
        '8137df6b9d827afb4f2d50ff84a1c863ff0f9d61b55f9f02ea7c367c823fc6e3text',
        '847de4c54187540670aaea778afc9ef46fa0aacce169fb52cbf41d34e46ee823text',
        '87e69a09e03036b8b96ea6d79f7fadcf171ea1ab2a65db4bd7a82d0fdac281f9text',
        '891cdffc2527288937ac880328452df220d6c5182099ed9f3a1e053ad5c964b8text',
        '89c7c59e2a1fe42794c75f88fdcf196e5e066b26c58f8c571eead1b8d1ee7489text',
        '8a86dc3823b308782ccbc68d57f45028b5bfaef22d3078ff6bee90990e74223ftext',
        '91b7c9eed48ba7e7ab1cecd1483e43653a2f6c4e9415b291759ab1b2357ecb54text',
        '91d366272749a7a2769f11d156c8a3b7ca3a5dceab6e1d1035ab3fd3ecee37bbtext',
        '93a278c3bc5bec470196aa4355c6953fa4d7e5fd8fa557d7322b8bf830efc3aatext',
        '9928c48e40a29ab72d1c167fd150856d3453876957406795634043c290d24602text',
        '9d6fbbc1f9401a04e083e7202770fe9d9a2f835f362de19fd06af7b28ae1ab11text',
        'a0dc03b6d5bc51eac732249b6e12bbe7077195ce622461eb97a36d1f6767a15ctext',
        'a2b5c76cfe8f40f161a4a8f756c96d69fe04c32b5aae8258403d761c149572cctext',
        'a701b2ef16f901a44c4661cfe56201bb0780ae439874aa9759eaf3e41e613780text',
        'a9bb709a5e63290381dd501b27a9fa731053a9b88a243b7ac206e41ae994a7detext',
        'ab2e4c6e68f0fc24b3de4f88fef64c5078abe8aa5e5eabe11af2acf0a4131d4ctext',
        'ad0fa5f18878f59e2cbe9520ed9edc8374bc50755a320cd0dce4876c3872a0ectext',
        'b2325df3e5567647bf7ad40d1270e74682fd135714f75a5561a2475f61490431text',
        'b26a2a337245bcbab6d299591d6b8c478f16cda8b572a8435c21704f806f0329text',
        'b46fdec94aed72a9ecf5ae9c0a26c4bb4aa45bb73d7d654eb517fa4a9d4c5d1etext',
        'b7f819e0be98d594c86b43a05d769adad771bea6c4fe324f9fd58c61d0af7fcbtext',
        'b9a654ff80e43311be88918627d865a17ae9c06a4c9e5924905e52cc3c96f8d8text',
        'cbd917e77cd4f7749b9b10cb91931f8b0b419599b40d1afc37d7a2fac7074a3ctext',
        'd11bb56d3ebf4301808ffefe46716ca265ac4bc1aba1676e3bf095de160e0641text',
        'dbed92c282d7a52c0c709aa15aec4461462c66cbd610623393e77a79e160df62text',
        'dce6d96a3dc08a3bfee3a54d466edefbbd4b006b24ef3b7f2705f520e5928ddatext',
        ... 57 more items
      ],
      'all'
    ]

      at distributedMap (distribution/all/mr.js:282:17)

  console.log
    [LOG] results after map phase [
      '9ab444780b2a3e07eb0532476b5b753c9bf7089af6e77c9650501185341287f4',
      '189cdf3481ae9b0a25faf3164e9f959e25a9209c3b685aa27bb90a8ad4a94443',
      '965851fc85e1eae8922d5aa6a0c794e9caaf1663382b80e55d9c0d515ab5ffab'
    ]

      at callback (distribution/all/mr.js:293:23)

  console.log
    Child process stdout: [LOG] mapResults Length at shuffle phase: 38853

      at Socket.<anonymous> (distribution/local/status.js:75:13)

  console.log
    Child process stdout: [LOG] mapResults Length at shuffle phase: 50772

      at Socket.<anonymous> (distribution/local/status.js:75:13)

  console.log
    Child process stdout: [LOG] appendResultsLength at shuffle phase:  24323

      at Socket.<anonymous> (distribution/local/status.js:75:13)

  console.log
    Child process stdout: sending append with key:  b702d0f0931f48c50f54c0958e25aded1f0bd5b4f10254b00877e0a1f8267f54

      at Socket.<anonymous> (distribution/local/status.js:75:13)

  console.log
    Child process stdout: the values:  [
      {
        skip: { count: 1, url: 'https://www.npmjs.com/search?q=keywords:patch' }
      },
      {
        skip: { count: 1, url: 'https://www.npmjs.com/search?q=keywords:write' }
      },
      {
        skip: {
          count: 1,
          url: 'https://www.npmjs.com/search?q=text&page=299&perPage=20'
        }
      },
      {
        skip: {
          count: 1,
          url: 'https://www.npmjs.com/search?q=keywords:utility-functions'
        }
      },
      {
        skip: {
          count: 1,
          url: 'https://www.npmjs.com/search?q=keywords:formatting'
        }
      },
      {
        skip: {
          count: 1,
          url: 'https://www.npmjs.com/search?q=keywords:console'
        }
      },
      { skip: { count: 1, url: 'https://www.npmjs.com/~patorjk' } },
      {
        skip: { count: 1, url: 'https://www.npmjs.com/search?q=keywords:strip' }
      },
      {
        skip: { count: 1, url: 'https://www.npmjs.com/search?q=keywords:json' }
      },
      {
        skip: { count: 1, url: 'https://www.npmjs.com/search?q=keywords:banner' }
      },
      {
        skip: { count: 1, url: 'https://www.npmjs.com/search?q=keywords:extra' }
      },
      {
        skip: { count: 1, url: 'https://www.npmjs.com/search?q=keywords:color' }
      },
      {
        skip: { count: 1, url: 'https://www.npmjs.com/search?q=keywords:retext' }
      },
      { skip: { count: 1, url: 'https://www.npmjs.com/~wooorm' } },
      {
        skip: { count: 1, url: 'https://www.npmjs.com/search?q=keywords:escape' }
      },
      { skip: { count: 1, url: 'https://www.npmjs.com/~sindresorhus' } },
      { skip: { count: 1, url: 'https://www.npmjs.com/~matteo.collina' } },
      {
        skip: {
          count: 1,
          url: 'https://www.npmjs.com/search?q=keywords:processing'
        }
      },
      {
        skip: { count: 1, url: 'https://www.npmjs.com/search?q=keywords:read' }
      },
      {
        skip: { count: 1, url: 'https://www.npmjs.com/package/chalk#keywords' }
      },
      {
        skip: {
          count: 1,
          url: 'https://www.npmjs.com/search?q=keywords:text-processing'
        }
      },
      {
        skip: {
          count: 1,
          url: 'https://www.npmjs.com/search?q=keywords:contents'
        }
      },
      {
        skip: { count: 1, url: 'https://www.npmjs.com/search?q=keywords:text' }
      },
      {
        skip: { count: 1, url: 'https://www.npmjs.com/search?q=keywords:diff' }
      },
      { skip: { count: 1, url: 'https://www.npmjs.com/' } },
      {
        skip: { count: 1, url: 'https://www.npmjs.com/search?q=keywords:break' }
      },
      {
        skip: {
          count: 1,
          url: 'https://www.npmjs.com/search?q=keywords:encoding'
        }
      },
      {
        skip: { count: 1, url: 'https://www.npmjs.com/package/ansi-escapes' }
      },
      {
        skip: { count: 1, url: 'https://www.npmjs.com/search?q=keywords:shell' }
      },
      {
        skip: { count: 1, url: 'https://www.npmjs.com/package/strip-ansi' }
      },
      {
        skip: { count: 1, url: 'https://www.npmjs.com/search?q=keywords:data' }
      },
      {
        skip: { count: 1, url: 'https://www.npmjs.com/search?q=keywords:mkdirp' }
      }
    ]

      at Socket.<anonymous> (distribution/local/status.js:75:13)

  console.log
    Child process stdout: sending append with key:  c3151d4e336f0d3025ed14a107bcd3e7ecc73c13dfd6427b0d54077486dcf02c

      at Socket.<anonymous> (distribution/local/status.js:75:13)

  console.log
    Child process stdout: the values:  [
      {
        tocontentpackag: { count: 1, url: 'https://www.npmjs.com/search?q=keywords:patch' }
      },
      {
        tocontentpackag: { count: 1, url: 'https://www.npmjs.com/search?q=keywords:write' }
      },
      {
        tocontentpackag: {
          count: 1,
          url: 'https://www.npmjs.com/search?q=text&page=299&perPage=20'
        }
      },
      {
        tocontentpackag: {
          count: 1,
          url: 'https://www.npmjs.com/search?q=keywords:utility-functions'
        }
      },
      {
        tocontentpackag: {
          count: 1,
          url: 'https://www.npmjs.com/search?q=keywords:formatting'
        }
      },
      {
        tocontentpackag: {
          count: 1,
          url: 'https://www.npmjs.com/search?q=keywords:console'
        }
      },
      {
        tocontentpackag: { count: 1, url: 'https://www.npmjs.com/~patorjk' }
      },
      {
        tocontentpackag: { count: 1, url: 'https://www.npmjs.com/search?q=keywords:strip' }
      },
      {
        tocontentpackag: { count: 1, url: 'https://www.npmjs.com/search?q=keywords:json' }
      },
      {
        tocontentpackag: { count: 1, url: 'https://www.npmjs.com/search?q=keywords:banner' }
      },
      {
        tocontentpackag: { count: 1, url: 'https://www.npmjs.com/search?q=keywords:extra' }
      },
      {
        tocontentpackag: { count: 1, url: 'https://www.npmjs.com/search?q=keywords:color' }
      },
      {
        tocontentpackag: { count: 1, url: 'https://www.npmjs.com/search?q=keywords:retext' }
      },
      {
        tocontentpackag: { count: 1, url: 'https://www.npmjs.com/~wooorm' }
      },
      {
        tocontentpackag: { count: 1, url: 'https://www.npmjs.com/search?q=keywords:escape' }
      },
      {
        tocontentpackag: { count: 1, url: 'https://www.npmjs.com/~sindresorhus' }
      },
      {
        tocontentpackag: { count: 1, url: 'https://www.npmjs.com/~matteo.collina' }
      },
      {
        tocontentpackag: {
          count: 1,
          url: 'https://www.npmjs.com/search?q=keywords:processing'
        }
      },
      {
        tocontentpackag: { count: 1, url: 'https://www.npmjs.com/search?q=keywords:read' }
      },
      {
        tocontentpackag: { count: 1, url: 'https://www.npmjs.com/package/chalk#keywords' }
      },
      {
        tocontentpackag: {
          count: 1,
          url: 'https://www.npmjs.com/search?q=keywords:text-processing'
        }
      },
      {
        tocontentpackag: {
          count: 1,
          url: 'https://www.npmjs.com/search?q=keywords:contents'
        }
      },
      {
        tocontentpackag: { count: 1, url: 'https://www.npmjs.com/search?q=keywords:text' }
      },
      {
        tocontentpackag: { count: 1, url: 'https://www.npmjs.com/search?q=keywords:diff' }
      },
      { tocontentpackag: { count: 1, url: 'https://www.npmjs.com/' } },
      {
        tocontentpackag: { count: 1, url: 'https://www.npmjs.com/search?q=keywords:break' }
      },
      {
        tocontentpackag: {
          count: 1,
          url: 'https://www.npmjs.com/search?q=keywords:encoding'
        }
      },
      {
        tocontentpackag: { count: 1, url: 'https://www.npmjs.com/package/ansi-escapes' }
      },
      {
        tocontentpackag: { count: 1, url: 'https://www.npmjs.com/search?q=keywords:shell' }
      },
      {
        tocontentpackag: { count: 1, url: 'https://www.npmjs.com/package/strip-ansi' }
      },
      {
        tocontentpackag: { count: 1, url: 'https://www.npmjs.com/search?q=keywords:data' }
      },
      {
        tocontentpackag: { count: 1, url: 'https://www.npmjs.com/search?q=keywords:mkdirp' }
      }
    ]

      at Socket.<anonymous> (distribution/local/status.js:75:13)

  console.log
    Child process stdout: sending append with key:  6599473150daf5509378060c8a5121daf5c3029ca7579c2fad1a2704866f0c79
    the values:  [
      {
        searchsign: { count: 1, url: 'https://www.npmjs.com/search?q=keywords:patch' }
      },
      {
        searchsign: { count: 1, url: 'https://www.npmjs.com/search?q=keywords:write' }
      },
      {
        searchsign: {
          count: 1,
          url: 'https://www.npmjs.com/search?q=text&page=299&perPage=20'
        }
      },
      {
        searchsign: {
          count: 1,
          url: 'https://www.npmjs.com/search?q=keywords:utility-functions'
        }
      },
      {
        searchsign: {
          count: 1,
          url: 'https://www.npmjs.com/search?q=keywords:formatting'
        }
      },
      {
        searchsign: {
          count: 1,
          url: 'https://www.npmjs.com/search?q=keywords:console'
        }
      },
      { searchsign: { count: 1, url: 'https://www.npmjs.com/~patorjk' } },
      {
        searchsign: { count: 1, url: 'https://www.npmjs.com/search?q=keywords:strip' }
      },
      {
        searchsign: { count: 1, url: 'https://www.npmjs.com/search?q=keywords:json' }
      },
      {
        searchsign: { count: 1, url: 'https://www.npmjs.com/search?q=keywords:banner' }
      },
      {
        searchsign: { count: 1, url: 'https://www.npmjs.com/search?q=keywords:extra' }
      },
      {
        searchsign: { count: 1, url: 'https://www.npmjs.com/search?q=keywords:color' }
      },
      {
        searchsign: { count: 1, url: 'https://www.npmjs.com/search?q=keywords:retext' }
      },
      { searchsign: { count: 1, url: 'https://www.npmjs.com/~wooorm' } },
      {
        searchsign: { count: 1, url: 'https://www.npmjs.com/search?q=keywords:escape' }
      },
      {
        searchsign: { count: 1, url: 'https://www.npmjs.com/~sindresorhus' }
      },
      {
        searchsign: { count: 1, url: 'https://www.npmjs.com/~matteo.collina' }
      },
      {
        searchsign: {
          count: 1,
          url: 'https://www.npmjs.com/search?q=keywords:processing'
        }
      },
      {
        searchsign: { count: 1, url: 'https://www.npmjs.com/search?q=keywords:read' }
      },
      {
        searchsign: { count: 1, url: 'https://www.npmjs.com/package/chalk#keywords' }
      },
      {
        searchsign: {
          count: 1,
          url: 'https://www.npmjs.com/search?q=keywords:text-processing'
        }
      },
      {
        searchsign: {
          count: 1,
          url: 'https://www.npmjs.com/search?q=keywords:contents'
        }
      },
      {
        searchsign: { count: 1, url: 'https://www.npmjs.com/search?q=keywords:text' }
      },
      {
        searchsign: { count: 1, url: 'https://www.npmjs.com/search?q=keywords:diff' }
      },
      { searchsign: { count: 1, url: 'https://www.npmjs.com/' } },
      {
        searchsign: { count: 1, url: 'https://www.npmjs.com/search?q=keywords:break' }
      },
      {
        searchsign: {
          count: 1,
          url: 'https://www.npmjs.com/search?q=keywords:encoding'
        }
      },
      {
        searchsign: { count: 1, url: 'https://www.npmjs.com/package/ansi-escapes' }
      },
      {
        searchsign: { count: 1, url: 'https://www.npmjs.com/search?q=keywords:shell' }
      },
      {
        searchsign: { count: 1, url: 'https://www.npmjs.com/package/strip-ansi' }
      },
      {
        searchsign: { count: 1, url: 'https://www.npmjs.com/search?q=keywords:data' }
      },
      {
        searchsign: { count: 1, url: 'https://www.npmjs.com/search?q=keywords:mkdirp' }
      }
    ]

      at Socket.<anonymous> (distribution/local/status.js:75:13)

  console.log
    Child process stdout: sending append with key:  1da14ebd38f4eea71c633358b46fa8a7caa51e1f19f1e9d0cb45c914c8ed326e

      at Socket.<anonymous> (distribution/local/status.js:75:13)

  console.log
    Child process stdout: the values:  [
      {
        pro: { count: 1, url: 'https://www.npmjs.com/search?q=keywords:patch' }
      },
      {
        pro: { count: 1, url: 'https://www.npmjs.com/search?q=keywords:write' }
      },
      {
        pro: {
          count: 1,
          url: 'https://www.npmjs.com/search?q=text&page=299&perPage=20'
        }
      },
      {
        pro: {
          count: 1,
          url: 'https://www.npmjs.com/search?q=keywords:utility-functions'
        }
      },
      {
        pro: {
          count: 1,
          url: 'https://www.npmjs.com/search?q=keywords:formatting'
        }
      },
      {
        pro: {
          count: 1,
          url: 'https://www.npmjs.com/search?q=keywords:console'
        }
      },
      { pro: { count: 1, url: 'https://www.npmjs.com/~patorjk' } },
      {
        pro: { count: 1, url: 'https://www.npmjs.com/search?q=keywords:strip' }
      },
      {
        pro: { count: 1, url: 'https://www.npmjs.com/search?q=keywords:json' }
      },
      {
        pro: { count: 1, url: 'https://www.npmjs.com/search?q=keywords:banner' }
      },
      {
        pro: { count: 1, url: 'https://www.npmjs.com/search?q=keywords:extra' }
      },
      {
        pro: { count: 1, url: 'https://www.npmjs.com/search?q=keywords:color' }
      },
      {
        pro: { count: 1, url: 'https://www.npmjs.com/search?q=keywords:retext' }
      },
      { pro: { count: 1, url: 'https://www.npmjs.com/~wooorm' } },
      {
        pro: { count: 1, url: 'https://www.npmjs.com/search?q=keywords:escape' }
      },
      { pro: { count: 1, url: 'https://www.npmjs.com/~sindresorhus' } },
      { pro: { count: 1, url: 'https://www.npmjs.com/~matteo.collina' } },
      {
        pro: {
          count: 1,
          url: 'https://www.npmjs.com/search?q=keywords:processing'
        }
      },
      {
        pro: { count: 1, url: 'https://www.npmjs.com/search?q=keywords:read' }
      },
      {
        pro: { count: 1, url: 'https://www.npmjs.com/package/chalk#keywords' }
      },
      {
        pro: {
          count: 1,
          url: 'https://www.npmjs.com/search?q=keywords:text-processing'
        }
      },
      {
        pro: {
          count: 1,
          url: 'https://www.npmjs.com/search?q=keywords:contents'
        }
      },
      {
        pro: { count: 1, url: 'https://www.npmjs.com/search?q=keywords:text' }
      },
      {
        pro: { count: 1, url: 'https://www.npmjs.com/search?q=keywords:diff' }
      },
      { pro: { count: 3, url: 'https://www.npmjs.com/' } },
      {
        pro: { count: 1, url: 'https://www.npmjs.com/search?q=keywords:break' }
      },
      {
        pro: {
          count: 1,
          url: 'https://www.npmjs.com/search?q=keywords:encoding'
        }
      },
      {
        pro: { count: 1, url: 'https://www.npmjs.com/package/ansi-escapes' }
      },
      {
        pro: { count: 1, url: 'https://www.npmjs.com/search?q=keywords:shell' }
      },
      {
        pro: { count: 1, url: 'https://www.npmjs.com/package/strip-ansi' }
      },
      {
        pro: { count: 1, url: 'https://www.npmjs.com/search?q=keywords:data' }
      },
      {
        pro: { count: 1, url: 'https://www.npmjs.com/search?q=keywords:mkdirp' }
      }
    ]

      at Socket.<anonymous> (distribution/local/status.js:75:13)

  console.log
    Child process stdout: sending append with key:  8dedfffb133ab146eda124bf40f65491e2edc1c968fdd1c718269c8f37a966ba
    the values:  [
      {
        productspro: { count: 1, url: 'https://www.npmjs.com/search?q=keywords:patch' }
      },
      {
        productspro: { count: 1, url: 'https://www.npmjs.com/search?q=keywords:write' }
      },
      {
        productspro: {
          count: 1,
          url: 'https://www.npmjs.com/search?q=text&page=299&perPage=20'
        }
      },
      {
        productspro: {
          count: 1,
          url: 'https://www.npmjs.com/search?q=keywords:utility-functions'
        }
      },
      {
        productspro: {
          count: 1,
          url: 'https://www.npmjs.com/search?q=keywords:formatting'
        }
      },
      {
        productspro: {
          count: 1,
          url: 'https://www.npmjs.com/search?q=keywords:console'
        }
      },
      { productspro: { count: 1, url: 'https://www.npmjs.com/~patorjk' } },
      {
        productspro: { count: 1, url: 'https://www.npmjs.com/search?q=keywords:strip' }
      },
      {
        productspro: { count: 1, url: 'https://www.npmjs.com/search?q=keywords:json' }
      },
      {
        productspro: { count: 1, url: 'https://www.npmjs.com/search?q=keywords:banner' }
      },
      {
        productspro: { count: 1, url: 'https://www.npmjs.com/search?q=keywords:extra' }
      },
      {
        productspro: { count: 1, url: 'https://www.npmjs.com/search?q=keywords:color' }
      },
      {
        productspro: { count: 1, url: 'https://www.npmjs.com/search?q=keywords:retext' }
      },
      { productspro: { count: 1, url: 'https://www.npmjs.com/~wooorm' } },
      {
        productspro: { count: 1, url: 'https://www.npmjs.com/search?q=keywords:escape' }
      },
      {
        productspro: { count: 1, url: 'https://www.npmjs.com/~sindresorhus' }
      },
      {
        productspro: { count: 1, url: 'https://www.npmjs.com/~matteo.collina' }
      },
      {
        productspro: {
          count: 1,
          url: 'https://www.npmjs.com/search?q=keywords:processing'
        }
      },
      {
        productspro: { count: 1, url: 'https://www.npmjs.com/search?q=keywords:read' }
      },
      {
        productspro: { count: 1, url: 'https://www.npmjs.com/package/chalk#keywords' }
      },
      {
        productspro: {
          count: 1,
          url: 'https://www.npmjs.com/search?q=keywords:text-processing'
        }
      },
      {
        productspro: {
          count: 1,
          url: 'https://www.npmjs.com/search?q=keywords:contents'
        }
      },
      {
        productspro: { count: 1, url: 'https://www.npmjs.com/search?q=keywords:text' }
      },
      {
        productspro: { count: 1, url: 'https://www.npmjs.com/search?q=keywords:diff' }
      },
      { productspro: { count: 1, url: 'https://www.npmjs.com/' } },
      {
        productspro: { count: 1, url: 'https://www.npmjs.com/search?q=keywords:break' }
      },
      {
        productspro: {
          count: 1,
          url: 'https://www.npmjs.com/search?q=keywords:encoding'
        }
      },
      {
        productspro: { count: 1, url: 'https://www.npmjs.com/package/ansi-escapes' }
      },
      {
        productspro: { count: 1, url: 'https://www.npmjs.com/search?q=keywords:shell' }
      },
      {
        productspro: { count: 1, url: 'https://www.npmjs.com/package/strip-ansi' }
      },
      {
        productspro: { count: 1, url: 'https://www.npmjs.com/search?q=keywords:data' }
      },
      {
        productspro: { count: 1, url: 'https://www.npmjs.com/search?q=keywords:mkdirp' }
      }
    ]

      at Socket.<anonymous> (distribution/local/status.js:75:13)

  console.log
    Child process stdout: sending append with key:  76cafae2c841f698bcafac086a1e142b405e3ba87d10e7405a6631be7c8eba56

      at Socket.<anonymous> (distribution/local/status.js:75:13)

  console.log
    Child process stdout: the values:  [
      {
        team: { count: 1, url: 'https://www.npmjs.com/search?q=keywords:patch' }
      },
      {
        team: { count: 1, url: 'https://www.npmjs.com/search?q=keywords:write' }
      },
      {
        team: {
          count: 1,
          url: 'https://www.npmjs.com/search?q=text&page=299&perPage=20'
        }
      },
      {
        team: {
          count: 1,
          url: 'https://www.npmjs.com/search?q=keywords:utility-functions'
        }
      },
      {
        team: {
          count: 1,
          url: 'https://www.npmjs.com/search?q=keywords:formatting'
        }
      },
      {
        team: {
          count: 1,
          url: 'https://www.npmjs.com/search?q=keywords:console'
        }
      },
      { team: { count: 1, url: 'https://www.npmjs.com/~patorjk' } },
      {
        team: { count: 1, url: 'https://www.npmjs.com/search?q=keywords:strip' }
      },
      {
        team: { count: 1, url: 'https://www.npmjs.com/search?q=keywords:json' }
      },
      {
        team: { count: 1, url: 'https://www.npmjs.com/search?q=keywords:banner' }
      },
      {
        team: { count: 1, url: 'https://www.npmjs.com/search?q=keywords:extra' }
      },
      {
        team: { count: 1, url: 'https://www.npmjs.com/search?q=keywords:color' }
      },
      {
        team: { count: 1, url: 'https://www.npmjs.com/search?q=keywords:retext' }
      },
      { team: { count: 1, url: 'https://www.npmjs.com/~wooorm' } },
      {
        team: { count: 1, url: 'https://www.npmjs.com/search?q=keywords:escape' }
      },
      { team: { count: 1, url: 'https://www.npmjs.com/~sindresorhus' } },
      { team: { count: 1, url: 'https://www.npmjs.com/~matteo.collina' } },
      {
        team: {
          count: 1,
          url: 'https://www.npmjs.com/search?q=keywords:processing'
        }
      },
      {
        team: { count: 1, url: 'https://www.npmjs.com/search?q=keywords:read' }
      },
      {
        team: { count: 1, url: 'https://www.npmjs.com/package/chalk#keywords' }
      },
      {
        team: {
          count: 1,
          url: 'https://www.npmjs.com/search?q=keywords:text-processing'
        }
      },
      {
        team: {
          count: 1,
          url: 'https://www.npmjs.com/search?q=keywords:contents'
        }
      },
      {
        team: { count: 1, url: 'https://www.npmjs.com/search?q=keywords:text' }
      },
      {
        team: { count: 1, url: 'https://www.npmjs.com/search?q=keywords:diff' }
      },
      { team: { count: 2, url: 'https://www.npmjs.com/' } },
      {
        team: { count: 1, url: 'https://www.npmjs.com/search?q=keywords:break' }
      },
      {
        team: {
          count: 1,
          url: 'https://www.npmjs.com/search?q=keywords:encoding'
        }
      },
      {
        team: { count: 1, url: 'https://www.npmjs.com/package/ansi-escapes' }
      },
      {
        team: { count: 1, url: 'https://www.npmjs.com/search?q=keywords:shell' }
      },
      {
        team: { count: 1, url: 'https://www.npmjs.com/package/strip-ansi' }
      },
      {
        team: { count: 1, url: 'https://www.npmjs.com/search?q=keywords:data' }
      },
      {
        team: { count: 1, url: 'https://www.npmjs.com/search?q=keywords:mkdirp' }
      }
    ]

      at Socket.<anonymous> (distribution/local/status.js:75:13)

  console.log
    Child process stdout: sending append with key:  022661058b3e31bf923632c554408dd24ad2f682b534f0e2d6692f5b63bb65ce
    the values:  [
      {
        productsteam: { count: 1, url: 'https://www.npmjs.com/search?q=keywords:patch' }
      },
      {
        productsteam: { count: 1, url: 'https://www.npmjs.com/search?q=keywords:write' }
      },
      {
        productsteam: {
          count: 1,
          url: 'https://www.npmjs.com/search?q=text&page=299&perPage=20'
        }
      },
      {
        productsteam: {
          count: 1,
          url: 'https://www.npmjs.com/search?q=keywords:utility-functions'
        }
      },
      {
        productsteam: {
          count: 1,
          url: 'https://www.npmjs.com/search?q=keywords:formatting'
        }
      },
      {
        productsteam: {
          count: 1,
          url: 'https://www.npmjs.com/search?q=keywords:console'
        }
      },
      { productsteam: { count: 1, url: 'https://www.npmjs.com/~patorjk' } },
      {
        productsteam: { count: 1, url: 'https://www.npmjs.com/search?q=keywords:strip' }
      },
      {
        productsteam: { count: 1, url: 'https://www.npmjs.com/search?q=keywords:json' }
      },
      {
        productsteam: { count: 1, url: 'https://www.npmjs.com/search?q=keywords:banner' }
      },
      {
        productsteam: { count: 1, url: 'https://www.npmjs.com/search?q=keywords:extra' }
      },
      {
        productsteam: { count: 1, url: 'https://www.npmjs.com/search?q=keywords:color' }
      },
      {
        productsteam: { count: 1, url: 'https://www.npmjs.com/search?q=keywords:retext' }
      },
      { productsteam: { count: 1, url: 'https://www.npmjs.com/~wooorm' } },
      {
        productsteam: { count: 1, url: 'https://www.npmjs.com/search?q=keywords:escape' }
      },
      {
        productsteam: { count: 1, url: 'https://www.npmjs.com/~sindresorhus' }
      },
      {
        productsteam: { count: 1, url: 'https://www.npmjs.com/~matteo.collina' }
      },
      {
        productsteam: {
          count: 1,
          url: 'https://www.npmjs.com/search?q=keywords:processing'
        }
      },
      {
        productsteam: { count: 1, url: 'https://www.npmjs.com/search?q=keywords:read' }
      },
      {
        productsteam: { count: 1, url: 'https://www.npmjs.com/package/chalk#keywords' }
      },
      {
        productsteam: {
          count: 1,
          url: 'https://www.npmjs.com/search?q=keywords:text-processing'
        }
      },
      {
        productsteam: {
          count: 1,
          url: 'https://www.npmjs.com/search?q=keywords:contents'
        }
      },
      {
        productsteam: { count: 1, url: 'https://www.npmjs.com/search?q=keywords:text' }
      },
      {
        productsteam: { count: 1, url: 'https://www.npmjs.com/search?q=keywords:diff' }
      },
      { productsteam: { count: 1, url: 'https://www.npmjs.com/' } },
      {
        productsteam: { count: 1, url: 'https://www.npmjs.com/search?q=keywords:break' }
      },
      {
        productsteam: {
          count: 1,
          url: 'https://www.npmjs.com/search?q=keywords:encoding'
        }
      },
      {
        productsteam: { count: 1, url: 'https://www.npmjs.com/package/ansi-escapes' }
      },
      {
        productsteam: { count: 1, url: 'https://www.npmjs.com/search?q=keywords:shell' }
      },
      {
        productsteam: { count: 1, url: 'https://www.npmjs.com/package/strip-ansi' }
      },
      {
        productsteam: { count: 1, url: 'https://www.npmjs.com/search?q=keywords:data' }
      },
      {
        productsteam: { count: 1, url: 'https://www.npmjs.com/search?q=keywords:mkdirp' }
      }
    ]

      at Socket.<anonymous> (distribution/local/status.js:75:13)

  console.log
    Child process stdout: sending append with key:  a10390916f8a8cd88f6cbcfdb3d4375ab9f5f83530ae99c158ae0fe6bbe6a4a6

      at Socket.<anonymous> (distribution/local/status.js:75:13)

  console.log
    Child process stdout: the values:  [
      {
        price: { count: 1, url: 'https://www.npmjs.com/search?q=keywords:patch' }
      },
      {
        price: { count: 1, url: 'https://www.npmjs.com/search?q=keywords:write' }
      },
      {
        price: {
          count: 1,
          url: 'https://www.npmjs.com/search?q=text&page=299&perPage=20'
        }
      },
      {
        price: {
          count: 1,
          url: 'https://www.npmjs.com/search?q=keywords:utility-functions'
        }
      },
      {
        price: {
          count: 1,
          url: 'https://www.npmjs.com/search?q=keywords:formatting'
        }
      },
      {
        price: {
          count: 1,
          url: 'https://www.npmjs.com/search?q=keywords:console'
        }
      },
      { price: { count: 1, url: 'https://www.npmjs.com/~patorjk' } },
      {
        price: { count: 1, url: 'https://www.npmjs.com/search?q=keywords:strip' }
      },
      {
        price: { count: 1, url: 'https://www.npmjs.com/search?q=keywords:json' }
      },
      {
        price: { count: 1, url: 'https://www.npmjs.com/search?q=keywords:banner' }
      },
      {
        price: { count: 1, url: 'https://www.npmjs.com/search?q=keywords:extra' }
      },
      {
        price: { count: 1, url: 'https://www.npmjs.com/search?q=keywords:color' }
      },
      {
        price: { count: 1, url: 'https://www.npmjs.com/search?q=keywords:retext' }
      },
      { price: { count: 1, url: 'https://www.npmjs.com/~wooorm' } },
      {
        price: { count: 1, url: 'https://www.npmjs.com/search?q=keywords:escape' }
      },
      { price: { count: 1, url: 'https://www.npmjs.com/~sindresorhus' } },
      { price: { count: 1, url: 'https://www.npmjs.com/~matteo.collina' } },
      {
        price: {
          count: 1,
          url: 'https://www.npmjs.com/search?q=keywords:processing'
        }
      },
      {
        price: { count: 1, url: 'https://www.npmjs.com/search?q=keywords:read' }
      },
      {
        price: { count: 1, url: 'https://www.npmjs.com/package/chalk#keywords' }
      },
      {
        price: {
          count: 1,
          url: 'https://www.npmjs.com/search?q=keywords:text-processing'
        }
      },
      {
        price: {
          count: 1,
          url: 'https://www.npmjs.com/search?q=keywords:contents'
        }
      },
      {
        price: { count: 1, url: 'https://www.npmjs.com/search?q=keywords:text' }
      },
      {
        price: { count: 1, url: 'https://www.npmjs.com/search?q=keywords:diff' }
      },
      { price: { count: 1, url: 'https://www.npmjs.com/' } },
      {
        price: { count: 1, url: 'https://www.npmjs.com/search?q=keywords:break' }
      },
      {
        price: {
          count: 1,
          url: 'https://www.npmjs.com/search?q=keywords:encoding'
        }
      },
      {
        price: { count: 1, url: 'https://www.npmjs.com/package/ansi-escapes' }
      },
      {
        price: { count: 1, url: 'https://www.npmjs.com/search?q=keywords:shell' }
      },
      {
        price: { count: 1, url: 'https://www.npmjs.com/package/strip-ansi' }
      },
      {
        price: { count: 1, url: 'https://www.npmjs.com/search?q=keywords:data' }
      },
      {
        price: { count: 1, url: 'https://www.npmjs.com/search?q=keywords:mkdirp' }
      }
    ]

      at Socket.<anonymous> (distribution/local/status.js:75:13)

  console.log
    Child process stdout: sending append with key:  19e9a307da181df37f52fe2ffa680b0510c1968f8e86ff3afd182b7c3dd76a43

      at Socket.<anonymous> (distribution/local/status.js:75:13)

  console.log
    Child process stdout: the values:  [
      {
        product: { count: 1, url: 'https://www.npmjs.com/search?q=keywords:patch' }
      },
      {
        product: { count: 1, url: 'https://www.npmjs.com/search?q=keywords:write' }
      },
      {
        product: {
          count: 1,
          url: 'https://www.npmjs.com/search?q=text&page=299&perPage=20'
        }
      },
      {
        product: {
          count: 1,
          url: 'https://www.npmjs.com/search?q=keywords:utility-functions'
        }
      },
      {
        product: {
          count: 1,
          url: 'https://www.npmjs.com/search?q=keywords:formatting'
        }
      },
      {
        product: {
          count: 1,
          url: 'https://www.npmjs.com/search?q=keywords:console'
        }
      },
      { product: { count: 1, url: 'https://www.npmjs.com/~patorjk' } },
      {
        product: { count: 1, url: 'https://www.npmjs.com/search?q=keywords:strip' }
      },
      {
        product: { count: 1, url: 'https://www.npmjs.com/search?q=keywords:json' }
      },
      {
        product: { count: 1, url: 'https://www.npmjs.com/search?q=keywords:banner' }
      },
      {
        product: { count: 1, url: 'https://www.npmjs.com/search?q=keywords:extra' }
      },
      {
        product: { count: 1, url: 'https://www.npmjs.com/search?q=keywords:color' }
      },
      {
        product: { count: 1, url: 'https://www.npmjs.com/search?q=keywords:retext' }
      },
      { product: { count: 1, url: 'https://www.npmjs.com/~wooorm' } },
      {
        product: { count: 1, url: 'https://www.npmjs.com/search?q=keywords:escape' }
      },
      { product: { count: 1, url: 'https://www.npmjs.com/~sindresorhus' } },
      {
        product: { count: 1, url: 'https://www.npmjs.com/~matteo.collina' }
      },
      {
        product: {
          count: 1,
          url: 'https://www.npmjs.com/search?q=keywords:processing'
        }
      },
      {
        product: { count: 1, url: 'https://www.npmjs.com/search?q=keywords:read' }
      },
      {
        product: { count: 1, url: 'https://www.npmjs.com/package/chalk#keywords' }
      },
      {
        product: {
          count: 1,
          url: 'https://www.npmjs.com/search?q=keywords:text-processing'
        }
      },
      {
        product: {
          count: 1,
          url: 'https://www.npmjs.com/search?q=keywords:contents'
        }
      },
      {
        product: { count: 1, url: 'https://www.npmjs.com/search?q=keywords:text' }
      },
      {
        product: { count: 1, url: 'https://www.npmjs.com/search?q=keywords:diff' }
      },
      { product: { count: 2, url: 'https://www.npmjs.com/' } },
      {
        product: { count: 1, url: 'https://www.npmjs.com/search?q=keywords:break' }
      },
      {
        product: {
          count: 1,
          url: 'https://www.npmjs.com/search?q=keywords:encoding'
        }
      },
      {
        product: { count: 1, url: 'https://www.npmjs.com/package/ansi-escapes' }
      },
      {
        product: { count: 1, url: 'https://www.npmjs.com/search?q=keywords:shell' }
      },
      {
        product: { count: 1, url: 'https://www.npmjs.com/package/strip-ansi' }
      },
      {
        product: { count: 1, url: 'https://www.npmjs.com/search?q=keywords:data' }
      },
      {
        product: { count: 1, url: 'https://www.npmjs.com/search?q=keywords:mkdirp' }
      }
    ]

      at Socket.<anonymous> (distribution/local/status.js:75:13)

  console.log
    Child process stdout: sending append with key:  9272f046af66f0f088d2b4f1a80b86df5ad93f722de4289619dafdcb6b979a5c

      at Socket.<anonymous> (distribution/local/status.js:75:13)

  console.log
    Child process stdout: the values:  [
      {
        document: { count: 1, url: 'https://www.npmjs.com/search?q=keywords:patch' }
      },
      {
        document: { count: 1, url: 'https://www.npmjs.com/search?q=keywords:write' }
      },
      {
        document: {
          count: 1,
          url: 'https://www.npmjs.com/search?q=text&page=299&perPage=20'
        }
      },
      {
        document: {
          count: 1,
          url: 'https://www.npmjs.com/search?q=keywords:utility-functions'
        }
      },
      {
        document: {
          count: 1,
          url: 'https://www.npmjs.com/search?q=keywords:formatting'
        }
      },
      {
        document: {
          count: 1,
          url: 'https://www.npmjs.com/search?q=keywords:console'
        }
      },
      { document: { count: 1, url: 'https://www.npmjs.com/~patorjk' } },
      {
        document: { count: 1, url: 'https://www.npmjs.com/search?q=keywords:strip' }
      },
      {
        document: { count: 1, url: 'https://www.npmjs.com/search?q=keywords:json' }
      },
      {
        document: { count: 1, url: 'https://www.npmjs.com/search?q=keywords:banner' }
      },
      {
        document: { count: 1, url: 'https://www.npmjs.com/search?q=keywords:extra' }
      },
      {
        document: { count: 1, url: 'https://www.npmjs.com/search?q=keywords:color' }
      },
      {
        document: { count: 1, url: 'https://www.npmjs.com/search?q=keywords:retext' }
      },
      { document: { count: 1, url: 'https://www.npmjs.com/~wooorm' } },
      {
        document: { count: 1, url: 'https://www.npmjs.com/search?q=keywords:escape' }
      },
      {
        document: { count: 1, url: 'https://www.npmjs.com/~sindresorhus' }
      },
      {
        document: { count: 1, url: 'https://www.npmjs.com/~matteo.collina' }
      },
      {
        document: {
          count: 1,
          url: 'https://www.npmjs.com/search?q=keywords:processing'
        }
      },
      {
        document: { count: 1, url: 'https://www.npmjs.com/search?q=keywords:read' }
      },
      {
        document: { count: 1, url: 'https://www.npmjs.com/package/chalk#keywords' }
      },
      {
        document: {
          count: 1,
          url: 'https://www.npmjs.com/search?q=keywords:text-processing'
        }
      },
      {
        document: {
          count: 5,
          url: 'https://www.npmjs.com/search?q=keywords:contents'
        }
      },
      {
        document: { count: 1, url: 'https://www.npmjs.com/search?q=keywords:text' }
      },
      {
        document: { count: 1, url: 'https://www.npmjs.com/search?q=keywords:diff' }
      },
      { document: { count: 1, url: 'https://www.npmjs.com/' } },
      {
        document: { count: 1, url: 'https://www.npmjs.com/search?q=keywords:break' }
      },
      {
        document: {
          count: 1,
          url: 'https://www.npmjs.com/search?q=keywords:encoding'
        }
      },
      {
        document: { count: 1, url: 'https://www.npmjs.com/package/ansi-escapes' }
      },
      {
        document: { count: 1, url: 'https://www.npmjs.com/search?q=keywords:shell' }
      },
      {
        document: { count: 1, url: 'https://www.npmjs.com/package/strip-ansi' }
      },
      {
        document: { count: 2, url: 'https://www.npmjs.com/search?q=keywords:data' }
      },
      {
        document: { count: 1, url: 'https://www.npmjs.com/search?q=keywords:mkdirp' }
      }
    ]

      at Socket.<anonymous> (distribution/local/status.js:75:13)

  console.log
    Child process stdout: sending append with key:  d6ac06530dd03866285ba4763154510e4b7f49ab22b5f5758be69e0739d442a3

      at Socket.<anonymous> (distribution/local/status.js:75:13)

  console.log
    Child process stdout: the values:  [
      {
        httpsdocsnpmjscomnpmsearchsign: { count: 1, url: 'https://www.npmjs.com/search?q=keywords:patch' }
      },
      {
        httpsdocsnpmjscomnpmsearchsign: { count: 1, url: 'https://www.npmjs.com/search?q=keywords:write' }
      },
      {
        httpsdocsnpmjscomnpmsearchsign: {
          count: 1,
          url: 'https://www.npmjs.com/search?q=text&page=299&perPage=20'
        }
      },
      {
        httpsdocsnpmjscomnpmsearchsign: {
          count: 1,
          url: 'https://www.npmjs.com/search?q=keywords:utility-functions'
        }
      },
      {
        httpsdocsnpmjscomnpmsearchsign: {
          count: 1,
          url: 'https://www.npmjs.com/search?q=keywords:formatting'
        }
      },
      {
        httpsdocsnpmjscomnpmsearchsign: {
          count: 1,
          url: 'https://www.npmjs.com/search?q=keywords:console'
        }
      },
      {
        httpsdocsnpmjscomnpmsearchsign: { count: 1, url: 'https://www.npmjs.com/~patorjk' }
      },
      {
        httpsdocsnpmjscomnpmsearchsign: { count: 1, url: 'https://www.npmjs.com/search?q=keywords:strip' }
      },
      {
        httpsdocsnpmjscomnpmsearchsign: { count: 1, url: 'https://www.npmjs.com/search?q=keywords:json' }
      },
      {
        httpsdocsnpmjscomnpmsearchsign: { count: 1, url: 'https://www.npmjs.com/search?q=keywords:banner' }
      },
      {
        httpsdocsnpmjscomnpmsearchsign: { count: 1, url: 'https://www.npmjs.com/search?q=keywords:extra' }
      },
      {
        httpsdocsnpmjscomnpmsearchsign: { count: 1, url: 'https://www.npmjs.com/search?q=keywords:color' }
      },
      {
        httpsdocsnpmjscomnpmsearchsign: { count: 1, url: 'https://www.npmjs.com/search?q=keywords:retext' }
      },
      {
        httpsdocsnpmjscomnpmsearchsign: { count: 1, url: 'https://www.npmjs.com/~wooorm' }
      },
      {
        httpsdocsnpmjscomnpmsearchsign: { count: 1, url: 'https://www.npmjs.com/search?q=keywords:escape' }
      },
      {
        httpsdocsnpmjscomnpmsearchsign: { count: 1, url: 'https://www.npmjs.com/~sindresorhus' }
      },
      {
        httpsdocsnpmjscomnpmsearchsign: { count: 1, url: 'https://www.npmjs.com/~matteo.collina' }
      },
      {
        httpsdocsnpmjscomnpmsearchsign: {
          count: 1,
          url: 'https://www.npmjs.com/search?q=keywords:processing'
        }
      },
      {
        httpsdocsnpmjscomnpmsearchsign: { count: 1, url: 'https://www.npmjs.com/search?q=keywords:read' }
      },
      {
        httpsdocsnpmjscomnpmsearchsign: { count: 1, url: 'https://www.npmjs.com/package/chalk#keywords' }
      },
      {
        httpsdocsnpmjscomnpmsearchsign: {
          count: 1,
          url: 'https://www.npmjs.com/search?q=keywords:text-processing'
        }
      },
      {
        httpsdocsnpmjscomnpmsearchsign: {
          count: 1,
          url: 'https://www.npmjs.com/search?q=keywords:contents'
        }
      },
      {
        httpsdocsnpmjscomnpmsearchsign: { count: 1, url: 'https://www.npmjs.com/search?q=keywords:text' }
      },
      {
        httpsdocsnpmjscomnpmsearchsign: { count: 1, url: 'https://www.npmjs.com/search?q=keywords:diff' }
      },
      {
        httpsdocsnpmjscomnpmsearchsign: { count: 1, url: 'https://www.npmjs.com/' }
      },
      {
        httpsdocsnpmjscomnpmsearchsign: { count: 1, url: 'https://www.npmjs.com/search?q=keywords:break' }
      },
      {
        httpsdocsnpmjscomnpmsearchsign: {
          count: 1,
          url: 'https://www.npmjs.com/search?q=keywords:encoding'
        }
      },
      {
        httpsdocsnpmjscomnpmsearchsign: { count: 1, url: 'https://www.npmjs.com/package/ansi-escapes' }
      },
      {
        httpsdocsnpmjscomnpmsearchsign: { count: 1, url: 'https://www.npmjs.com/search?q=keywords:shell' }
      },
      {
        httpsdocsnpmjscomnpmsearchsign: { count: 1, url: 'https://www.npmjs.com/package/strip-ansi' }
      },
      {
        httpsdocsnpmjscomnpmsearchsign: { count: 1, url: 'https://www.npmjs.com/search?q=keywords:data' }
      },
      {
        httpsdocsnpmjscomnpmsearchsign: { count: 1, url: 'https://www.npmjs.com/search?q=keywords:mkdirp' }
      }
    ]

      at Socket.<anonymous> (distribution/local/status.js:75:13)

  console.log
    Child process stdout: sending append with key:  3b5f292ffdc22820f1e4737b74be283f6010ebb58cc97739a5c26966f813b045

      at Socket.<anonymous> (distribution/local/status.js:75:13)

  console.log
    Child process stdout: the values:  [
      {
        signupsign: { count: 1, url: 'https://www.npmjs.com/search?q=keywords:patch' }
      },
      {
        signupsign: { count: 1, url: 'https://www.npmjs.com/search?q=keywords:write' }
      },
      {
        signupsign: {
          count: 1,
          url: 'https://www.npmjs.com/search?q=text&page=299&perPage=20'
        }
      },
      {
        signupsign: {
          count: 1,
          url: 'https://www.npmjs.com/search?q=keywords:utility-functions'
        }
      },
      {
        signupsign: {
          count: 1,
          url: 'https://www.npmjs.com/search?q=keywords:formatting'
        }
      },
      {
        signupsign: {
          count: 1,
          url: 'https://www.npmjs.com/search?q=keywords:console'
        }
      },
      { signupsign: { count: 1, url: 'https://www.npmjs.com/~patorjk' } },
      {
        signupsign: { count: 1, url: 'https://www.npmjs.com/search?q=keywords:strip' }
      },
      {
        signupsign: { count: 1, url: 'https://www.npmjs.com/search?q=keywords:json' }
      },
      {
        signupsign: { count: 1, url: 'https://www.npmjs.com/search?q=keywords:banner' }
      },
      {
        signupsign: { count: 1, url: 'https://www.npmjs.com/search?q=keywords:extra' }
      },
      {
        signupsign: { count: 1, url: 'https://www.npmjs.com/search?q=keywords:color' }
      },
      {
        signupsign: { count: 1, url: 'https://www.npmjs.com/search?q=keywords:retext' }
      },
      { signupsign: { count: 1, url: 'https://www.npmjs.com/~wooorm' } },
      {
        signupsign: { count: 1, url: 'https://www.npmjs.com/search?q=keywords:escape' }
      },
      {
        signupsign: { count: 1, url: 'https://www.npmjs.com/~sindresorhus' }
      },
      {
        signupsign: { count: 1, url: 'https://www.npmjs.com/~matteo.collina' }
      },
      {
        signupsign: {
          count: 1,
          url: 'https://www.npmjs.com/search?q=keywords:processing'
        }
      },
      {
        signupsign: { count: 1, url: 'https://www.npmjs.com/search?q=keywords:read' }
      },
      {
        signupsign: { count: 1, url: 'https://www.npmjs.com/package/chalk#keywords' }
      },
      {
        signupsign: {
          count: 1,
          url: 'https://www.npmjs.com/search?q=keywords:text-processing'
        }
      },
      {
        signupsign: {
          count: 1,
          url: 'https://www.npmjs.com/search?q=keywords:contents'
        }
      },
      {
        signupsign: { count: 1, url: 'https://www.npmjs.com/search?q=keywords:text' }
      },
      {
        signupsign: { count: 1, url: 'https://www.npmjs.com/search?q=keywords:diff' }
      },
      { signupsign: { count: 1, url: 'https://www.npmjs.com/' } },
      {
        signupsign: { count: 1, url: 'https://www.npmjs.com/search?q=keywords:break' }
      },
      {
        signupsign: {
          count: 1,
          url: 'https://www.npmjs.com/search?q=keywords:encoding'
        }
      },
      {
        signupsign: { count: 1, url: 'https://www.npmjs.com/package/ansi-escapes' }
      },
      {
        signupsign: { count: 1, url: 'https://www.npmjs.com/search?q=keywords:shell' }
      },
      {
        signupsign: { count: 1, url: 'https://www.npmjs.com/package/strip-ansi' }
      },
      {
        signupsign: { count: 1, url: 'https://www.npmjs.com/search?q=keywords:data' }
      },
      {
        signupsign: { count: 1, url: 'https://www.npmjs.com/search?q=keywords:mkdirp' }
      }
    ]

      at Socket.<anonymous> (distribution/local/status.js:75:13)

  console.log
    Child process stdout: sending append with key:  db8fd594363bed3ba5e3b154e425c7027200e3b06bd105bd5b1026fc80b7f09d

      at Socket.<anonymous> (distribution/local/status.js:75:13)

  console.log
    Child process stdout: the values:  [
      {
        loginsearch: { count: 1, url: 'https://www.npmjs.com/search?q=keywords:patch' }
      },
      {
        loginsearch: { count: 1, url: 'https://www.npmjs.com/search?q=keywords:write' }
      },
      {
        loginsearch: {
          count: 1,
          url: 'https://www.npmjs.com/search?q=text&page=299&perPage=20'
        }
      },
      {
        loginsearch: {
          count: 1,
          url: 'https://www.npmjs.com/search?q=keywords:utility-functions'
        }
      },
      {
        loginsearch: {
          count: 1,
          url: 'https://www.npmjs.com/search?q=keywords:formatting'
        }
      },
      {
        loginsearch: {
          count: 1,
          url: 'https://www.npmjs.com/search?q=keywords:console'
        }
      },
      {
        loginsearch: { count: 1, url: 'https://www.npmjs.com/search?q=keywords:strip' }
      },
      {
        loginsearch: { count: 1, url: 'https://www.npmjs.com/search?q=keywords:json' }
      },
      {
        loginsearch: { count: 1, url: 'https://www.npmjs.com/search?q=keywords:banner' }
      },
      {
        loginsearch: { count: 1, url: 'https://www.npmjs.com/search?q=keywords:extra' }
      },
      {
        loginsearch: { count: 1, url: 'https://www.npmjs.com/search?q=keywords:color' }
      },
      {
        loginsearch: { count: 1, url: 'https://www.npmjs.com/search?q=keywords:retext' }
      },
      {
        loginsearch: { count: 1, url: 'https://www.npmjs.com/search?q=keywords:escape' }
      },
      {
        loginsearch: {
          count: 1,
          url: 'https://www.npmjs.com/search?q=keywords:processing'
        }
      },
      {
        loginsearch: { count: 1, url: 'https://www.npmjs.com/search?q=keywords:read' }
      },
      {
        loginsearch: {
          count: 1,
          url: 'https://www.npmjs.com/search?q=keywords:text-processing'
        }
      },
      {
        loginsearch: {
          count: 1,
          url: 'https://www.npmjs.com/search?q=keywords:contents'
        }
      },
      {
        loginsearch: { count: 1, url: 'https://www.npmjs.com/search?q=keywords:text' }
      },
      {
        loginsearch: { count: 1, url: 'https://www.npmjs.com/search?q=keywords:diff' }
      },
      {
        loginsearch: { count: 1, url: 'https://www.npmjs.com/search?q=keywords:break' }
      },
      {
        loginsearch: {
          count: 1,
          url: 'https://www.npmjs.com/search?q=keywords:encoding'
        }
      },
      {
        loginsearch: { count: 1, url: 'https://www.npmjs.com/search?q=keywords:shell' }
      },
      {
        loginsearch: { count: 1, url: 'https://www.npmjs.com/search?q=keywords:data' }
      },
      {
        loginsearch: { count: 1, url: 'https://www.npmjs.com/search?q=keywords:mkdirp' }
      }
    ]

      at Socket.<anonymous> (distribution/local/status.js:75:13)

  console.log
    Child process stdout: sending append with key:  31a288bba73bdcc8567fce8e10d40b89f1dc1aa9e34ca9817a57be0e9bd638a0

      at Socket.<anonymous> (distribution/local/status.js:75:13)

  console.log
    Child process stdout: the values:  [
      {
        result: { count: 1, url: 'https://www.npmjs.com/search?q=keywords:patch' }
      },
      {
        result: { count: 1, url: 'https://www.npmjs.com/search?q=keywords:write' }
      },
      {
        result: {
          count: 1,
          url: 'https://www.npmjs.com/search?q=text&page=299&perPage=20'
        }
      },
      {
        result: {
          count: 1,
          url: 'https://www.npmjs.com/search?q=keywords:utility-functions'
        }
      },
      {
        result: {
          count: 1,
          url: 'https://www.npmjs.com/search?q=keywords:formatting'
        }
      },
      {
        result: {
          count: 1,
          url: 'https://www.npmjs.com/search?q=keywords:console'
        }
      },
      {
        result: { count: 1, url: 'https://www.npmjs.com/search?q=keywords:strip' }
      },
      {
        result: { count: 3, url: 'https://www.npmjs.com/search?q=keywords:json' }
      },
      {
        result: { count: 1, url: 'https://www.npmjs.com/search?q=keywords:banner' }
      },
      {
        result: { count: 1, url: 'https://www.npmjs.com/search?q=keywords:extra' }
      },
      {
        result: { count: 1, url: 'https://www.npmjs.com/search?q=keywords:color' }
      },
      {
        result: { count: 1, url: 'https://www.npmjs.com/search?q=keywords:retext' }
      },
      {
        result: { count: 1, url: 'https://www.npmjs.com/search?q=keywords:escape' }
      },
      { result: { count: 2, url: 'https://www.npmjs.com/~sindresorhus' } },
      {
        result: {
          count: 1,
          url: 'https://www.npmjs.com/search?q=keywords:processing'
        }
      },
      {
        result: { count: 1, url: 'https://www.npmjs.com/search?q=keywords:read' }
      },
      {
        result: {
          count: 1,
          url: 'https://www.npmjs.com/search?q=keywords:text-processing'
        }
      },
      {
        result: {
          count: 1,
          url: 'https://www.npmjs.com/search?q=keywords:contents'
        }
      },
      {
        result: { count: 1, url: 'https://www.npmjs.com/search?q=keywords:text' }
      },
      {
        result: { count: 1, url: 'https://www.npmjs.com/search?q=keywords:diff' }
      },
      {
        result: { count: 1, url: 'https://www.npmjs.com/search?q=keywords:break' }
      },
      {
        result: {
          count: 1,
          url: 'https://www.npmjs.com/search?q=keywords:encoding'
        }
      },
      {
        result: { count: 1, url: 'https://www.npmjs.com/search?q=keywords:shell' }
      },
      {
        result: { count: 1, url: 'https://www.npmjs.com/search?q=keywords:data' }
      },
      {
        result: { count: 1, url: 'https://www.npmjs.com/search?q=keywords:mkdirp' }
      }
    ]
    sending append with key:  a8a51bf344356464cf6d04b6c2781baeaf9b54313ce61e5c63c2a9c7dc11898f

      at Socket.<anonymous> (distribution/local/status.js:75:13)

  console.log
    Child process stdout: the values:  [
      {
        packag: { count: 2, url: 'https://www.npmjs.com/search?q=keywords:patch' }
      },
      {
        packag: { count: 2, url: 'https://www.npmjs.com/search?q=keywords:write' }
      },
      {
        packag: {
          count: 1,
          url: 'https://www.npmjs.com/search?q=text&page=299&perPage=20'
        }
      },
      {
        packag: {
          count: 2,
          url: 'https://www.npmjs.com/search?q=keywords:utility-functions'
        }
      },
      {
        packag: {
          count: 2,
          url: 'https://www.npmjs.com/search?q=keywords:formatting'
        }
      },
      {
        packag: {
          count: 1,
          url: 'https://www.npmjs.com/search?q=keywords:console'
        }
      },
      { packag: { count: 1, url: 'https://www.npmjs.com/~patorjk' } },
      {
        packag: { count: 1, url: 'https://www.npmjs.com/search?q=keywords:strip' }
      },
      {
        packag: { count: 3, url: 'https://www.npmjs.com/search?q=keywords:json' }
      },
      {
        packag: { count: 1, url: 'https://www.npmjs.com/search?q=keywords:banner' }
      },
      {
        packag: { count: 1, url: 'https://www.npmjs.com/search?q=keywords:extra' }
      },
      {
        packag: { count: 1, url: 'https://www.npmjs.com/search?q=keywords:color' }
      },
      {
        packag: { count: 1, url: 'https://www.npmjs.com/search?q=keywords:retext' }
      },
      { packag: { count: 2, url: 'https://www.npmjs.com/~wooorm' } },
      {
        packag: { count: 1, url: 'https://www.npmjs.com/search?q=keywords:escape' }
      },
      { packag: { count: 3, url: 'https://www.npmjs.com/~sindresorhus' } },
      {
        packag: { count: 2, url: 'https://www.npmjs.com/~matteo.collina' }
      },
      {
        packag: {
          count: 2,
          url: 'https://www.npmjs.com/search?q=keywords:processing'
        }
      },
      {
        packag: { count: 2, url: 'https://www.npmjs.com/search?q=keywords:read' }
      },
      {
        packag: { count: 5, url: 'https://www.npmjs.com/package/chalk#keywords' }
      },
      {
        packag: {
          count: 1,
          url: 'https://www.npmjs.com/search?q=keywords:text-processing'
        }
      },
      {
        packag: {
          count: 2,
          url: 'https://www.npmjs.com/search?q=keywords:contents'
        }
      },
      {
        packag: { count: 1, url: 'https://www.npmjs.com/search?q=keywords:text' }
      },
      {
        packag: { count: 1, url: 'https://www.npmjs.com/search?q=keywords:diff' }
      },
      { packag: { count: 1, url: 'https://www.npmjs.com/' } },
      {
        packag: { count: 1, url: 'https://www.npmjs.com/search?q=keywords:break' }
      },
      {
        packag: {
          count: 1,
          url: 'https://www.npmjs.com/search?q=keywords:encoding'
        }
      },
      {
        packag: { count: 2, url: 'https://www.npmjs.com/package/ansi-escapes' }
      },
      {
        packag: { count: 2, url: 'https://www.npmjs.com/search?q=keywords:shell' }
      },
      {
        packag: { count: 3, url: 'https://www.npmjs.com/package/strip-ansi' }
      },
      {
        packag: { count: 1, url: 'https://www.npmjs.com/search?q=keywords:data' }
      },
      {
        packag: { count: 2, url: 'https://www.npmjs.com/search?q=keywords:mkdirp' }
      }
    ]

      at Socket.<anonymous> (distribution/local/status.js:75:13)

  console.log
    Child process stdout: sending append with key:  9b53e895eda6c72247518afb513bad528cc67bbd7cad5e4f1f24b17ff7f1e4da
    the values:  [
      {
        searchqkeywordsapatchpageperpag: { count: 8, url: 'https://www.npmjs.com/search?q=keywords:patch' }
      }
    ]

      at Socket.<anonymous> (distribution/local/status.js:75:13)

  console.log
    Child process stdout: sending append with key:  bf582c78eadbffb9cf1e6c44f92eaa02bf212e583f10bcee01584713a9ecc646

      at Socket.<anonymous> (distribution/local/status.js:75:13)

  console.log
    Child process stdout: the values:  [
      {
        searchqkeywordsapatchpageperpagesort: { count: 1, url: 'https://www.npmjs.com/search?q=keywords:patch' }
      }
    ]
    sending append with key:  e8736bed0c800d612da7bd096f5cd09f1ce6045557030d11b0d582ece0fa2326
    the values:  [
      {
        packagesoptimalpopularityqualitymaintenancehttpsstaticproductionnpmjscomdeadeaceadbbbsvgdiffpackagediffa: { count: 1, url: 'https://www.npmjs.com/search?q=keywords:patch' }
      },
      {
        packagesoptimalpopularityqualitymaintenancehttpsstaticproductionnpmjscomdeadeaceadbbbsvgdiffpackagediffa: { count: 1, url: 'https://www.npmjs.com/search?q=keywords:diff' }
      }
    ]
    sending append with key:  bcb60ce934e00d9c60a249e20fc1d5b9f33605087f542d091570dc0874fdab5c
    the values:  [
      {
        javascript: { count: 3, url: 'https://www.npmjs.com/search?q=keywords:patch' }
      },
      {
        javascript: { count: 1, url: 'https://www.npmjs.com/search?q=keywords:write' }
      },
      {
        javascript: {
          count: 3,
          url: 'https://www.npmjs.com/search?q=text&page=299&perPage=20'
        }
      },
      {
        javascript: {
          count: 8,
          url: 'https://www.npmjs.com/search?q=keywords:utility-functions'
        }
      },
      {
        javascript: {
          count: 5,
          url: 'https://www.npmjs.com/search?q=keywords:formatting'
        }
      },
      {
        javascript: { count: 1, url: 'https://www.npmjs.com/search?q=keywords:strip' }
      },
      {
        javascript: { count: 2, url: 'https://www.npmjs.com/search?q=keywords:json' }
      },
      {
        javascript: { count: 1, url: 'https://www.npmjs.com/search?q=keywords:color' }
      },
      {
        javascript: { count: 3, url: 'https://www.npmjs.com/search?q=keywords:escape' }
      },
      {
        javascript: { count: 1, url: 'https://www.npmjs.com/~sindresorhus' }
      },
      {
        javascript: {
          count: 6,
          url: 'https://www.npmjs.com/search?q=keywords:processing'
        }
      },
      {
        javascript: { count: 1, url: 'https://www.npmjs.com/package/chalk#keywords' }
      },
      {
        javascript: {
          count: 5,
          url: 'https://www.npmjs.com/search?q=keywords:text-processing'
        }
      },
      {
        javascript: {
          count: 3,
          url: 'https://www.npmjs.com/search?q=keywords:contents'
        }
      },
      {
        javascript: { count: 2, url: 'https://www.npmjs.com/search?q=keywords:text' }
      },
      {
        javascript: { count: 4, url: 'https://www.npmjs.com/search?q=keywords:diff' }
      },
      { javascript: { count: 3, url: 'https://www.npmjs.com/' } },
      {
        javascript: {
          count: 3,
          url: 'https://www.npmjs.com/search?q=keywords:encoding'
        }
      },
      {
        javascript: { count: 2, url: 'https://www.npmjs.com/search?q=keywords:shell' }
      },
      {
        javascript: { count: 6, url: 'https://www.npmjs.com/search?q=keywords:data' }
      }
    ]

      at Socket.<anonymous> (distribution/local/status.js:75:13)

  console.log
    Child process stdout: sending append with key:  c2ce91448dc48667a38f207f0adc890e60988e6df3f49f68874643047e51ed64
    the values:  [
      {
        text: { count: 7, url: 'https://www.npmjs.com/search?q=keywords:patch' }
      },
      {
        text: {
          count: 16,
          url: 'https://www.npmjs.com/search?q=text&page=299&perPage=20'
        }
      },
      {
        text: {
          count: 2,
          url: 'https://www.npmjs.com/search?q=keywords:formatting'
        }
      },
      {
        text: {
          count: 2,
          url: 'https://www.npmjs.com/search?q=keywords:console'
        }
      },
      { text: { count: 1, url: 'https://www.npmjs.com/~patorjk' } },
      {
        text: { count: 5, url: 'https://www.npmjs.com/search?q=keywords:strip' }
      },
      {
        text: { count: 2, url: 'https://www.npmjs.com/search?q=keywords:json' }
      },
      {
        text: { count: 1, url: 'https://www.npmjs.com/search?q=keywords:banner' }
      },
      {
        text: { count: 2, url: 'https://www.npmjs.com/search?q=keywords:color' }
      },
      {
        text: { count: 3, url: 'https://www.npmjs.com/search?q=keywords:retext' }
      },
      { text: { count: 8, url: 'https://www.npmjs.com/~wooorm' } },
      {
        text: { count: 1, url: 'https://www.npmjs.com/search?q=keywords:escape' }
      },
      { text: { count: 1, url: 'https://www.npmjs.com/~matteo.collina' } },
      {
        text: {
          count: 3,
          url: 'https://www.npmjs.com/search?q=keywords:processing'
        }
      },
      {
        text: { count: 1, url: 'https://www.npmjs.com/search?q=keywords:read' }
      },
      {
        text: { count: 9, url: 'https://www.npmjs.com/package/chalk#keywords' }
      },
      {
        text: {
          count: 11,
          url: 'https://www.npmjs.com/search?q=keywords:text-processing'
        }
      },
      {
        text: {
          count: 4,
          url: 'https://www.npmjs.com/search?q=keywords:contents'
        }
      },
      {
        text: { count: 17, url: 'https://www.npmjs.com/search?q=keywords:text' }
      },
      {
        text: { count: 8, url: 'https://www.npmjs.com/search?q=keywords:diff' }
      },
      {
        text: { count: 3, url: 'https://www.npmjs.com/search?q=keywords:break' }
      },
      {
        text: {
          count: 9,
          url: 'https://www.npmjs.com/search?q=keywords:encoding'
        }
      },
      {
        text: { count: 1, url: 'https://www.npmjs.com/package/ansi-escapes' }
      },
      {
        text: { count: 3, url: 'https://www.npmjs.com/search?q=keywords:shell' }
      },
      {
        text: { count: 1, url: 'https://www.npmjs.com/package/strip-ansi' }
      },
      {
        text: { count: 2, url: 'https://www.npmjs.com/search?q=keywords:data' }
      }
    ]

      at Socket.<anonymous> (distribution/local/status.js:75:13)

  console.log
    Child process stdout: sending append with key:  d1918ae73aee743bf76194f1477e31e010d8266aeb10f43f881a2b36e62357bc
    the values:  [
      {
        diff: { count: 8, url: 'https://www.npmjs.com/search?q=keywords:patch' }
      },
      {
        diff: { count: 1, url: 'https://www.npmjs.com/search?q=keywords:write' }
      },
      {
        diff: { count: 2, url: 'https://www.npmjs.com/search?q=keywords:json' }
      },
      {
        diff: { count: 1, url: 'https://www.npmjs.com/search?q=keywords:banner' }
      },
      {
        diff: { count: 1, url: 'https://www.npmjs.com/search?q=keywords:retext' }
      },
      {
        diff: { count: 2, url: 'https://www.npmjs.com/search?q=keywords:text' }
      },
      {
        diff: { count: 31, url: 'https://www.npmjs.com/search?q=keywords:diff' }
      }
    ]
    sending append with key:  86afc3b80765a5770d7db6d0f774c09c78a797f79579efde1a99c3104391a72d

      at Socket.<anonymous> (distribution/local/status.js:75:13)

  console.log
    Child process stdout: the values:  [
      {
        implement: { count: 1, url: 'https://www.npmjs.com/search?q=keywords:patch' }
      },
      {
        implement: { count: 1, url: 'https://www.npmjs.com/search?q=keywords:write' }
      },
      {
        implement: {
          count: 1,
          url: 'https://www.npmjs.com/search?q=keywords:console'
        }
      },
      { implement: { count: 1, url: 'https://www.npmjs.com/~patorjk' } },
      {
        implement: { count: 2, url: 'https://www.npmjs.com/search?q=keywords:json' }
      },
      {
        implement: { count: 1, url: 'https://www.npmjs.com/search?q=keywords:banner' }
      },
      {
        implement: { count: 1, url: 'https://www.npmjs.com/search?q=keywords:retext' }
      },
      {
        implement: {
          count: 1,
          url: 'https://www.npmjs.com/search?q=keywords:processing'
        }
      },
      {
        implement: { count: 2, url: 'https://www.npmjs.com/search?q=keywords:text' }
      },
      {
        implement: { count: 1, url: 'https://www.npmjs.com/search?q=keywords:diff' }
      },
      {
        implement: { count: 1, url: 'https://www.npmjs.com/search?q=keywords:data' }
      }
    ]
    sending append with key:  c0af0fe754111c65f7428e16d8e1444f2dac02ed9be038401f1f3a541b07fdea
    the values:  [
      {
        searchqkeywordsdiff: { count: 5, url: 'https://www.npmjs.com/search?q=keywords:patch' }
      },
      {
        searchqkeywordsdiff: { count: 1, url: 'https://www.npmjs.com/search?q=keywords:json' }
      },
      {
        searchqkeywordsdiff: { count: 1, url: 'https://www.npmjs.com/search?q=keywords:banner' }
      },
      {
        searchqkeywordsdiff: { count: 1, url: 'https://www.npmjs.com/search?q=keywords:retext' }
      },
      {
        searchqkeywordsdiff: { count: 1, url: 'https://www.npmjs.com/search?q=keywords:text' }
      },
      {
        searchqkeywordsdiff: { count: 17, url: 'https://www.npmjs.com/search?q=keywords:diff' }
      }
    ]
    sending append with key:  60f41edc5bdb3f811b958506e48851252fde620453c71aa169e392c0cd2e6721
    the values:  [
      {
        jsdiff: { count: 1, url: 'https://www.npmjs.com/search?q=keywords:patch' }
      },
      {
        jsdiff: { count: 1, url: 'https://www.npmjs.com/search?q=keywords:json' }
      },
      {
        jsdiff: { count: 1, url: 'https://www.npmjs.com/search?q=keywords:text' }
      },
      {
        jsdiff: { count: 1, url: 'https://www.npmjs.com/search?q=keywords:diff' }
      }
    ]
    sending append with key:  6d22f6d13c0c8ebb1c84dc5aac91aff272434adb4a74799078a94000f734bf8f
    the values:  [
      {
        searchqkeywordsjsdiff: { count: 1, url: 'https://www.npmjs.com/search?q=keywords:patch' }
      },
      {
        searchqkeywordsjsdiff: { count: 1, url: 'https://www.npmjs.com/search?q=keywords:json' }
      },
      {
        searchqkeywordsjsdiff: { count: 1, url: 'https://www.npmjs.com/search?q=keywords:text' }
      },
      {
        searchqkeywordsjsdiff: { count: 1, url: 'https://www.npmjs.com/search?q=keywords:diff' }
      }
    ]
    sending append with key:  73b6fa29e5c83c7e403b47940716f29e40d27dd1bb7390d620689a35c2489cd2
    the values:  [
      {
        compar: { count: 1, url: 'https://www.npmjs.com/search?q=keywords:patch' }
      },
      {
        compar: { count: 1, url: 'https://www.npmjs.com/search?q=keywords:json' }
      },
      {
        compar: { count: 1, url: 'https://www.npmjs.com/search?q=keywords:text' }
      },
      {
        compar: { count: 4, url: 'https://www.npmjs.com/search?q=keywords:diff' }
      }
    ]
    sending append with key:  b5806886ee51bb4c5fa047fc2c5474902d6c7fd89dcc2147105ebda5def970a7
    the values:  [
      {
        searchqkeywordscompar: { count: 1, url: 'https://www.npmjs.com/search?q=keywords:patch' }
      },
      {
        searchqkeywordscompar: { count: 1, url: 'https://www.npmjs.com/search?q=keywords:json' }
      },
      {
        searchqkeywordscompar: { count: 1, url: 'https://www.npmjs.com/search?q=keywords:text' }
      },
      {
        searchqkeywordscompar: { count: 4, url: 'https://www.npmjs.com/search?q=keywords:diff' }
      }
    ]

      at Socket.<anonymous> (distribution/local/status.js:75:13)

  console.log
    Child process stdout: sending append with key:  7787d0baf849617d7f21ff126ad94f17379d92003af28cac46211c896d9053cf
    the values:  [
      {
        patch: { count: 18, url: 'https://www.npmjs.com/search?q=keywords:patch' }
      },
      {
        patch: { count: 1, url: 'https://www.npmjs.com/search?q=keywords:json' }
      },
      {
        patch: { count: 1, url: 'https://www.npmjs.com/search?q=keywords:text' }
      },
      {
        patch: { count: 5, url: 'https://www.npmjs.com/search?q=keywords:diff' }
      }
    ]
    sending append with key:  794c35d6ea5143cc09533bb09e34054253699199a393de5e56e498fa3425e75e
    the values:  [
      {
        searchqkeywordspatch: { count: 10, url: 'https://www.npmjs.com/search?q=keywords:patch' }
      },
      {
        searchqkeywordspatch: { count: 1, url: 'https://www.npmjs.com/search?q=keywords:json' }
      },
      {
        searchqkeywordspatch: { count: 1, url: 'https://www.npmjs.com/search?q=keywords:text' }
      },
      {
        searchqkeywordspatch: { count: 4, url: 'https://www.npmjs.com/search?q=keywords:diff' }
      }
    ]
    sending append with key:  c0533518cb7cd528fd3803a6af4c6d420338a35ebcd85f4dd5babe07659a3c52
    the values:  [
      {
        searchqkeywordstext: { count: 3, url: 'https://www.npmjs.com/search?q=keywords:patch' }
      },
      {
        searchqkeywordstext: {
          count: 2,
          url: 'https://www.npmjs.com/search?q=text&page=299&perPage=20'
        }
      },
      {
        searchqkeywordstext: {
          count: 1,
          url: 'https://www.npmjs.com/search?q=keywords:formatting'
        }
      },
      {
        searchqkeywordstext: { count: 3, url: 'https://www.npmjs.com/search?q=keywords:strip' }
      },
      {
        searchqkeywordstext: { count: 1, url: 'https://www.npmjs.com/search?q=keywords:json' }
      },
      {
        searchqkeywordstext: { count: 2, url: 'https://www.npmjs.com/search?q=keywords:retext' }
      },
      {
        searchqkeywordstext: { count: 1, url: 'https://www.npmjs.com/search?q=keywords:escape' }
      },
      {
        searchqkeywordstext: {
          count: 2,
          url: 'https://www.npmjs.com/search?q=keywords:processing'
        }
      },
      {
        searchqkeywordstext: { count: 1, url: 'https://www.npmjs.com/search?q=keywords:read' }
      },
      {
        searchqkeywordstext: {
          count: 1,
          url: 'https://www.npmjs.com/search?q=keywords:text-processing'
        }
      },
      {
        searchqkeywordstext: {
          count: 2,
          url: 'https://www.npmjs.com/search?q=keywords:contents'
        }
      },
      {
        searchqkeywordstext: { count: 11, url: 'https://www.npmjs.com/search?q=keywords:text' }
      },
      {
        searchqkeywordstext: { count: 3, url: 'https://www.npmjs.com/search?q=keywords:diff' }
      },
      {
        searchqkeywordstext: { count: 2, url: 'https://www.npmjs.com/search?q=keywords:break' }
      },
      {
        searchqkeywordstext: {
          count: 1,
          url: 'https://www.npmjs.com/search?q=keywords:encoding'
        }
      },
      {
        searchqkeywordstext: { count: 1, url: 'https://www.npmjs.com/package/ansi-escapes' }
      },
      {
        searchqkeywordstext: { count: 2, url: 'https://www.npmjs.com/search?q=keywords:shell' }
      },
      {
        searchqkeywordstext: { count: 2, url: 'https://www.npmjs.com/search?q=keywords:data' }
      }
    ]
    sending append with key:  a953a26b8412c46b7d8bf0468a1cc55345aad929277fafbe05d7c06d99b17a15
    the values:  [
      {
        json: { count: 3, url: 'https://www.npmjs.com/search?q=keywords:patch' }
      },
      {
        json: { count: 16, url: 'https://www.npmjs.com/search?q=keywords:write' }
      },
      {
        json: {
          count: 5,
          url: 'https://www.npmjs.com/search?q=text&page=299&perPage=20'
        }
      },
      {
        json: { count: 3, url: 'https://www.npmjs.com/search?q=keywords:strip' }
      },
      {
        json: { count: 25, url: 'https://www.npmjs.com/search?q=keywords:json' }
      },
      {
        json: { count: 2, url: 'https://www.npmjs.com/search?q=keywords:extra' }
      },
      {
        json: { count: 1, url: 'https://www.npmjs.com/search?q=keywords:escape' }
      },
      { json: { count: 1, url: 'https://www.npmjs.com/~matteo.collina' } },
      {
        json: { count: 18, url: 'https://www.npmjs.com/search?q=keywords:read' }
      },
      {
        json: {
          count: 1,
          url: 'https://www.npmjs.com/search?q=keywords:text-processing'
        }
      },
      {
        json: { count: 4, url: 'https://www.npmjs.com/search?q=keywords:text' }
      },
      {
        json: { count: 2, url: 'https://www.npmjs.com/search?q=keywords:diff' }
      },
      {
        json: {
          count: 1,
          url: 'https://www.npmjs.com/search?q=keywords:encoding'
        }
      },
      {
        json: { count: 9, url: 'https://www.npmjs.com/search?q=keywords:data' }
      },
      {
        json: { count: 3, url: 'https://www.npmjs.com/search?q=keywords:mkdirp' }
      }
    ]
    sending append with key:  f102f0c73e940a3df26a88cca1da7e2018c5b8ee2f74020b4385ed1652e53144
    the values:  [
      {
        searchqkeywordsjson: { count: 2, url: 'https://www.npmjs.com/search?q=keywords:patch' }
      },
      {
        searchqkeywordsjson: { count: 8, url: 'https://www.npmjs.com/search?q=keywords:write' }
      },
      {
        searchqkeywordsjson: { count: 1, url: 'https://www.npmjs.com/search?q=keywords:strip' }
      },
      {
        searchqkeywordsjson: { count: 18, url: 'https://www.npmjs.com/search?q=keywords:json' }
      },
      {
        searchqkeywordsjson: { count: 2, url: 'https://www.npmjs.com/search?q=keywords:extra' }
      },
      {
        searchqkeywordsjson: { count: 1, url: 'https://www.npmjs.com/search?q=keywords:escape' }
      },
      {
        searchqkeywordsjson: { count: 9, url: 'https://www.npmjs.com/search?q=keywords:read' }
      },
      {
        searchqkeywordsjson: { count: 2, url: 'https://www.npmjs.com/search?q=keywords:text' }
      },
      {
        searchqkeywordsjson: { count: 1, url: 'https://www.npmjs.com/search?q=keywords:diff' }
      },
      {
        searchqkeywordsjson: {
          count: 1,
          url: 'https://www.npmjs.com/search?q=keywords:encoding'
        }
      },
      {
        searchqkeywordsjson: { count: 1, url: 'https://www.npmjs.com/search?q=keywords:data' }
      },
      {
        searchqkeywordsjson: { count: 2, url: 'https://www.npmjs.com/search?q=keywords:mkdirp' }
      }
    ]
    sending append with key:  112943acd26a61a55dc56e94cadd2081ccfbf60bd16858eefa078da7115bb130
    the values:  [
      {
        css: { count: 2, url: 'https://www.npmjs.com/search?q=keywords:patch' }
      },
      {
        css: { count: 1, url: 'https://www.npmjs.com/search?q=keywords:write' }
      },
      {
        css: {
          count: 1,
          url: 'https://www.npmjs.com/search?q=keywords:utility-functions'
        }
      },
      {
        css: {
          count: 5,
          url: 'https://www.npmjs.com/search?q=keywords:formatting'
        }
      },
      {
        css: { count: 2, url: 'https://www.npmjs.com/search?q=keywords:strip' }
      },
      {
        css: { count: 1, url: 'https://www.npmjs.com/search?q=keywords:json' }
      },
      {
        css: { count: 1, url: 'https://www.npmjs.com/search?q=keywords:banner' }
      },
      {
        css: { count: 4, url: 'https://www.npmjs.com/search?q=keywords:extra' }
      },
      {
        css: { count: 5, url: 'https://www.npmjs.com/search?q=keywords:color' }
      },
      {
        css: { count: 5, url: 'https://www.npmjs.com/search?q=keywords:escape' }
      },
      {
        css: {
          count: 1,
          url: 'https://www.npmjs.com/search?q=keywords:processing'
        }
      },
      {
        css: {
          count: 2,
          url: 'https://www.npmjs.com/search?q=keywords:contents'
        }
      },
      {
        css: { count: 1, url: 'https://www.npmjs.com/search?q=keywords:text' }
      },
      {
        css: { count: 1, url: 'https://www.npmjs.com/search?q=keywords:diff' }
      },
      {
        css: { count: 2, url: 'https://www.npmjs.com/search?q=keywords:break' }
      },
      {
        css: { count: 3, url: 'https://www.npmjs.com/search?q=keywords:shell' }
      },
      {
        css: { count: 1, url: 'https://www.npmjs.com/search?q=keywords:data' }
      },
      {
        css: { count: 4, url: 'https://www.npmjs.com/search?q=keywords:mkdirp' }
      }
    ]
    sending append with key:  8ff093d37d857b82b6c8cd3cb8459a504717aa923dd0c144aaef5cf7ac918133

      at Socket.<anonymous> (distribution/local/status.js:75:13)

  console.log
    Child process stdout: [LOG] appendResultsLength at shuffle phase:  31464

      at Socket.<anonymous> (distribution/local/status.js:75:13)

  console.log
    Child process stdout: sending append with key:  b702d0f0931f48c50f54c0958e25aded1f0bd5b4f10254b00877e0a1f8267f54

      at Socket.<anonymous> (distribution/local/status.js:75:13)

  console.log
    Child process stdout: the values:  [
      {
        skip: { count: 1, url: 'https://www.npmjs.com/search?q=keywords:editor' }
      },
      {
        skip: {
          count: 1,
          url: 'https://www.npmjs.com/search?q=keywords:promise'
        }
      },
      {
        skip: {
          count: 1,
          url: 'https://www.npmjs.com/search?q=text&page=1&perPage=20'
        }
      },
      { skip: { count: 1, url: 'https://www.npmjs.com/policies/conduct' } },
      {
        skip: {
          count: 1,
          url: 'https://www.npmjs.com/search?q=keywords:wordbreak'
        }
      },
      { skip: { count: 1, url: 'https://www.npmjs.com/products' } },
      { skip: { count: 1, url: 'https://www.npmjs.com/~substack' } },
      {
        skip: { count: 1, url: 'https://www.npmjs.com/search?q=keywords:mkdirs' }
      },
      {
        skip: { count: 1, url: 'https://www.npmjs.com/search?q=keywords:get' }
      },
      {
        skip: { count: 1, url: 'https://www.npmjs.com/search?q=keywords:delete' }
      },
      {
        skip: { count: 1, url: 'https://www.npmjs.com/package/get-stream' }
      },
      {
        skip: { count: 1, url: 'https://www.npmjs.com/search?q=keywords:base64' }
      },
      { skip: { count: 1, url: 'https://www.npmjs.com/~lucaong' } },
      { skip: { count: 1, url: 'https://www.npmjs.com/package/chalk' } },
      {
        skip: {
          count: 1,
          url: 'https://www.npmjs.com/package/@contentful/rich-text-html-renderer'
        }
      },
      {
        skip: {
          count: 1,
          url: 'https://www.npmjs.com/search?q=keywords:string-processing'
        }
      },
      {
        skip: { count: 1, url: 'https://www.npmjs.com/search?q=keywords:log' }
      },
      {
        skip: { count: 1, url: 'https://www.npmjs.com/search?q=keywords:ascii' }
      },
      {
        skip: { count: 1, url: 'https://www.npmjs.com/search?q=keywords:colour' }
      },
      {
        skip: {
          count: 1,
          url: 'https://www.npmjs.com/search?q=keywords:text-helpers'
        }
      },
      { skip: { count: 1, url: 'https://www.npmjs.com/~weaver' } },
      {
        skip: { count: 1, url: 'https://www.npmjs.com/search?q=keywords:file' }
      },
      {
        skip: { count: 1, url: 'https://www.npmjs.com/search?q=keywords:align' }
      },
      {
        skip: {
          count: 1,
          url: 'https://www.npmjs.com/package/ansi-escapes#keywords'
        }
      },
      {
        skip: { count: 1, url: 'https://www.npmjs.com/search?q=keywords:remark' }
      },
      { skip: { count: 1, url: 'https://www.npmjs.com/products/pro' } },
      {
        skip: { count: 1, url: 'https://www.npmjs.com/search?q=keywords:figlet' }
      },
      {
        skip: {
          count: 1,
          url: 'https://www.npmjs.com/search?q=keywords:full%20text'
        }
      },
      { skip: { count: 2, url: 'https://www.npmjs.com/package/diff' } },
      {
        skip: {
          count: 1,
          url: 'https://www.npmjs.com/search?q=keywords:message'
        }
      },
      {
        skip: { count: 1, url: 'https://www.npmjs.com/search?q=keywords:mkdir' }
      },
      { skip: { count: 1, url: 'https://www.npmjs.com/policies/terms' } },
      { skip: { count: 1, url: 'https://www.npmjs.com/products/teams' } },
      {
        skip: {
          count: 1,
          url: 'https://www.npmjs.com/search?q=keywords:auto%20complete'
        }
      },
      {
        skip: { count: 1, url: 'https://www.npmjs.com/package/ansi-styles' }
      },
      {
        skip: {
          count: 1,
          url: 'https://www.npmjs.com/package/strip-ansi#keywords'
        }
      },
      {
        skip: {
          count: 1,
          url: 'https://www.npmjs.com/package/fs-extra#keywords'
        }
      },
      {
        skip: { count: 1, url: 'https://www.npmjs.com/search?q=keywords:index' }
      },
      { skip: { count: 1, url: 'https://www.npmjs.com/package/fs-extra' } },
      { skip: { count: 1, url: 'https://www.npmjs.com/~ryanzim' } }
    ]

      at Socket.<anonymous> (distribution/local/status.js:75:13)

  console.log
    Child process stdout: sending append with key:  c3151d4e336f0d3025ed14a107bcd3e7ecc73c13dfd6427b0d54077486dcf02c

      at Socket.<anonymous> (distribution/local/status.js:75:13)

  console.log
    Child process stdout: the values:  [
      {
        tocontentpackag: { count: 1, url: 'https://www.npmjs.com/search?q=keywords:editor' }
      },
      {
        tocontentpackag: {
          count: 1,
          url: 'https://www.npmjs.com/search?q=keywords:promise'
        }
      },
      {
        tocontentpackag: {
          count: 1,
          url: 'https://www.npmjs.com/search?q=text&page=1&perPage=20'
        }
      },
      {
        tocontentpackag: {
          count: 1,
          url: 'https://www.npmjs.com/search?q=keywords:wordbreak'
        }
      },
      {
        tocontentpackag: { count: 1, url: 'https://www.npmjs.com/products' }
      },
      {
        tocontentpackag: { count: 1, url: 'https://www.npmjs.com/~substack' }
      },
      {
        tocontentpackag: { count: 1, url: 'https://www.npmjs.com/search?q=keywords:mkdirs' }
      },
      {
        tocontentpackag: { count: 1, url: 'https://www.npmjs.com/search?q=keywords:get' }
      },
      {
        tocontentpackag: { count: 1, url: 'https://www.npmjs.com/search?q=keywords:delete' }
      },
      {
        tocontentpackag: { count: 1, url: 'https://www.npmjs.com/package/get-stream' }
      },
      {
        tocontentpackag: { count: 1, url: 'https://www.npmjs.com/search?q=keywords:base64' }
      },
      {
        tocontentpackag: { count: 1, url: 'https://www.npmjs.com/~lucaong' }
      },
      {
        tocontentpackag: { count: 1, url: 'https://www.npmjs.com/package/chalk' }
      },
      {
        tocontentpackag: {
          count: 1,
          url: 'https://www.npmjs.com/package/@contentful/rich-text-html-renderer'
        }
      },
      {
        tocontentpackag: {
          count: 1,
          url: 'https://www.npmjs.com/search?q=keywords:string-processing'
        }
      },
      {
        tocontentpackag: { count: 1, url: 'https://www.npmjs.com/search?q=keywords:log' }
      },
      {
        tocontentpackag: { count: 1, url: 'https://www.npmjs.com/search?q=keywords:ascii' }
      },
      {
        tocontentpackag: { count: 1, url: 'https://www.npmjs.com/search?q=keywords:colour' }
      },
      {
        tocontentpackag: {
          count: 1,
          url: 'https://www.npmjs.com/search?q=keywords:text-helpers'
        }
      },
      {
        tocontentpackag: { count: 1, url: 'https://www.npmjs.com/~weaver' }
      },
      {
        tocontentpackag: { count: 1, url: 'https://www.npmjs.com/search?q=keywords:file' }
      },
      {
        tocontentpackag: { count: 1, url: 'https://www.npmjs.com/search?q=keywords:align' }
      },
      {
        tocontentpackag: {
          count: 1,
          url: 'https://www.npmjs.com/package/ansi-escapes#keywords'
        }
      },
      {
        tocontentpackag: { count: 1, url: 'https://www.npmjs.com/search?q=keywords:remark' }
      },
      {
        tocontentpackag: { count: 1, url: 'https://www.npmjs.com/products/pro' }
      },
      {
        tocontentpackag: { count: 1, url: 'https://www.npmjs.com/search?q=keywords:figlet' }
      },
      {
        tocontentpackag: {
          count: 1,
          url: 'https://www.npmjs.com/search?q=keywords:full%20text'
        }
      },
      {
        tocontentpackag: { count: 1, url: 'https://www.npmjs.com/package/diff' }
      },
      {
        tocontentpackag: {
          count: 1,
          url: 'https://www.npmjs.com/search?q=keywords:message'
        }
      },
      {
        tocontentpackag: { count: 1, url: 'https://www.npmjs.com/search?q=keywords:mkdir' }
      },
      {
        tocontentpackag: { count: 1, url: 'https://www.npmjs.com/products/teams' }
      },
      {
        tocontentpackag: {
          count: 1,
          url: 'https://www.npmjs.com/search?q=keywords:auto%20complete'
        }
      },
      {
        tocontentpackag: { count: 1, url: 'https://www.npmjs.com/package/ansi-styles' }
      },
      {
        tocontentpackag: {
          count: 1,
          url: 'https://www.npmjs.com/package/strip-ansi#keywords'
        }
      },
      {
        tocontentpackag: {
          count: 1,
          url: 'https://www.npmjs.com/package/fs-extra#keywords'
        }
      },
      {
        tocontentpackag: { count: 1, url: 'https://www.npmjs.com/search?q=keywords:index' }
      },
      {
        tocontentpackag: { count: 1, url: 'https://www.npmjs.com/package/fs-extra' }
      },
      {
        tocontentpackag: { count: 1, url: 'https://www.npmjs.com/~ryanzim' }
      }
    ]

      at Socket.<anonymous> (distribution/local/status.js:75:13)

  console.log
    Child process stdout: sending append with key:  6599473150daf5509378060c8a5121daf5c3029ca7579c2fad1a2704866f0c79

      at Socket.<anonymous> (distribution/local/status.js:75:13)

  console.log
    Child process stdout: the values:  [
      {
        searchsign: { count: 1, url: 'https://www.npmjs.com/search?q=keywords:editor' }
      },
      {
        searchsign: {
          count: 1,
          url: 'https://www.npmjs.com/search?q=keywords:promise'
        }
      },
      {
        searchsign: {
          count: 1,
          url: 'https://www.npmjs.com/search?q=text&page=1&perPage=20'
        }
      },
      {
        searchsign: {
          count: 1,
          url: 'https://www.npmjs.com/search?q=keywords:wordbreak'
        }
      },
      { searchsign: { count: 1, url: 'https://www.npmjs.com/products' } },
      { searchsign: { count: 1, url: 'https://www.npmjs.com/~substack' } },
      {
        searchsign: { count: 1, url: 'https://www.npmjs.com/search?q=keywords:mkdirs' }
      },
      {
        searchsign: { count: 1, url: 'https://www.npmjs.com/search?q=keywords:get' }
      },
      {
        searchsign: { count: 1, url: 'https://www.npmjs.com/search?q=keywords:delete' }
      },
      {
        searchsign: { count: 1, url: 'https://www.npmjs.com/package/get-stream' }
      },
      {
        searchsign: { count: 1, url: 'https://www.npmjs.com/search?q=keywords:base64' }
      },
      { searchsign: { count: 1, url: 'https://www.npmjs.com/~lucaong' } },
      {
        searchsign: { count: 1, url: 'https://www.npmjs.com/package/chalk' }
      },
      {
        searchsign: {
          count: 1,
          url: 'https://www.npmjs.com/package/@contentful/rich-text-html-renderer'
        }
      },
      {
        searchsign: {
          count: 1,
          url: 'https://www.npmjs.com/search?q=keywords:string-processing'
        }
      },
      {
        searchsign: { count: 1, url: 'https://www.npmjs.com/search?q=keywords:log' }
      },
      {
        searchsign: { count: 1, url: 'https://www.npmjs.com/search?q=keywords:ascii' }
      },
      {
        searchsign: { count: 1, url: 'https://www.npmjs.com/search?q=keywords:colour' }
      },
      {
        searchsign: {
          count: 1,
          url: 'https://www.npmjs.com/search?q=keywords:text-helpers'
        }
      },
      { searchsign: { count: 1, url: 'https://www.npmjs.com/~weaver' } },
      {
        searchsign: { count: 1, url: 'https://www.npmjs.com/search?q=keywords:file' }
      },
      {
        searchsign: { count: 1, url: 'https://www.npmjs.com/search?q=keywords:align' }
      },
      {
        searchsign: {
          count: 1,
          url: 'https://www.npmjs.com/package/ansi-escapes#keywords'
        }
      },
      {
        searchsign: { count: 1, url: 'https://www.npmjs.com/search?q=keywords:remark' }
      },
      {
        searchsign: { count: 1, url: 'https://www.npmjs.com/products/pro' }
      },
      {
        searchsign: { count: 1, url: 'https://www.npmjs.com/search?q=keywords:figlet' }
      },
      {
        searchsign: {
          count: 1,
          url: 'https://www.npmjs.com/search?q=keywords:full%20text'
        }
      },
      {
        searchsign: { count: 1, url: 'https://www.npmjs.com/package/diff' }
      },
      {
        searchsign: {
          count: 1,
          url: 'https://www.npmjs.com/search?q=keywords:message'
        }
      },
      {
        searchsign: { count: 1, url: 'https://www.npmjs.com/search?q=keywords:mkdir' }
      },
      {
        searchsign: { count: 1, url: 'https://www.npmjs.com/products/teams' }
      },
      {
        searchsign: {
          count: 1,
          url: 'https://www.npmjs.com/search?q=keywords:auto%20complete'
        }
      },
      {
        searchsign: { count: 1, url: 'https://www.npmjs.com/package/ansi-styles' }
      },
      {
        searchsign: {
          count: 1,
          url: 'https://www.npmjs.com/package/strip-ansi#keywords'
        }
      },
      {
        searchsign: {
          count: 1,
          url: 'https://www.npmjs.com/package/fs-extra#keywords'
        }
      },
      {
        searchsign: { count: 1, url: 'https://www.npmjs.com/search?q=keywords:index' }
      },
      {
        searchsign: { count: 1, url: 'https://www.npmjs.com/package/fs-extra' }
      },
      { searchsign: { count: 1, url: 'https://www.npmjs.com/~ryanzim' } }
    ]

      at Socket.<anonymous> (distribution/local/status.js:75:13)

  console.log
    Child process stdout: sending append with key:  1da14ebd38f4eea71c633358b46fa8a7caa51e1f19f1e9d0cb45c914c8ed326e

      at Socket.<anonymous> (distribution/local/status.js:75:13)

  console.log
    Child process stdout: the values:  [
      {
        pro: { count: 1, url: 'https://www.npmjs.com/search?q=keywords:editor' }
      },
      {
        pro: {
          count: 1,
          url: 'https://www.npmjs.com/search?q=keywords:promise'
        }
      },
      {
        pro: {
          count: 1,
          url: 'https://www.npmjs.com/search?q=text&page=1&perPage=20'
        }
      },
      {
        pro: {
          count: 1,
          url: 'https://www.npmjs.com/search?q=keywords:wordbreak'
        }
      },
      { pro: { count: 5, url: 'https://www.npmjs.com/products' } },
      { pro: { count: 1, url: 'https://www.npmjs.com/~substack' } },
      {
        pro: { count: 1, url: 'https://www.npmjs.com/search?q=keywords:mkdirs' }
      },
      {
        pro: { count: 1, url: 'https://www.npmjs.com/search?q=keywords:get' }
      },
      {
        pro: { count: 1, url: 'https://www.npmjs.com/search?q=keywords:delete' }
      },
      {
        pro: { count: 1, url: 'https://www.npmjs.com/package/get-stream' }
      },
      {
        pro: { count: 1, url: 'https://www.npmjs.com/search?q=keywords:base64' }
      },
      { pro: { count: 1, url: 'https://www.npmjs.com/~lucaong' } },
      { pro: { count: 1, url: 'https://www.npmjs.com/package/chalk' } },
      {
        pro: {
          count: 1,
          url: 'https://www.npmjs.com/package/@contentful/rich-text-html-renderer'
        }
      },
      {
        pro: {
          count: 1,
          url: 'https://www.npmjs.com/search?q=keywords:string-processing'
        }
      },
      {
        pro: { count: 1, url: 'https://www.npmjs.com/search?q=keywords:log' }
      },
      {
        pro: { count: 1, url: 'https://www.npmjs.com/search?q=keywords:ascii' }
      },
      {
        pro: { count: 1, url: 'https://www.npmjs.com/search?q=keywords:colour' }
      },
      {
        pro: {
          count: 1,
          url: 'https://www.npmjs.com/search?q=keywords:text-helpers'
        }
      },
      { pro: { count: 1, url: 'https://www.npmjs.com/~weaver' } },
      {
        pro: { count: 1, url: 'https://www.npmjs.com/search?q=keywords:file' }
      },
      {
        pro: { count: 1, url: 'https://www.npmjs.com/search?q=keywords:align' }
      },
      {
        pro: {
          count: 1,
          url: 'https://www.npmjs.com/package/ansi-escapes#keywords'
        }
      },
      {
        pro: { count: 1, url: 'https://www.npmjs.com/search?q=keywords:remark' }
      },
      { pro: { count: 4, url: 'https://www.npmjs.com/products/pro' } },
      {
        pro: { count: 1, url: 'https://www.npmjs.com/search?q=keywords:figlet' }
      },
      {
        pro: {
          count: 1,
          url: 'https://www.npmjs.com/search?q=keywords:full%20text'
        }
      },
      { pro: { count: 1, url: 'https://www.npmjs.com/package/diff' } },
      {
        pro: {
          count: 1,
          url: 'https://www.npmjs.com/search?q=keywords:message'
        }
      },
      {
        pro: { count: 1, url: 'https://www.npmjs.com/search?q=keywords:mkdir' }
      },
      { pro: { count: 4, url: 'https://www.npmjs.com/products/teams' } },
      {
        pro: {
          count: 1,
          url: 'https://www.npmjs.com/search?q=keywords:auto%20complete'
        }
      },
      {
        pro: { count: 1, url: 'https://www.npmjs.com/package/ansi-styles' }
      },
      {
        pro: {
          count: 1,
          url: 'https://www.npmjs.com/package/strip-ansi#keywords'
        }
      },
      {
        pro: {
          count: 1,
          url: 'https://www.npmjs.com/package/fs-extra#keywords'
        }
      },
      {
        pro: { count: 1, url: 'https://www.npmjs.com/search?q=keywords:index' }
      },
      { pro: { count: 1, url: 'https://www.npmjs.com/package/fs-extra' } },
      { pro: { count: 1, url: 'https://www.npmjs.com/~ryanzim' } }
    ]

      at Socket.<anonymous> (distribution/local/status.js:75:13)

  console.log
    Child process stdout: sending append with key:  8dedfffb133ab146eda124bf40f65491e2edc1c968fdd1c718269c8f37a966ba

      at Socket.<anonymous> (distribution/local/status.js:75:13)

  console.log
    Child process stdout: the values:  [
      {
        productspro: { count: 1, url: 'https://www.npmjs.com/search?q=keywords:editor' }
      },
      {
        productspro: {
          count: 1,
          url: 'https://www.npmjs.com/search?q=keywords:promise'
        }
      },
      {
        productspro: {
          count: 1,
          url: 'https://www.npmjs.com/search?q=text&page=1&perPage=20'
        }
      },
      {
        productspro: {
          count: 1,
          url: 'https://www.npmjs.com/search?q=keywords:wordbreak'
        }
      },
      { productspro: { count: 1, url: 'https://www.npmjs.com/products' } },
      { productspro: { count: 1, url: 'https://www.npmjs.com/~substack' } },
      {
        productspro: { count: 1, url: 'https://www.npmjs.com/search?q=keywords:mkdirs' }
      },
      {
        productspro: { count: 1, url: 'https://www.npmjs.com/search?q=keywords:get' }
      },
      {
        productspro: { count: 1, url: 'https://www.npmjs.com/search?q=keywords:delete' }
      },
      {
        productspro: { count: 1, url: 'https://www.npmjs.com/package/get-stream' }
      },
      {
        productspro: { count: 1, url: 'https://www.npmjs.com/search?q=keywords:base64' }
      },
      { productspro: { count: 1, url: 'https://www.npmjs.com/~lucaong' } },
      {
        productspro: { count: 1, url: 'https://www.npmjs.com/package/chalk' }
      },
      {
        productspro: {
          count: 1,
          url: 'https://www.npmjs.com/package/@contentful/rich-text-html-renderer'
        }
      },
      {
        productspro: {
          count: 1,
          url: 'https://www.npmjs.com/search?q=keywords:string-processing'
        }
      },
      {
        productspro: { count: 1, url: 'https://www.npmjs.com/search?q=keywords:log' }
      },
      {
        productspro: { count: 1, url: 'https://www.npmjs.com/search?q=keywords:ascii' }
      },
      {
        productspro: { count: 1, url: 'https://www.npmjs.com/search?q=keywords:colour' }
      },
      {
        productspro: {
          count: 1,
          url: 'https://www.npmjs.com/search?q=keywords:text-helpers'
        }
      },
      { productspro: { count: 1, url: 'https://www.npmjs.com/~weaver' } },
      {
        productspro: { count: 1, url: 'https://www.npmjs.com/search?q=keywords:file' }
      },
      {
        productspro: { count: 1, url: 'https://www.npmjs.com/search?q=keywords:align' }
      },
      {
        productspro: {
          count: 1,
          url: 'https://www.npmjs.com/package/ansi-escapes#keywords'
        }
      },
      {
        productspro: { count: 1, url: 'https://www.npmjs.com/search?q=keywords:remark' }
      },
      {
        productspro: { count: 1, url: 'https://www.npmjs.com/products/pro' }
      },
      {
        productspro: { count: 1, url: 'https://www.npmjs.com/search?q=keywords:figlet' }
      },
      {
        productspro: {
          count: 1,
          url: 'https://www.npmjs.com/search?q=keywords:full%20text'
        }
      },
      {
        productspro: { count: 1, url: 'https://www.npmjs.com/package/diff' }
      },
      {
        productspro: {
          count: 1,
          url: 'https://www.npmjs.com/search?q=keywords:message'
        }
      },
      {
        productspro: { count: 1, url: 'https://www.npmjs.com/search?q=keywords:mkdir' }
      },
      {
        productspro: { count: 1, url: 'https://www.npmjs.com/products/teams' }
      },
      {
        productspro: {
          count: 1,
          url: 'https://www.npmjs.com/search?q=keywords:auto%20complete'
        }
      },
      {
        productspro: { count: 1, url: 'https://www.npmjs.com/package/ansi-styles' }
      },
      {
        productspro: {
          count: 1,
          url: 'https://www.npmjs.com/package/strip-ansi#keywords'
        }
      },
      {
        productspro: {
          count: 1,
          url: 'https://www.npmjs.com/package/fs-extra#keywords'
        }
      },
      {
        productspro: { count: 1, url: 'https://www.npmjs.com/search?q=keywords:index' }
      },
      {
        productspro: { count: 1, url: 'https://www.npmjs.com/package/fs-extra' }
      },
      { productspro: { count: 1, url: 'https://www.npmjs.com/~ryanzim' } }
    ]

      at Socket.<anonymous> (distribution/local/status.js:75:13)

  console.log
    Child process stdout: sending append with key:  76cafae2c841f698bcafac086a1e142b405e3ba87d10e7405a6631be7c8eba56

      at Socket.<anonymous> (distribution/local/status.js:75:13)

  console.log
    Child process stdout: the values:  [
      {
        team: { count: 1, url: 'https://www.npmjs.com/search?q=keywords:editor' }
      },
      {
        team: {
          count: 1,
          url: 'https://www.npmjs.com/search?q=keywords:promise'
        }
      },
      {
        team: {
          count: 1,
          url: 'https://www.npmjs.com/search?q=text&page=1&perPage=20'
        }
      },
      { team: { count: 8, url: 'https://www.npmjs.com/policies/conduct' } },
      {
        team: {
          count: 1,
          url: 'https://www.npmjs.com/search?q=keywords:wordbreak'
        }
      },
      { team: { count: 6, url: 'https://www.npmjs.com/products' } },
      { team: { count: 1, url: 'https://www.npmjs.com/~substack' } },
      {
        team: { count: 1, url: 'https://www.npmjs.com/search?q=keywords:mkdirs' }
      },
      {
        team: { count: 1, url: 'https://www.npmjs.com/search?q=keywords:get' }
      },
      {
        team: { count: 1, url: 'https://www.npmjs.com/search?q=keywords:delete' }
      },
      {
        team: { count: 1, url: 'https://www.npmjs.com/package/get-stream' }
      },
      {
        team: { count: 1, url: 'https://www.npmjs.com/search?q=keywords:base64' }
      },
      { team: { count: 1, url: 'https://www.npmjs.com/~lucaong' } },
      { team: { count: 1, url: 'https://www.npmjs.com/package/chalk' } },
      {
        team: {
          count: 1,
          url: 'https://www.npmjs.com/package/@contentful/rich-text-html-renderer'
        }
      },
      {
        team: {
          count: 1,
          url: 'https://www.npmjs.com/search?q=keywords:string-processing'
        }
      },
      {
        team: { count: 1, url: 'https://www.npmjs.com/search?q=keywords:log' }
      },
      {
        team: { count: 1, url: 'https://www.npmjs.com/search?q=keywords:ascii' }
      },
      {
        team: { count: 1, url: 'https://www.npmjs.com/search?q=keywords:colour' }
      },
      {
        team: {
          count: 1,
          url: 'https://www.npmjs.com/search?q=keywords:text-helpers'
        }
      },
      { team: { count: 1, url: 'https://www.npmjs.com/~weaver' } },
      {
        team: { count: 1, url: 'https://www.npmjs.com/search?q=keywords:file' }
      },
      {
        team: { count: 1, url: 'https://www.npmjs.com/search?q=keywords:align' }
      },
      {
        team: {
          count: 1,
          url: 'https://www.npmjs.com/package/ansi-escapes#keywords'
        }
      },
      {
        team: { count: 1, url: 'https://www.npmjs.com/search?q=keywords:remark' }
      },
      { team: { count: 5, url: 'https://www.npmjs.com/products/pro' } },
      {
        team: { count: 1, url: 'https://www.npmjs.com/search?q=keywords:figlet' }
      },
      {
        team: {
          count: 1,
          url: 'https://www.npmjs.com/search?q=keywords:full%20text'
        }
      },
      { team: { count: 1, url: 'https://www.npmjs.com/package/diff' } },
      {
        team: {
          count: 1,
          url: 'https://www.npmjs.com/search?q=keywords:message'
        }
      },
      {
        team: { count: 1, url: 'https://www.npmjs.com/search?q=keywords:mkdir' }
      },
      { team: { count: 8, url: 'https://www.npmjs.com/policies/terms' } },
      { team: { count: 4, url: 'https://www.npmjs.com/products/teams' } },
      {
        team: {
          count: 1,
          url: 'https://www.npmjs.com/search?q=keywords:auto%20complete'
        }
      },
      {
        team: { count: 1, url: 'https://www.npmjs.com/package/ansi-styles' }
      },
      {
        team: {
          count: 1,
          url: 'https://www.npmjs.com/package/strip-ansi#keywords'
        }
      },
      {
        team: {
          count: 1,
          url: 'https://www.npmjs.com/package/fs-extra#keywords'
        }
      },
      {
        team: { count: 1, url: 'https://www.npmjs.com/search?q=keywords:index' }
      },
      { team: { count: 1, url: 'https://www.npmjs.com/package/fs-extra' } },
      { team: { count: 1, url: 'https://www.npmjs.com/~ryanzim' } }
    ]
    sending append with key:  022661058b3e31bf923632c554408dd24ad2f682b534f0e2d6692f5b63bb65ce
    the values:  [
      {
        productsteam: { count: 1, url: 'https://www.npmjs.com/search?q=keywords:editor' }
      },
      {
        productsteam: {
          count: 1,
          url: 'https://www.npmjs.com/search?q=keywords:promise'
        }
      },
      {
        productsteam: {
          count: 1,
          url: 'https://www.npmjs.com/search?q=text&page=1&perPage=20'
        }
      },
      {
        productsteam: {
          count: 1,
          url: 'https://www.npmjs.com/search?q=keywords:wordbreak'
        }
      },
      { productsteam: { count: 1, url: 'https://www.npmjs.com/products' } },
      {
        productsteam: { count: 1, url: 'https://www.npmjs.com/~substack' }
      },
      {
        productsteam: { count: 1, url: 'https://www.npmjs.com/search?q=keywords:mkdirs' }
      },
      {
        productsteam: { count: 1, url: 'https://www.npmjs.com/search?q=keywords:get' }
      },
      {
        productsteam: { count: 1, url: 'https://www.npmjs.com/search?q=keywords:delete' }
      },
      {
        productsteam: { count: 1, url: 'https://www.npmjs.com/package/get-stream' }
      },
      {
        productsteam: { count: 1, url: 'https://www.npmjs.com/search?q=keywords:base64' }
      },
      { productsteam: { count: 1, url: 'https://www.npmjs.com/~lucaong' } },
      {
        productsteam: { count: 1, url: 'https://www.npmjs.com/package/chalk' }
      },
      {
        productsteam: {
          count: 1,
          url: 'https://www.npmjs.com/package/@contentful/rich-text-html-renderer'
        }
      },
      {
        productsteam: {
          count: 1,
          url: 'https://www.npmjs.com/search?q=keywords:string-processing'
        }
      },
      {
        productsteam: { count: 1, url: 'https://www.npmjs.com/search?q=keywords:log' }
      },
      {
        productsteam: { count: 1, url: 'https://www.npmjs.com/search?q=keywords:ascii' }
      },
      {
        productsteam: { count: 1, url: 'https://www.npmjs.com/search?q=keywords:colour' }
      },
      {
        productsteam: {
          count: 1,
          url: 'https://www.npmjs.com/search?q=keywords:text-helpers'
        }
      },
      { productsteam: { count: 1, url: 'https://www.npmjs.com/~weaver' } },
      {
        productsteam: { count: 1, url: 'https://www.npmjs.com/search?q=keywords:file' }
      },
      {
        productsteam: { count: 1, url: 'https://www.npmjs.com/search?q=keywords:align' }
      },
      {
        productsteam: {
          count: 1,
          url: 'https://www.npmjs.com/package/ansi-escapes#keywords'
        }
      },
      {
        productsteam: { count: 1, url: 'https://www.npmjs.com/search?q=keywords:remark' }
      },
      {
        productsteam: { count: 1, url: 'https://www.npmjs.com/products/pro' }
      },
      {
        productsteam: { count: 1, url: 'https://www.npmjs.com/search?q=keywords:figlet' }
      },
      {
        productsteam: {
          count: 1,
          url: 'https://www.npmjs.com/search?q=keywords:full%20text'
        }
      },
      {
        productsteam: { count: 1, url: 'https://www.npmjs.com/package/diff' }
      },
      {
        productsteam: {
          count: 1,
          url: 'https://www.npmjs.com/search?q=keywords:message'
        }
      },
      {
        productsteam: { count: 1, url: 'https://www.npmjs.com/search?q=keywords:mkdir' }
      },
      {
        productsteam: { count: 1, url: 'https://www.npmjs.com/products/teams' }
      },
      {
        productsteam: {
          count: 1,
          url: 'https://www.npmjs.com/search?q=keywords:auto%20complete'
        }
      },
      {
        productsteam: { count: 1, url: 'https://www.npmjs.com/package/ansi-styles' }
      },
      {
        productsteam: {
          count: 1,
          url: 'https://www.npmjs.com/package/strip-ansi#keywords'
        }
      },
      {
        productsteam: {
          count: 1,
          url: 'https://www.npmjs.com/package/fs-extra#keywords'
        }
      },
      {
        productsteam: { count: 1, url: 'https://www.npmjs.com/search?q=keywords:index' }
      },
      {
        productsteam: { count: 1, url: 'https://www.npmjs.com/package/fs-extra' }
      },
      { productsteam: { count: 1, url: 'https://www.npmjs.com/~ryanzim' } }
    ]

      at Socket.<anonymous> (distribution/local/status.js:75:13)

  console.log
    Child process stdout: sending append with key:  a10390916f8a8cd88f6cbcfdb3d4375ab9f5f83530ae99c158ae0fe6bbe6a4a6
    the values:  [
      {
        price: { count: 1, url: 'https://www.npmjs.com/search?q=keywords:editor' }
      },
      {
        price: {
          count: 1,
          url: 'https://www.npmjs.com/search?q=keywords:promise'
        }
      },
      {
        price: {
          count: 1,
          url: 'https://www.npmjs.com/search?q=text&page=1&perPage=20'
        }
      },
      {
        price: {
          count: 1,
          url: 'https://www.npmjs.com/search?q=keywords:wordbreak'
        }
      },
      { price: { count: 1, url: 'https://www.npmjs.com/products' } },
      { price: { count: 1, url: 'https://www.npmjs.com/~substack' } },
      {
        price: { count: 1, url: 'https://www.npmjs.com/search?q=keywords:mkdirs' }
      },
      {
        price: { count: 1, url: 'https://www.npmjs.com/search?q=keywords:get' }
      },
      {
        price: { count: 1, url: 'https://www.npmjs.com/search?q=keywords:delete' }
      },
      {
        price: { count: 1, url: 'https://www.npmjs.com/package/get-stream' }
      },
      {
        price: { count: 1, url: 'https://www.npmjs.com/search?q=keywords:base64' }
      },
      { price: { count: 1, url: 'https://www.npmjs.com/~lucaong' } },
      { price: { count: 1, url: 'https://www.npmjs.com/package/chalk' } },
      {
        price: {
          count: 1,
          url: 'https://www.npmjs.com/package/@contentful/rich-text-html-renderer'
        }
      },
      {
        price: {
          count: 1,
          url: 'https://www.npmjs.com/search?q=keywords:string-processing'
        }
      },
      {
        price: { count: 1, url: 'https://www.npmjs.com/search?q=keywords:log' }
      },
      {
        price: { count: 1, url: 'https://www.npmjs.com/search?q=keywords:ascii' }
      },
      {
        price: { count: 1, url: 'https://www.npmjs.com/search?q=keywords:colour' }
      },
      {
        price: {
          count: 1,
          url: 'https://www.npmjs.com/search?q=keywords:text-helpers'
        }
      },
      { price: { count: 1, url: 'https://www.npmjs.com/~weaver' } },
      {
        price: { count: 1, url: 'https://www.npmjs.com/search?q=keywords:file' }
      },
      {
        price: { count: 1, url: 'https://www.npmjs.com/search?q=keywords:align' }
      },
      {
        price: {
          count: 1,
          url: 'https://www.npmjs.com/package/ansi-escapes#keywords'
        }
      },
      {
        price: { count: 1, url: 'https://www.npmjs.com/search?q=keywords:remark' }
      },
      { price: { count: 1, url: 'https://www.npmjs.com/products/pro' } },
      {
        price: { count: 1, url: 'https://www.npmjs.com/search?q=keywords:figlet' }
      },
      {
        price: {
          count: 1,
          url: 'https://www.npmjs.com/search?q=keywords:full%20text'
        }
      },
      { price: { count: 1, url: 'https://www.npmjs.com/package/diff' } },
      {
        price: {
          count: 1,
          url: 'https://www.npmjs.com/search?q=keywords:message'
        }
      },
      {
        price: { count: 1, url: 'https://www.npmjs.com/search?q=keywords:mkdir' }
      },
      { price: { count: 1, url: 'https://www.npmjs.com/products/teams' } },
      {
        price: {
          count: 1,
          url: 'https://www.npmjs.com/search?q=keywords:auto%20complete'
        }
      },
      {
        price: { count: 1, url: 'https://www.npmjs.com/package/ansi-styles' }
      },
      {
        price: {
          count: 1,
          url: 'https://www.npmjs.com/package/strip-ansi#keywords'
        }
      },
      {
        price: {
          count: 1,
          url: 'https://www.npmjs.com/package/fs-extra#keywords'
        }
      },
      {
        price: { count: 1, url: 'https://www.npmjs.com/search?q=keywords:index' }
      },
      {
        price: { count: 1, url: 'https://www.npmjs.com/package/fs-extra' }
      },
      { price: { count: 1, url: 'https://www.npmjs.com/~ryanzim' } }
    ]

      at Socket.<anonymous> (distribution/local/status.js:75:13)

  console.log
    Child process stdout: sending append with key:  19e9a307da181df37f52fe2ffa680b0510c1968f8e86ff3afd182b7c3dd76a43

      at Socket.<anonymous> (distribution/local/status.js:75:13)

  console.log
    Child process stdout: the values:  [
      {
        product: { count: 2, url: 'https://www.npmjs.com/search?q=keywords:editor' }
      },
      {
        product: {
          count: 1,
          url: 'https://www.npmjs.com/search?q=keywords:promise'
        }
      },
      {
        product: {
          count: 1,
          url: 'https://www.npmjs.com/search?q=text&page=1&perPage=20'
        }
      },
      {
        product: {
          count: 1,
          url: 'https://www.npmjs.com/search?q=keywords:wordbreak'
        }
      },
      { product: { count: 1, url: 'https://www.npmjs.com/products' } },
      { product: { count: 1, url: 'https://www.npmjs.com/~substack' } },
      {
        product: { count: 1, url: 'https://www.npmjs.com/search?q=keywords:mkdirs' }
      },
      {
        product: { count: 1, url: 'https://www.npmjs.com/search?q=keywords:get' }
      },
      {
        product: { count: 1, url: 'https://www.npmjs.com/search?q=keywords:delete' }
      },
      {
        product: { count: 1, url: 'https://www.npmjs.com/package/get-stream' }
      },
      {
        product: { count: 1, url: 'https://www.npmjs.com/search?q=keywords:base64' }
      },
      { product: { count: 1, url: 'https://www.npmjs.com/~lucaong' } },
      { product: { count: 1, url: 'https://www.npmjs.com/package/chalk' } },
      {
        product: {
          count: 1,
          url: 'https://www.npmjs.com/package/@contentful/rich-text-html-renderer'
        }
      },
      {
        product: {
          count: 1,
          url: 'https://www.npmjs.com/search?q=keywords:string-processing'
        }
      },
      {
        product: { count: 1, url: 'https://www.npmjs.com/search?q=keywords:log' }
      },
      {
        product: { count: 1, url: 'https://www.npmjs.com/search?q=keywords:ascii' }
      },
      {
        product: { count: 1, url: 'https://www.npmjs.com/search?q=keywords:colour' }
      },
      {
        product: {
          count: 1,
          url: 'https://www.npmjs.com/search?q=keywords:text-helpers'
        }
      },
      { product: { count: 1, url: 'https://www.npmjs.com/~weaver' } },
      {
        product: { count: 1, url: 'https://www.npmjs.com/search?q=keywords:file' }
      },
      {
        product: { count: 1, url: 'https://www.npmjs.com/search?q=keywords:align' }
      },
      {
        product: {
          count: 1,
          url: 'https://www.npmjs.com/package/ansi-escapes#keywords'
        }
      },
      {
        product: { count: 1, url: 'https://www.npmjs.com/search?q=keywords:remark' }
      },
      { product: { count: 1, url: 'https://www.npmjs.com/products/pro' } },
      {
        product: { count: 1, url: 'https://www.npmjs.com/search?q=keywords:figlet' }
      },
      {
        product: {
          count: 1,
          url: 'https://www.npmjs.com/search?q=keywords:full%20text'
        }
      },
      { product: { count: 1, url: 'https://www.npmjs.com/package/diff' } },
      {
        product: {
          count: 1,
          url: 'https://www.npmjs.com/search?q=keywords:message'
        }
      },
      {
        product: { count: 1, url: 'https://www.npmjs.com/search?q=keywords:mkdir' }
      },
      {
        product: { count: 1, url: 'https://www.npmjs.com/policies/terms' }
      },
      {
        product: { count: 1, url: 'https://www.npmjs.com/products/teams' }
      },
      {
        product: {
          count: 1,
          url: 'https://www.npmjs.com/search?q=keywords:auto%20complete'
        }
      },
      {
        product: { count: 1, url: 'https://www.npmjs.com/package/ansi-styles' }
      },
      {
        product: {
          count: 1,
          url: 'https://www.npmjs.com/package/strip-ansi#keywords'
        }
      },
      {
        product: {
          count: 1,
          url: 'https://www.npmjs.com/package/fs-extra#keywords'
        }
      },
      {
        product: { count: 1, url: 'https://www.npmjs.com/search?q=keywords:index' }
      },
      {
        product: { count: 1, url: 'https://www.npmjs.com/package/fs-extra' }
      },
      { product: { count: 1, url: 'https://www.npmjs.com/~ryanzim' } }
    ]

      at Socket.<anonymous> (distribution/local/status.js:75:13)

  console.log
    Child process stdout: sending append with key:  9272f046af66f0f088d2b4f1a80b86df5ad93f722de4289619dafdcb6b979a5c

      at Socket.<anonymous> (distribution/local/status.js:75:13)

  console.log
    Child process stdout: the values:  [
      {
        document: { count: 1, url: 'https://www.npmjs.com/search?q=keywords:editor' }
      },
      {
        document: {
          count: 1,
          url: 'https://www.npmjs.com/search?q=keywords:promise'
        }
      },
      {
        document: {
          count: 1,
          url: 'https://www.npmjs.com/search?q=text&page=1&perPage=20'
        }
      },
      {
        document: { count: 2, url: 'https://www.npmjs.com/policies/conduct' }
      },
      {
        document: {
          count: 1,
          url: 'https://www.npmjs.com/search?q=keywords:wordbreak'
        }
      },
      { document: { count: 1, url: 'https://www.npmjs.com/products' } },
      { document: { count: 1, url: 'https://www.npmjs.com/~substack' } },
      {
        document: { count: 1, url: 'https://www.npmjs.com/search?q=keywords:mkdirs' }
      },
      {
        document: { count: 1, url: 'https://www.npmjs.com/search?q=keywords:get' }
      },
      {
        document: { count: 1, url: 'https://www.npmjs.com/search?q=keywords:delete' }
      },
      {
        document: { count: 1, url: 'https://www.npmjs.com/package/get-stream' }
      },
      {
        document: { count: 1, url: 'https://www.npmjs.com/search?q=keywords:base64' }
      },
      { document: { count: 1, url: 'https://www.npmjs.com/~lucaong' } },
      {
        document: { count: 1, url: 'https://www.npmjs.com/package/chalk' }
      },
      {
        document: {
          count: 12,
          url: 'https://www.npmjs.com/package/@contentful/rich-text-html-renderer'
        }
      },
      {
        document: {
          count: 1,
          url: 'https://www.npmjs.com/search?q=keywords:string-processing'
        }
      },
      {
        document: { count: 1, url: 'https://www.npmjs.com/search?q=keywords:log' }
      },
      {
        document: { count: 1, url: 'https://www.npmjs.com/search?q=keywords:ascii' }
      },
      {
        document: { count: 1, url: 'https://www.npmjs.com/search?q=keywords:colour' }
      },
      {
        document: {
          count: 1,
          url: 'https://www.npmjs.com/search?q=keywords:text-helpers'
        }
      },
      { document: { count: 1, url: 'https://www.npmjs.com/~weaver' } },
      {
        document: { count: 1, url: 'https://www.npmjs.com/search?q=keywords:file' }
      },
      {
        document: { count: 1, url: 'https://www.npmjs.com/search?q=keywords:align' }
      },
      {
        document: {
          count: 1,
          url: 'https://www.npmjs.com/package/ansi-escapes#keywords'
        }
      },
      {
        document: { count: 1, url: 'https://www.npmjs.com/search?q=keywords:remark' }
      },
      { document: { count: 1, url: 'https://www.npmjs.com/products/pro' } },
      {
        document: { count: 1, url: 'https://www.npmjs.com/search?q=keywords:figlet' }
      },
      {
        document: {
          count: 1,
          url: 'https://www.npmjs.com/search?q=keywords:full%20text'
        }
      },
      { document: { count: 1, url: 'https://www.npmjs.com/package/diff' } },
      {
        document: {
          count: 1,
          url: 'https://www.npmjs.com/search?q=keywords:message'
        }
      },
      {
        document: { count: 1, url: 'https://www.npmjs.com/search?q=keywords:mkdir' }
      },
      {
        document: { count: 1, url: 'https://www.npmjs.com/products/teams' }
      },
      {
        document: {
          count: 1,
          url: 'https://www.npmjs.com/search?q=keywords:auto%20complete'
        }
      },
      {
        document: { count: 1, url: 'https://www.npmjs.com/package/ansi-styles' }
      },
      {
        document: {
          count: 1,
          url: 'https://www.npmjs.com/package/strip-ansi#keywords'
        }
      },
      {
        document: {
          count: 1,
          url: 'https://www.npmjs.com/package/fs-extra#keywords'
        }
      },
      {
        document: { count: 3, url: 'https://www.npmjs.com/search?q=keywords:index' }
      },
      {
        document: { count: 1, url: 'https://www.npmjs.com/package/fs-extra' }
      },
      { document: { count: 1, url: 'https://www.npmjs.com/~ryanzim' } }
    ]

      at Socket.<anonymous> (distribution/local/status.js:75:13)

  console.log
    Child process stdout: sending append with key:  d6ac06530dd03866285ba4763154510e4b7f49ab22b5f5758be69e0739d442a3

      at Socket.<anonymous> (distribution/local/status.js:75:13)

  console.log
    Child process stdout: the values:  [
      {
        httpsdocsnpmjscomnpmsearchsign: { count: 1, url: 'https://www.npmjs.com/search?q=keywords:editor' }
      },
      {
        httpsdocsnpmjscomnpmsearchsign: {
          count: 1,
          url: 'https://www.npmjs.com/search?q=keywords:promise'
        }
      },
      {
        httpsdocsnpmjscomnpmsearchsign: {
          count: 1,
          url: 'https://www.npmjs.com/search?q=text&page=1&perPage=20'
        }
      },
      {
        httpsdocsnpmjscomnpmsearchsign: {
          count: 1,
          url: 'https://www.npmjs.com/search?q=keywords:wordbreak'
        }
      },
      {
        httpsdocsnpmjscomnpmsearchsign: { count: 1, url: 'https://www.npmjs.com/products' }
      },
      {
        httpsdocsnpmjscomnpmsearchsign: { count: 1, url: 'https://www.npmjs.com/~substack' }
      },
      {
        httpsdocsnpmjscomnpmsearchsign: { count: 1, url: 'https://www.npmjs.com/search?q=keywords:mkdirs' }
      },
      {
        httpsdocsnpmjscomnpmsearchsign: { count: 1, url: 'https://www.npmjs.com/search?q=keywords:get' }
      },
      {
        httpsdocsnpmjscomnpmsearchsign: { count: 1, url: 'https://www.npmjs.com/search?q=keywords:delete' }
      },
      {
        httpsdocsnpmjscomnpmsearchsign: { count: 1, url: 'https://www.npmjs.com/package/get-stream' }
      },
      {
        httpsdocsnpmjscomnpmsearchsign: { count: 1, url: 'https://www.npmjs.com/search?q=keywords:base64' }
      },
      {
        httpsdocsnpmjscomnpmsearchsign: { count: 1, url: 'https://www.npmjs.com/~lucaong' }
      },
      {
        httpsdocsnpmjscomnpmsearchsign: { count: 1, url: 'https://www.npmjs.com/package/chalk' }
      },
      {
        httpsdocsnpmjscomnpmsearchsign: {
          count: 1,
          url: 'https://www.npmjs.com/package/@contentful/rich-text-html-renderer'
        }
      },
      {
        httpsdocsnpmjscomnpmsearchsign: {
          count: 1,
          url: 'https://www.npmjs.com/search?q=keywords:string-processing'
        }
      },
      {
        httpsdocsnpmjscomnpmsearchsign: { count: 1, url: 'https://www.npmjs.com/search?q=keywords:log' }
      },
      {
        httpsdocsnpmjscomnpmsearchsign: { count: 1, url: 'https://www.npmjs.com/search?q=keywords:ascii' }
      },
      {
        httpsdocsnpmjscomnpmsearchsign: { count: 1, url: 'https://www.npmjs.com/search?q=keywords:colour' }
      },
      {
        httpsdocsnpmjscomnpmsearchsign: {
          count: 1,
          url: 'https://www.npmjs.com/search?q=keywords:text-helpers'
        }
      },
      {
        httpsdocsnpmjscomnpmsearchsign: { count: 1, url: 'https://www.npmjs.com/~weaver' }
      },
      {
        httpsdocsnpmjscomnpmsearchsign: { count: 1, url: 'https://www.npmjs.com/search?q=keywords:file' }
      },
      {
        httpsdocsnpmjscomnpmsearchsign: { count: 1, url: 'https://www.npmjs.com/search?q=keywords:align' }
      },
      {
        httpsdocsnpmjscomnpmsearchsign: {
          count: 1,
          url: 'https://www.npmjs.com/package/ansi-escapes#keywords'
        }
      },
      {
        httpsdocsnpmjscomnpmsearchsign: { count: 1, url: 'https://www.npmjs.com/search?q=keywords:remark' }
      },
      {
        httpsdocsnpmjscomnpmsearchsign: { count: 1, url: 'https://www.npmjs.com/products/pro' }
      },
      {
        httpsdocsnpmjscomnpmsearchsign: { count: 1, url: 'https://www.npmjs.com/search?q=keywords:figlet' }
      },
      {
        httpsdocsnpmjscomnpmsearchsign: {
          count: 1,
          url: 'https://www.npmjs.com/search?q=keywords:full%20text'
        }
      },
      {
        httpsdocsnpmjscomnpmsearchsign: { count: 1, url: 'https://www.npmjs.com/package/diff' }
      },
      {
        httpsdocsnpmjscomnpmsearchsign: {
          count: 1,
          url: 'https://www.npmjs.com/search?q=keywords:message'
        }
      },
      {
        httpsdocsnpmjscomnpmsearchsign: { count: 1, url: 'https://www.npmjs.com/search?q=keywords:mkdir' }
      },
      {
        httpsdocsnpmjscomnpmsearchsign: { count: 1, url: 'https://www.npmjs.com/products/teams' }
      },
      {
        httpsdocsnpmjscomnpmsearchsign: {
          count: 1,
          url: 'https://www.npmjs.com/search?q=keywords:auto%20complete'
        }
      },
      {
        httpsdocsnpmjscomnpmsearchsign: { count: 1, url: 'https://www.npmjs.com/package/ansi-styles' }
      },
      {
        httpsdocsnpmjscomnpmsearchsign: {
          count: 1,
          url: 'https://www.npmjs.com/package/strip-ansi#keywords'
        }
      },
      {
        httpsdocsnpmjscomnpmsearchsign: {
          count: 1,
          url: 'https://www.npmjs.com/package/fs-extra#keywords'
        }
      },
      {
        httpsdocsnpmjscomnpmsearchsign: { count: 1, url: 'https://www.npmjs.com/search?q=keywords:index' }
      },
      {
        httpsdocsnpmjscomnpmsearchsign: { count: 1, url: 'https://www.npmjs.com/package/fs-extra' }
      },
      {
        httpsdocsnpmjscomnpmsearchsign: { count: 1, url: 'https://www.npmjs.com/~ryanzim' }
      }
    ]

      at Socket.<anonymous> (distribution/local/status.js:75:13)

  console.log
    Child process stdout: sending append with key:  3b5f292ffdc22820f1e4737b74be283f6010ebb58cc97739a5c26966f813b045

      at Socket.<anonymous> (distribution/local/status.js:75:13)

  console.log
    Child process stdout: the values:  [
      {
        signupsign: { count: 1, url: 'https://www.npmjs.com/search?q=keywords:editor' }
      },
      {
        signupsign: {
          count: 1,
          url: 'https://www.npmjs.com/search?q=keywords:promise'
        }
      },
      {
        signupsign: {
          count: 1,
          url: 'https://www.npmjs.com/search?q=text&page=1&perPage=20'
        }
      },
      {
        signupsign: {
          count: 1,
          url: 'https://www.npmjs.com/search?q=keywords:wordbreak'
        }
      },
      { signupsign: { count: 1, url: 'https://www.npmjs.com/products' } },
      { signupsign: { count: 1, url: 'https://www.npmjs.com/~substack' } },
      {
        signupsign: { count: 1, url: 'https://www.npmjs.com/search?q=keywords:mkdirs' }
      },
      {
        signupsign: { count: 1, url: 'https://www.npmjs.com/search?q=keywords:get' }
      },
      {
        signupsign: { count: 1, url: 'https://www.npmjs.com/search?q=keywords:delete' }
      },
      {
        signupsign: { count: 1, url: 'https://www.npmjs.com/package/get-stream' }
      },
      {
        signupsign: { count: 1, url: 'https://www.npmjs.com/search?q=keywords:base64' }
      },
      { signupsign: { count: 1, url: 'https://www.npmjs.com/~lucaong' } },
      {
        signupsign: { count: 1, url: 'https://www.npmjs.com/package/chalk' }
      },
      {
        signupsign: {
          count: 1,
          url: 'https://www.npmjs.com/package/@contentful/rich-text-html-renderer'
        }
      },
      {
        signupsign: {
          count: 1,
          url: 'https://www.npmjs.com/search?q=keywords:string-processing'
        }
      },
      {
        signupsign: { count: 1, url: 'https://www.npmjs.com/search?q=keywords:log' }
      },
      {
        signupsign: { count: 1, url: 'https://www.npmjs.com/search?q=keywords:ascii' }
      },
      {
        signupsign: { count: 1, url: 'https://www.npmjs.com/search?q=keywords:colour' }
      },
      {
        signupsign: {
          count: 1,
          url: 'https://www.npmjs.com/search?q=keywords:text-helpers'
        }
      },
      { signupsign: { count: 1, url: 'https://www.npmjs.com/~weaver' } },
      {
        signupsign: { count: 1, url: 'https://www.npmjs.com/search?q=keywords:file' }
      },
      {
        signupsign: { count: 1, url: 'https://www.npmjs.com/search?q=keywords:align' }
      },
      {
        signupsign: {
          count: 1,
          url: 'https://www.npmjs.com/package/ansi-escapes#keywords'
        }
      },
      {
        signupsign: { count: 1, url: 'https://www.npmjs.com/search?q=keywords:remark' }
      },
      {
        signupsign: { count: 1, url: 'https://www.npmjs.com/products/pro' }
      },
      {
        signupsign: { count: 1, url: 'https://www.npmjs.com/search?q=keywords:figlet' }
      },
      {
        signupsign: {
          count: 1,
          url: 'https://www.npmjs.com/search?q=keywords:full%20text'
        }
      },
      {
        signupsign: { count: 1, url: 'https://www.npmjs.com/package/diff' }
      },
      {
        signupsign: {
          count: 1,
          url: 'https://www.npmjs.com/search?q=keywords:message'
        }
      },
      {
        signupsign: { count: 1, url: 'https://www.npmjs.com/search?q=keywords:mkdir' }
      },
      {
        signupsign: { count: 1, url: 'https://www.npmjs.com/products/teams' }
      },
      {
        signupsign: {
          count: 1,
          url: 'https://www.npmjs.com/search?q=keywords:auto%20complete'
        }
      },
      {
        signupsign: { count: 1, url: 'https://www.npmjs.com/package/ansi-styles' }
      },
      {
        signupsign: {
          count: 1,
          url: 'https://www.npmjs.com/package/strip-ansi#keywords'
        }
      },
      {
        signupsign: {
          count: 1,
          url: 'https://www.npmjs.com/package/fs-extra#keywords'
        }
      },
      {
        signupsign: { count: 1, url: 'https://www.npmjs.com/search?q=keywords:index' }
      },
      {
        signupsign: { count: 1, url: 'https://www.npmjs.com/package/fs-extra' }
      },
      { signupsign: { count: 1, url: 'https://www.npmjs.com/~ryanzim' } }
    ]

      at Socket.<anonymous> (distribution/local/status.js:75:13)

  console.log
    Child process stdout: sending append with key:  db8fd594363bed3ba5e3b154e425c7027200e3b06bd105bd5b1026fc80b7f09d

      at Socket.<anonymous> (distribution/local/status.js:75:13)

  console.log
    Child process stdout: the values:  [
      {
        loginsearch: { count: 1, url: 'https://www.npmjs.com/search?q=keywords:editor' }
      },
      {
        loginsearch: {
          count: 1,
          url: 'https://www.npmjs.com/search?q=keywords:promise'
        }
      },
      {
        loginsearch: {
          count: 1,
          url: 'https://www.npmjs.com/search?q=text&page=1&perPage=20'
        }
      },
      {
        loginsearch: {
          count: 1,
          url: 'https://www.npmjs.com/search?q=keywords:wordbreak'
        }
      },
      {
        loginsearch: { count: 1, url: 'https://www.npmjs.com/search?q=keywords:mkdirs' }
      },
      {
        loginsearch: { count: 1, url: 'https://www.npmjs.com/search?q=keywords:get' }
      },
      {
        loginsearch: { count: 1, url: 'https://www.npmjs.com/search?q=keywords:delete' }
      },
      {
        loginsearch: { count: 1, url: 'https://www.npmjs.com/search?q=keywords:base64' }
      },
      {
        loginsearch: {
          count: 1,
          url: 'https://www.npmjs.com/search?q=keywords:string-processing'
        }
      },
      {
        loginsearch: { count: 1, url: 'https://www.npmjs.com/search?q=keywords:log' }
      },
      {
        loginsearch: { count: 1, url: 'https://www.npmjs.com/search?q=keywords:ascii' }
      },
      {
        loginsearch: { count: 1, url: 'https://www.npmjs.com/search?q=keywords:colour' }
      },
      {
        loginsearch: {
          count: 1,
          url: 'https://www.npmjs.com/search?q=keywords:text-helpers'
        }
      },
      {
        loginsearch: { count: 1, url: 'https://www.npmjs.com/search?q=keywords:file' }
      },
      {
        loginsearch: { count: 1, url: 'https://www.npmjs.com/search?q=keywords:align' }
      },
      {
        loginsearch: { count: 1, url: 'https://www.npmjs.com/search?q=keywords:remark' }
      },
      {
        loginsearch: { count: 1, url: 'https://www.npmjs.com/search?q=keywords:figlet' }
      },
      {
        loginsearch: {
          count: 1,
          url: 'https://www.npmjs.com/search?q=keywords:full%20text'
        }
      },
      {
        loginsearch: {
          count: 1,
          url: 'https://www.npmjs.com/search?q=keywords:message'
        }
      },
      {
        loginsearch: { count: 1, url: 'https://www.npmjs.com/search?q=keywords:mkdir' }
      },
      {
        loginsearch: {
          count: 1,
          url: 'https://www.npmjs.com/search?q=keywords:auto%20complete'
        }
      },
      {
        loginsearch: { count: 1, url: 'https://www.npmjs.com/search?q=keywords:index' }
      }
    ]

      at Socket.<anonymous> (distribution/local/status.js:75:13)

  console.log
    Child process stdout: sending append with key:  31a288bba73bdcc8567fce8e10d40b89f1dc1aa9e34ca9817a57be0e9bd638a0
    the values:  [
      {
        result: { count: 1, url: 'https://www.npmjs.com/search?q=keywords:editor' }
      },
      {
        result: {
          count: 1,
          url: 'https://www.npmjs.com/search?q=keywords:promise'
        }
      },
      {
        result: {
          count: 1,
          url: 'https://www.npmjs.com/search?q=text&page=1&perPage=20'
        }
      },
      {
        result: { count: 1, url: 'https://www.npmjs.com/policies/conduct' }
      },
      {
        result: {
          count: 1,
          url: 'https://www.npmjs.com/search?q=keywords:wordbreak'
        }
      },
      {
        result: { count: 1, url: 'https://www.npmjs.com/search?q=keywords:mkdirs' }
      },
      {
        result: { count: 1, url: 'https://www.npmjs.com/search?q=keywords:get' }
      },
      {
        result: { count: 1, url: 'https://www.npmjs.com/search?q=keywords:delete' }
      },
      {
        result: { count: 1, url: 'https://www.npmjs.com/search?q=keywords:base64' }
      },
      {
        result: {
          count: 1,
          url: 'https://www.npmjs.com/search?q=keywords:string-processing'
        }
      },
      {
        result: { count: 1, url: 'https://www.npmjs.com/search?q=keywords:log' }
      },
      {
        result: { count: 1, url: 'https://www.npmjs.com/search?q=keywords:ascii' }
      },
      {
        result: { count: 1, url: 'https://www.npmjs.com/search?q=keywords:colour' }
      },
      {
        result: {
          count: 1,
          url: 'https://www.npmjs.com/search?q=keywords:text-helpers'
        }
      },
      {
        result: { count: 1, url: 'https://www.npmjs.com/search?q=keywords:file' }
      },
      {
        result: { count: 1, url: 'https://www.npmjs.com/search?q=keywords:align' }
      },
      {
        result: { count: 1, url: 'https://www.npmjs.com/search?q=keywords:remark' }
      },
      {
        result: { count: 1, url: 'https://www.npmjs.com/search?q=keywords:figlet' }
      },
      {
        result: {
          count: 1,
          url: 'https://www.npmjs.com/search?q=keywords:full%20text'
        }
      },
      { result: { count: 4, url: 'https://www.npmjs.com/package/diff' } },
      {
        result: {
          count: 1,
          url: 'https://www.npmjs.com/search?q=keywords:message'
        }
      },
      {
        result: { count: 1, url: 'https://www.npmjs.com/search?q=keywords:mkdir' }
      },
      {
        result: {
          count: 1,
          url: 'https://www.npmjs.com/search?q=keywords:auto%20complete'
        }
      },
      {
        result: { count: 1, url: 'https://www.npmjs.com/search?q=keywords:index' }
      }
    ]

      at Socket.<anonymous> (distribution/local/status.js:75:13)

  console.log
    Child process stdout: sending append with key:  a8a51bf344356464cf6d04b6c2781baeaf9b54313ce61e5c63c2a9c7dc11898f
    the values:  [
      {
        packag: { count: 1, url: 'https://www.npmjs.com/search?q=keywords:editor' }
      },
      {
        packag: {
          count: 1,
          url: 'https://www.npmjs.com/search?q=keywords:promise'
        }
      },
      {
        packag: {
          count: 1,
          url: 'https://www.npmjs.com/search?q=text&page=1&perPage=20'
        }
      },
      {
        packag: { count: 51, url: 'https://www.npmjs.com/policies/conduct' }
      },
      {
        packag: {
          count: 2,
          url: 'https://www.npmjs.com/search?q=keywords:wordbreak'
        }
      },
      { packag: { count: 6, url: 'https://www.npmjs.com/products' } },
      {
        packag: { count: 3, url: 'https://www.npmjs.com/search?q=keywords:mkdirs' }
      },
      {
        packag: { count: 4, url: 'https://www.npmjs.com/search?q=keywords:get' }
      },
      {
        packag: { count: 1, url: 'https://www.npmjs.com/search?q=keywords:delete' }
      },
      {
        packag: { count: 2, url: 'https://www.npmjs.com/package/get-stream' }
      },
      {
        packag: { count: 2, url: 'https://www.npmjs.com/search?q=keywords:base64' }
      },
      { packag: { count: 1, url: 'https://www.npmjs.com/~lucaong' } },
      { packag: { count: 5, url: 'https://www.npmjs.com/package/chalk' } },
      {
        packag: {
          count: 1,
          url: 'https://www.npmjs.com/package/@contentful/rich-text-html-renderer'
        }
      },
      {
        packag: {
          count: 1,
          url: 'https://www.npmjs.com/search?q=keywords:string-processing'
        }
      },
      {
        packag: { count: 1, url: 'https://www.npmjs.com/search?q=keywords:log' }
      },
      {
        packag: { count: 2, url: 'https://www.npmjs.com/search?q=keywords:ascii' }
      },
      {
        packag: { count: 2, url: 'https://www.npmjs.com/search?q=keywords:colour' }
      },
      {
        packag: {
          count: 1,
          url: 'https://www.npmjs.com/search?q=keywords:text-helpers'
        }
      },
      { packag: { count: 1, url: 'https://www.npmjs.com/~weaver' } },
      {
        packag: { count: 4, url: 'https://www.npmjs.com/search?q=keywords:file' }
      },
      {
        packag: { count: 1, url: 'https://www.npmjs.com/search?q=keywords:align' }
      },
      {
        packag: {
          count: 2,
          url: 'https://www.npmjs.com/package/ansi-escapes#keywords'
        }
      },
      {
        packag: { count: 1, url: 'https://www.npmjs.com/search?q=keywords:remark' }
      },
      { packag: { count: 6, url: 'https://www.npmjs.com/products/pro' } },
      {
        packag: { count: 1, url: 'https://www.npmjs.com/search?q=keywords:figlet' }
      },
      {
        packag: {
          count: 3,
          url: 'https://www.npmjs.com/search?q=keywords:full%20text'
        }
      },
      { packag: { count: 1, url: 'https://www.npmjs.com/package/diff' } },
      {
        packag: {
          count: 1,
          url: 'https://www.npmjs.com/search?q=keywords:message'
        }
      },
      {
        packag: { count: 1, url: 'https://www.npmjs.com/search?q=keywords:mkdir' }
      },
      {
        packag: { count: 42, url: 'https://www.npmjs.com/policies/terms' }
      },
      { packag: { count: 4, url: 'https://www.npmjs.com/products/teams' } },
      {
        packag: {
          count: 1,
          url: 'https://www.npmjs.com/search?q=keywords:auto%20complete'
        }
      },
      {
        packag: { count: 3, url: 'https://www.npmjs.com/package/ansi-styles' }
      },
      {
        packag: {
          count: 3,
          url: 'https://www.npmjs.com/package/strip-ansi#keywords'
        }
      },
      {
        packag: {
          count: 2,
          url: 'https://www.npmjs.com/package/fs-extra#keywords'
        }
      },
      {
        packag: { count: 1, url: 'https://www.npmjs.com/search?q=keywords:index' }
      },
      {
        packag: { count: 2, url: 'https://www.npmjs.com/package/fs-extra' }
      },
      { packag: { count: 4, url: 'https://www.npmjs.com/~ryanzim' } }
    ]
    sending append with key:  1d89391ac562c3d25dc02c413c167678d68b37dfc618a609473e6411ec71b49f
    the values:  [
      {
        searchqkeywordsaeditorpageperpag: { count: 8, url: 'https://www.npmjs.com/search?q=keywords:editor' }
      }
    ]
    sending append with key:  39656d5807d6a4d9333cf7b0a74d7188b698bd4ea7cf7942583eacddff1ed608
    the values:  [
      {
        searchqkeywordsaeditorpageperpagesort: { count: 1, url: 'https://www.npmjs.com/search?q=keywords:editor' }
      }
    ]

      at Socket.<anonymous> (distribution/local/status.js:75:13)

  console.log
    Child process stdout: sending append with key:  c051fef9a4b1e25b5f2193dfa5e04caf54bc86f458653210e979046b6996e3b0
    the values:  [
      {
        packagesoptimalpopularityqualitymaintenancehttpsstaticproductionnpmjscomdeadeaceadbbbsvgopenpackageopenopen: { count: 1, url: 'https://www.npmjs.com/search?q=keywords:editor' }
      }
    ]
    sending append with key:  7ee4159be52b43fc9feb5cae32ad317f79425bef59f7a796a038ab2cd70a2df4
    the values:  [
      {
        stuff: { count: 1, url: 'https://www.npmjs.com/search?q=keywords:editor' }
      },
      {
        stuff: { count: 1, url: 'https://www.npmjs.com/search?q=keywords:file' }
      }
    ]
    sending append with key:  d75ed33385ff781bbd984ad54615893763534e41801f90ae95f2eda5717bd64f
    the values:  [
      {
        url: { count: 1, url: 'https://www.npmjs.com/search?q=keywords:editor' }
      },
      {
        url: {
          count: 1,
          url: 'https://www.npmjs.com/search?q=keywords:promise'
        }
      },
      {
        url: { count: 4, url: 'https://www.npmjs.com/search?q=keywords:get' }
      },
      {
        url: { count: 1, url: 'https://www.npmjs.com/search?q=keywords:base64' }
      },
      {
        url: { count: 3, url: 'https://www.npmjs.com/search?q=keywords:file' }
      }
    ]
    sending append with key:  9a77322e3fa1584098adb238a81d3601bd2396cd5e53b81e06925f55b27c1e49
    the values:  [
      {
        file: { count: 2, url: 'https://www.npmjs.com/search?q=keywords:editor' }
      },
      {
        file: {
          count: 3,
          url: 'https://www.npmjs.com/search?q=keywords:promise'
        }
      },
      {
        file: {
          count: 8,
          url: 'https://www.npmjs.com/search?q=text&page=1&perPage=20'
        }
      },
      { file: { count: 4, url: 'https://www.npmjs.com/policies/conduct' } },
      {
        file: {
          count: 2,
          url: 'https://www.npmjs.com/search?q=keywords:wordbreak'
        }
      },
      {
        file: { count: 5, url: 'https://www.npmjs.com/search?q=keywords:mkdirs' }
      },
      {
        file: { count: 2, url: 'https://www.npmjs.com/search?q=keywords:get' }
      },
      {
        file: {
          count: 12,
          url: 'https://www.npmjs.com/search?q=keywords:delete'
        }
      },
      {
        file: { count: 4, url: 'https://www.npmjs.com/search?q=keywords:base64' }
      },
      { file: { count: 2, url: 'https://www.npmjs.com/~lucaong' } },
      {
        file: { count: 2, url: 'https://www.npmjs.com/search?q=keywords:log' }
      },
      {
        file: { count: 2, url: 'https://www.npmjs.com/search?q=keywords:ascii' }
      },
      { file: { count: 1, url: 'https://www.npmjs.com/~weaver' } },
      {
        file: { count: 30, url: 'https://www.npmjs.com/search?q=keywords:file' }
      },
      {
        file: { count: 1, url: 'https://www.npmjs.com/search?q=keywords:align' }
      },
      {
        file: { count: 3, url: 'https://www.npmjs.com/search?q=keywords:remark' }
      },
      {
        file: { count: 1, url: 'https://www.npmjs.com/search?q=keywords:figlet' }
      },
      {
        file: {
          count: 1,
          url: 'https://www.npmjs.com/search?q=keywords:full%20text'
        }
      },
      { file: { count: 12, url: 'https://www.npmjs.com/package/diff' } },
      {
        file: {
          count: 3,
          url: 'https://www.npmjs.com/search?q=keywords:message'
        }
      },
      {
        file: { count: 10, url: 'https://www.npmjs.com/search?q=keywords:mkdir' }
      },
      { file: { count: 5, url: 'https://www.npmjs.com/policies/terms' } },
      {
        file: {
          count: 9,
          url: 'https://www.npmjs.com/package/fs-extra#keywords'
        }
      },
      {
        file: { count: 1, url: 'https://www.npmjs.com/search?q=keywords:index' }
      },
      { file: { count: 9, url: 'https://www.npmjs.com/package/fs-extra' } },
      { file: { count: 5, url: 'https://www.npmjs.com/~ryanzim' } }
    ]
    sending append with key:  d1692df58b105d625eeb81609e72dd3cfd816293d17826ead582c6c2464aecc6
    the values:  [
      {
        execut: { count: 2, url: 'https://www.npmjs.com/search?q=keywords:editor' }
      },
      { execut: { count: 1, url: 'https://www.npmjs.com/~lucaong' } },
      {
        execut: { count: 4, url: 'https://www.npmjs.com/search?q=keywords:file' }
      },
      { execut: { count: 2, url: 'https://www.npmjs.com/package/diff' } },
      {
        execut: { count: 1, url: 'https://www.npmjs.com/search?q=keywords:mkdir' }
      }
    ]
    sending append with key:  2472d71177e187152246dac020c6bded27ac0ffb0573bf17fd9413297c6dee15
    the values:  [
      {
        crossplatform: { count: 1, url: 'https://www.npmjs.com/search?q=keywords:editor' }
      },
      {
        crossplatform: { count: 2, url: 'https://www.npmjs.com/search?q=keywords:get' }
      },
      {
        crossplatform: { count: 2, url: 'https://www.npmjs.com/search?q=keywords:file' }
      }
    ]
    sending append with key:  2c4e4e530f418aa730b5e3c0bc7f8c0c1cbc9a0d97fd11caea9ecc68fbc5c269
    the values:  [
      {
        app: { count: 1, url: 'https://www.npmjs.com/search?q=keywords:editor' }
      },
      {
        app: { count: 1, url: 'https://www.npmjs.com/search?q=keywords:file' }
      },
      {
        app: {
          count: 1,
          url: 'https://www.npmjs.com/search?q=keywords:message'
        }
      },
      {
        app: { count: 2, url: 'https://www.npmjs.com/search?q=keywords:index' }
      }
    ]

      at Socket.<anonymous> (distribution/local/status.js:75:13)

  console.log
    Child process stdout: sending append with key:  8f1d0ec73cd8bc6ff40364cc90787a7229f198b1d425eedf742bfe5c11cd8d2e
    the values:  [
      {
        searchqkeywordsapp: { count: 1, url: 'https://www.npmjs.com/search?q=keywords:editor' }
      },
      {
        searchqkeywordsapp: { count: 1, url: 'https://www.npmjs.com/search?q=keywords:file' }
      },
      {
        searchqkeywordsapp: {
          count: 1,
          url: 'https://www.npmjs.com/search?q=keywords:message'
        }
      },
      {
        searchqkeywordsapp: { count: 1, url: 'https://www.npmjs.com/search?q=keywords:index' }
      }
    ]
    sending append with key:  97fd95df438639bdb052f7f89e9b05abd8448b1cc73830c8376a5bf30d573442
    the values:  [
      {
        open: { count: 3, url: 'https://www.npmjs.com/search?q=keywords:editor' }
      },
      { open: { count: 5, url: 'https://www.npmjs.com/policies/conduct' } },
      { open: { count: 2, url: 'https://www.npmjs.com/package/chalk' } },
      {
        open: { count: 3, url: 'https://www.npmjs.com/search?q=keywords:file' }
      },
      { open: { count: 1, url: 'https://www.npmjs.com/products/pro' } },
      {
        open: {
          count: 1,
          url: 'https://www.npmjs.com/search?q=keywords:full%20text'
        }
      },
      { open: { count: 2, url: 'https://www.npmjs.com/policies/terms' } },
      { open: { count: 1, url: 'https://www.npmjs.com/products/teams' } },
      {
        open: { count: 2, url: 'https://www.npmjs.com/package/ansi-styles' }
      },
      {
        open: {
          count: 1,
          url: 'https://www.npmjs.com/package/strip-ansi#keywords'
        }
      },
      {
        open: {
          count: 1,
          url: 'https://www.npmjs.com/package/fs-extra#keywords'
        }
      },
      { open: { count: 1, url: 'https://www.npmjs.com/package/fs-extra' } }
    ]

      at Socket.<anonymous> (distribution/local/status.js:75:13)

  console.log
    Child process stdout: sending append with key:  4e2ff52bd8550cc482455b9a4aa7f74381f76d8bb3d3711332e94f842d0b0efa
    the values:  [
      {
        searchqkeywordsopen: { count: 3, url: 'https://www.npmjs.com/search?q=keywords:editor' }
      },
      {
        searchqkeywordsopen: { count: 3, url: 'https://www.npmjs.com/search?q=keywords:file' }
      },
      {
        searchqkeywordsopen: {
          count: 1,
          url: 'https://www.npmjs.com/search?q=keywords:full%20text'
        }
      }
    ]
    sending append with key:  197e9a18b56688dbcd4a591bc6b793124315958bf6857523c7ae58bd42829661
    the values:  [
      {
        launch: { count: 1, url: 'https://www.npmjs.com/search?q=keywords:editor' }
      },
      {
        launch: { count: 1, url: 'https://www.npmjs.com/search?q=keywords:file' }
      }
    ]

      at Socket.<anonymous> (distribution/local/status.js:75:13)

  console.log
    Child process stdout: sending append with key:  24a7d64b2cfb3803a1449988728460f2b2bd075a4736b921271351c43a2f7dcb
    the values:  [
      {
        searchqkeywordslaunch: { count: 1, url: 'https://www.npmjs.com/search?q=keywords:editor' }
      },
      {
        searchqkeywordslaunch: { count: 1, url: 'https://www.npmjs.com/search?q=keywords:file' }
      }
    ]
    sending append with key:  e37a72f0bf7205c65856efd811dcb175797e828a9463e65de5d2cdd80f9f93ee

      at Socket.<anonymous> (distribution/local/status.js:75:13)

  console.log
    Child process stdout: the values:  [
      {
        start: { count: 1, url: 'https://www.npmjs.com/search?q=keywords:editor' }
      },
      {
        start: { count: 2, url: 'https://www.npmjs.com/policies/conduct' }
      },
      { start: { count: 2, url: 'https://www.npmjs.com/products' } },
      {
        start: { count: 1, url: 'https://www.npmjs.com/search?q=keywords:file' }
      },
      {
        start: {
          count: 1,
          url: 'https://www.npmjs.com/package/ansi-escapes#keywords'
        }
      },
      { start: { count: 1, url: 'https://www.npmjs.com/package/diff' } },
      { start: { count: 2, url: 'https://www.npmjs.com/policies/terms' } },
      { start: { count: 2, url: 'https://www.npmjs.com/products/teams' } }
    ]
    sending append with key:  1b416b1944a0e0caec46b7108216e145748005fb825774ae9e883099b0984cf2
    the values:  [
      {
        searchqkeywordsstart: { count: 1, url: 'https://www.npmjs.com/search?q=keywords:editor' }
      },
      {
        searchqkeywordsstart: { count: 1, url: 'https://www.npmjs.com/search?q=keywords:file' }
      }
    ]

      at Socket.<anonymous> (distribution/local/status.js:75:13)

  console.log
    Child process stdout: sending append with key:  9d1d5b05a34499110daf34ebfcc83a8e40055d4f99860ef7dcaff66c73a3c27a
    the values:  [
      {
        xdgopen: { count: 1, url: 'https://www.npmjs.com/search?q=keywords:editor' }
      },
      {
        xdgopen: { count: 1, url: 'https://www.npmjs.com/search?q=keywords:file' }
      }
    ]
    sending append with key:  6309a759ae6bbc7d811ac6be055b1df2f4a2b5c7f9e55aa2fbee73e3e8b901cd
    the values:  [
      {
        searchqkeywordsxdgopen: { count: 1, url: 'https://www.npmjs.com/search?q=keywords:editor' }
      },
      {
        searchqkeywordsxdgopen: { count: 1, url: 'https://www.npmjs.com/search?q=keywords:file' }
      }
    ]

      at Socket.<anonymous> (distribution/local/status.js:75:13)

  console.log
    Child process stdout: sending append with key:  54770b8cf6d6c55d52324ac5af9ae554e1e76b1126e0324748c068866126cff6
    the values:  [
      {
        xdg: { count: 1, url: 'https://www.npmjs.com/search?q=keywords:editor' }
      },
      {
        xdg: { count: 1, url: 'https://www.npmjs.com/search?q=keywords:file' }
      }
    ]
    sending append with key:  889903a37ec70ba7e9539bff01edb05c6356792913ec122650c70ba448718ae5
    the values:  [
      {
        searchqkeywordsxdg: { count: 1, url: 'https://www.npmjs.com/search?q=keywords:editor' }
      },
      {
        searchqkeywordsxdg: { count: 1, url: 'https://www.npmjs.com/search?q=keywords:file' }
      }
    ]

      at Socket.<anonymous> (distribution/local/status.js:75:13)

  console.log
    Child process stdout: sending append with key:  e51008f0b5b33033b5392469cd508ce9312a3d064e852336f9b6b8842db22cbb
    the values:  [
      {
        default: { count: 1, url: 'https://www.npmjs.com/search?q=keywords:editor' }
      },
      {
        default: { count: 1, url: 'https://www.npmjs.com/search?q=keywords:file' }
      },
      {
        default: {
          count: 4,
          url: 'https://www.npmjs.com/package/ansi-escapes#keywords'
        }
      },
      { default: { count: 21, url: 'https://www.npmjs.com/package/diff' } },
      {
        default: { count: 1, url: 'https://www.npmjs.com/package/ansi-styles' }
      },
      {
        default: {
          count: 2,
          url: 'https://www.npmjs.com/package/fs-extra#keywords'
        }
      },
      {
        default: { count: 2, url: 'https://www.npmjs.com/package/fs-extra' }
      }
    ]

      at Socket.<anonymous> (distribution/local/status.js:75:13)

  console.log
    Child process stdout: sending append with key:  9d9bdf3ba80154584e5032057c579bc2fa6f91ed5a5816eced4c0c44e67bf506
    the values:  [
      {
        searchqkeywordsdefault: { count: 1, url: 'https://www.npmjs.com/search?q=keywords:editor' }
      },
      {
        searchqkeywordsdefault: { count: 1, url: 'https://www.npmjs.com/search?q=keywords:file' }
      }
    ]
    sending append with key:  257659deee42d1e50e8bec365e3aa69af3a5ca511e4992e3296c0936cdd29572
    the values:  [
      {
        cmd: { count: 1, url: 'https://www.npmjs.com/search?q=keywords:editor' }
      },
      {
        cmd: { count: 1, url: 'https://www.npmjs.com/search?q=keywords:log' }
      },
      {
        cmd: { count: 1, url: 'https://www.npmjs.com/search?q=keywords:file' }
      }
    ]

      at Socket.<anonymous> (distribution/local/status.js:75:13)

  console.log
    Child process stdout: sending append with key:  53f5924daf59347be5d953ecdfbae530f1c35e6d64a211b560eb8a18b76ce506
    the values:  [
      {
        searchqkeywordscmd: { count: 1, url: 'https://www.npmjs.com/search?q=keywords:editor' }
      },
      {
        searchqkeywordscmd: { count: 1, url: 'https://www.npmjs.com/search?q=keywords:log' }
      },
      {
        searchqkeywordscmd: { count: 1, url: 'https://www.npmjs.com/search?q=keywords:file' }
      }
    ]
    sending append with key:  1b18a3d851c9abda4ebe73c551619147ef452494805698547e63fa333d4cb31b

      at Socket.<anonymous> (distribution/local/status.js:75:13)

  console.log
    Child process stdout: the values:  [
      {
        browser: { count: 1, url: 'https://www.npmjs.com/search?q=keywords:editor' }
      },
      {
        browser: {
          count: 3,
          url: 'https://www.npmjs.com/search?q=keywords:promise'
        }
      },
      {
        browser: {
          count: 2,
          url: 'https://www.npmjs.com/search?q=text&page=1&perPage=20'
        }
      },
      {
        browser: { count: 1, url: 'https://www.npmjs.com/search?q=keywords:get' }
      },
      {
        browser: { count: 4, url: 'https://www.npmjs.com/package/get-stream' }
      },
      { browser: { count: 5, url: 'https://www.npmjs.com/~lucaong' } },
      {
        browser: { count: 3, url: 'https://www.npmjs.com/search?q=keywords:log' }
      },
      {
        browser: { count: 1, url: 'https://www.npmjs.com/search?q=keywords:ascii' }
      },
      {
        browser: { count: 2, url: 'https://www.npmjs.com/search?q=keywords:file' }
      },
      {
        browser: {
          count: 1,
          url: 'https://www.npmjs.com/package/ansi-escapes#keywords'
        }
      },
      {
        browser: {
          count: 1,
          url: 'https://www.npmjs.com/search?q=keywords:full%20text'
        }
      },
      { browser: { count: 2, url: 'https://www.npmjs.com/package/diff' } },
      {
        browser: { count: 1, url: 'https://www.npmjs.com/search?q=keywords:index' }
      }
    ]
    sending append with key:  2f8fe185b86c67d4c64281dd3555440515750b2c8c89f50ab7aac78ce57618a7

      at Socket.<anonymous> (distribution/local/status.js:75:13)

  console.log
    Child process stdout: the values:  [
      {
        searchqkeywordsbrows: { count: 1, url: 'https://www.npmjs.com/search?q=keywords:editor' }
      },
      {
        searchqkeywordsbrows: {
          count: 1,
          url: 'https://www.npmjs.com/search?q=keywords:promise'
        }
      },
      {
        searchqkeywordsbrows: { count: 1, url: 'https://www.npmjs.com/search?q=keywords:get' }
      },
      {
        searchqkeywordsbrows: { count: 1, url: 'https://www.npmjs.com/search?q=keywords:file' }
      },
      {
        searchqkeywordsbrows: {
          count: 1,
          url: 'https://www.npmjs.com/search?q=keywords:full%20text'
        }
      }
    ]
    sending append with key:  8b3f2b3e3de3585a7d946b24e342aad3663a09d304a328427a6897fd2f676458
    the values:  [
      {
        editor: {
          count: 32,
          url: 'https://www.npmjs.com/search?q=keywords:editor'
        }
      },
      {
        editor: { count: 2, url: 'https://www.npmjs.com/search?q=keywords:delete' }
      },
      {
        editor: { count: 1, url: 'https://www.npmjs.com/search?q=keywords:file' }
      },
      {
        editor: { count: 3, url: 'https://www.npmjs.com/search?q=keywords:remark' }
      },
      {
        editor: {
          count: 2,
          url: 'https://www.npmjs.com/search?q=keywords:full%20text'
        }
      }
    ]

      at Socket.<anonymous> (distribution/local/status.js:75:13)

  console.log
    Child process stdout: sending append with key:  672b0d6d1d786dd66259df64f1e5efa14093dc67d8af89404722706ae4a608dd
    the values:  [
      {
        searchqkeywordseditor: {
          count: 16,
          url: 'https://www.npmjs.com/search?q=keywords:editor'
        }
      },
      {
        searchqkeywordseditor: { count: 1, url: 'https://www.npmjs.com/search?q=keywords:delete' }
      },
      {
        searchqkeywordseditor: { count: 1, url: 'https://www.npmjs.com/search?q=keywords:file' }
      }
    ]

      at Socket.<anonymous> (distribution/local/status.js:75:13)

  console.log
    Child process stdout: sending append with key:  d5e3fec2cbc7413180cdad8e7952f44f0265d7d99e2025299f030d0b2f05d0fb
    the values:  [
      {
        searchqkeywordsexecut: { count: 1, url: 'https://www.npmjs.com/search?q=keywords:editor' }
      },
      {
        searchqkeywordsexecut: { count: 2, url: 'https://www.npmjs.com/search?q=keywords:file' }
      }
    ]
    sending append with key:  cf7441ba569d41e7e0825f426abbb32216b853ce950c36dead7d54d41abfb393
    the values:  [
      {
        ex: { count: 1, url: 'https://www.npmjs.com/search?q=keywords:editor' }
      },
      {
        ex: { count: 1, url: 'https://www.npmjs.com/search?q=keywords:file' }
      }
    ]

      at Socket.<anonymous> (distribution/local/status.js:75:13)

  console.log
    Child process stdout: sending append with key:  6e589e441201c63c40abc6647d3670886d6b7d6f27cb01b8ff52104f20aaf841
    the values:  [
      {
        searchqkeywordsex: { count: 1, url: 'https://www.npmjs.com/search?q=keywords:editor' }
      },
      {
        searchqkeywordsex: { count: 1, url: 'https://www.npmjs.com/search?q=keywords:file' }
      }
    ]

      at Socket.<anonymous> (distribution/local/status.js:75:13)

  console.log
    Child process stdout: sending append with key:  f39a339d2b5ff9bf902bef36ad3b6ed61616d9cada618736df405ed52782e01f
    the values:  [
      {
        view: { count: 2, url: 'https://www.npmjs.com/search?q=keywords:editor' }
      },
      {
        view: {
          count: 7,
          url: 'https://www.npmjs.com/search?q=keywords:promise'
        }
      },
      {
        view: {
          count: 5,
          url: 'https://www.npmjs.com/search?q=text&page=1&perPage=20'
        }
      },
      { view: { count: 4, url: 'https://www.npmjs.com/policies/conduct' } },
      {
        view: {
          count: 19,
          url: 'https://www.npmjs.com/search?q=keywords:wordbreak'
        }
      },
      {
        view: {
          count: 21,
          url: 'https://www.npmjs.com/search?q=keywords:mkdirs'
        }
      },
      {
        view: { count: 6, url: 'https://www.npmjs.com/search?q=keywords:get' }
      },
      {
        view: { count: 9, url: 'https://www.npmjs.com/search?q=keywords:delete' }
      },
      {
        view: { count: 4, url: 'https://www.npmjs.com/search?q=keywords:base64' }
      },
      {
        view: { count: 9, url: 'https://www.npmjs.com/search?q=keywords:log' }
      },
      {
        view: { count: 2, url: 'https://www.npmjs.com/search?q=keywords:ascii' }
      },
      {
        view: {
          count: 11,
          url: 'https://www.npmjs.com/search?q=keywords:colour'
        }
      },
      {
        view: { count: 8, url: 'https://www.npmjs.com/search?q=keywords:file' }
      },
      {
        view: { count: 4, url: 'https://www.npmjs.com/search?q=keywords:align' }
      },
      {
        view: { count: 2, url: 'https://www.npmjs.com/search?q=keywords:remark' }
      },
      {
        view: {
          count: 19,
          url: 'https://www.npmjs.com/search?q=keywords:figlet'
        }
      },
      {
        view: {
          count: 14,
          url: 'https://www.npmjs.com/search?q=keywords:full%20text'
        }
      },
      {
        view: {
          count: 1,
          url: 'https://www.npmjs.com/search?q=keywords:message'
        }
      },
      {
        view: { count: 14, url: 'https://www.npmjs.com/search?q=keywords:mkdir' }
      },
      { view: { count: 4, url: 'https://www.npmjs.com/policies/terms' } },
      {
        view: {
          count: 6,
          url: 'https://www.npmjs.com/search?q=keywords:auto%20complete'
        }
      },
      {
        view: { count: 2, url: 'https://www.npmjs.com/search?q=keywords:index' }
      }
    ]

      at Socket.<anonymous> (distribution/local/status.js:75:13)

  console.log
    Child process stdout: sending append with key:  0ef483c7bf0f96a0894e89f749c19f104f0375403b42dd64c267b3787df9e845
    the values:  [
      {
        packageopenkeywordsnpmavatareyjhbgcioijiuziniisinrcciikpxvcjeyjhdmfyxjvukwioijodhrwczovlmuzjhdmfyxiuytlfyxrhcikmzzhotiymzdjnzvjntmznmxnimgqmdynmjmotzaxplptewmczkzwzhdwxpxjldhjvinddyaebllfqniyhwaiaemdrffkjwltwsezfkhffrqshmsindresorhu: { count: 1, url: 'https://www.npmjs.com/search?q=keywords:editor' }
      },
      {
        packageopenkeywordsnpmavatareyjhbgcioijiuziniisinrcciikpxvcjeyjhdmfyxjvukwioijodhrwczovlmuzjhdmfyxiuytlfyxrhcikmzzhotiymzdjnzvjntmznmxnimgqmdynmjmotzaxplptewmczkzwzhdwxpxjldhjvinddyaebllfqniyhwaiaemdrffkjwltwsezfkhffrqshmsindresorhu: { count: 1, url: 'https://www.npmjs.com/search?q=keywords:file' }
      }
    ]

      at Socket.<anonymous> (distribution/local/status.js:75:13)

  console.log
    Child process stdout: sending append with key:  c51b4f5852100966546031eed50cae80b1ef110f4ffd7228806ca27b921e165f

      at Socket.<anonymous> (distribution/local/status.js:75:13)

  console.log
    Child process stdout: the values:  [
      {
        sindresorhuspublish: { count: 1, url: 'https://www.npmjs.com/search?q=keywords:editor' }
      },
      {
        sindresorhuspublish: {
          count: 4,
          url: 'https://www.npmjs.com/search?q=keywords:promise'
        }
      },
      {
        sindresorhuspublish: {
          count: 3,
          url: 'https://www.npmjs.com/search?q=text&page=1&perPage=20'
        }
      },
      {
        sindresorhuspublish: {
          count: 1,
          url: 'https://www.npmjs.com/search?q=keywords:wordbreak'
        }
      },
      {
        sindresorhuspublish: { count: 6, url: 'https://www.npmjs.com/search?q=keywords:get' }
      },
      {
        sindresorhuspublish: { count: 6, url: 'https://www.npmjs.com/search?q=keywords:delete' }
      },
      {
        sindresorhuspublish: { count: 1, url: 'https://www.npmjs.com/search?q=keywords:base64' }
      },
      {
        sindresorhuspublish: { count: 8, url: 'https://www.npmjs.com/search?q=keywords:log' }
      },
      {
        sindresorhuspublish: { count: 4, url: 'https://www.npmjs.com/search?q=keywords:ascii' }
      },
      {
        sindresorhuspublish: { count: 6, url: 'https://www.npmjs.com/search?q=keywords:colour' }
      },
      {
        sindresorhuspublish: { count: 7, url: 'https://www.npmjs.com/search?q=keywords:file' }
      },
      {
        sindresorhuspublish: { count: 1, url: 'https://www.npmjs.com/search?q=keywords:align' }
      },
      {
        sindresorhuspublish: {
          count: 2,
          url: 'https://www.npmjs.com/search?q=keywords:message'
        }
      },
      {
        sindresorhuspublish: { count: 1, url: 'https://www.npmjs.com/search?q=keywords:mkdir' }
      },
      {
        sindresorhuspublish: { count: 1, url: 'https://www.npmjs.com/search?q=keywords:index' }
      }
    ]
    sending append with key:  35133610c4bd10da84d45b767dd3935ada004bb77859aaca329489efee36d285

      at Socket.<anonymous> (distribution/local/status.js:75:13)

  console.log
    Child process stdout: the values:  [
      {
        month: {
          count: 22,
          url: 'https://www.npmjs.com/search?q=keywords:editor'
        }
      },
      {
        month: {
          count: 26,
          url: 'https://www.npmjs.com/search?q=keywords:promise'
        }
      },
      {
        month: {
          count: 26,
          url: 'https://www.npmjs.com/search?q=text&page=1&perPage=20'
        }
      },
      {
        month: {
          count: 4,
          url: 'https://www.npmjs.com/search?q=keywords:wordbreak'
        }
      },
      { month: { count: 2, url: 'https://www.npmjs.com/products' } },
      {
        month: { count: 4, url: 'https://www.npmjs.com/search?q=keywords:mkdirs' }
      },
      {
        month: { count: 26, url: 'https://www.npmjs.com/search?q=keywords:get' }
      },
      {
        month: {
          count: 32,
          url: 'https://www.npmjs.com/search?q=keywords:delete'
        }
      },
      {
        month: { count: 2, url: 'https://www.npmjs.com/package/get-stream' }
      },
      {
        month: {
          count: 30,
          url: 'https://www.npmjs.com/search?q=keywords:base64'
        }
      },
      { month: { count: 4, url: 'https://www.npmjs.com/~lucaong' } },
      { month: { count: 2, url: 'https://www.npmjs.com/package/chalk' } },
      {
        month: {
          count: 2,
          url: 'https://www.npmjs.com/package/@contentful/rich-text-html-renderer'
        }
      },
      {
        month: {
          count: 4,
          url: 'https://www.npmjs.com/search?q=keywords:string-processing'
        }
      },
      {
        month: { count: 28, url: 'https://www.npmjs.com/search?q=keywords:log' }
      },
      {
        month: { count: 28, url: 'https://www.npmjs.com/search?q=keywords:ascii' }
      },
      {
        month: {
          count: 16,
          url: 'https://www.npmjs.com/search?q=keywords:colour'
        }
      },
      {
        month: {
          count: 2,
          url: 'https://www.npmjs.com/search?q=keywords:text-helpers'
        }
      },
      {
        month: { count: 20, url: 'https://www.npmjs.com/search?q=keywords:file' }
      },
      {
        month: { count: 14, url: 'https://www.npmjs.com/search?q=keywords:align' }
      },
      {
        month: {
          count: 2,
          url: 'https://www.npmjs.com/package/ansi-escapes#keywords'
        }
      },
      {
        month: {
          count: 34,
          url: 'https://www.npmjs.com/search?q=keywords:remark'
        }
      },
      {
        month: { count: 2, url: 'https://www.npmjs.com/search?q=keywords:figlet' }
      },
      {
        month: {
          count: 6,
          url: 'https://www.npmjs.com/search?q=keywords:full%20text'
        }
      },
      { month: { count: 2, url: 'https://www.npmjs.com/package/diff' } },
      {
        month: {
          count: 24,
          url: 'https://www.npmjs.com/search?q=keywords:message'
        }
      },
      {
        month: { count: 4, url: 'https://www.npmjs.com/search?q=keywords:mkdir' }
      },
      {
        month: {
          count: 10,
          url: 'https://www.npmjs.com/search?q=keywords:auto%20complete'
        }
      },
      {
        month: {
          count: 2,
          url: 'https://www.npmjs.com/package/fs-extra#keywords'
        }
      },
      {
        month: { count: 22, url: 'https://www.npmjs.com/search?q=keywords:index' }
      },
      {
        month: { count: 2, url: 'https://www.npmjs.com/package/fs-extra' }
      },
      { month: { count: 8, url: 'https://www.npmjs.com/~ryanzim' } }
    ]

      at Socket.<anonymous> (distribution/local/status.js:75:13)

  console.log
    Child process stdout: sending append with key:  30384fe9f8e98413b3356c978f63eb90c931ca821a590b39630d109fb7744d04
    the values:  [
      {
        agopublish: {
          count: 20,
          url: 'https://www.npmjs.com/search?q=keywords:editor'
        }
      },
      {
        agopublish: {
          count: 20,
          url: 'https://www.npmjs.com/search?q=keywords:promise'
        }
      },
      {
        agopublish: {
          count: 20,
          url: 'https://www.npmjs.com/search?q=text&page=1&perPage=20'
        }
      },
      {
        agopublish: {
          count: 20,
          url: 'https://www.npmjs.com/search?q=keywords:wordbreak'
        }
      },
      {
        agopublish: {
          count: 20,
          url: 'https://www.npmjs.com/search?q=keywords:mkdirs'
        }
      },
      {
        agopublish: { count: 20, url: 'https://www.npmjs.com/search?q=keywords:get' }
      },
      {
        agopublish: {
          count: 20,
          url: 'https://www.npmjs.com/search?q=keywords:delete'
        }
      },
      {
        agopublish: {
          count: 20,
          url: 'https://www.npmjs.com/search?q=keywords:base64'
        }
      },
      { agopublish: { count: 15, url: 'https://www.npmjs.com/~lucaong' } },
      {
        agopublish: {
          count: 2,
          url: 'https://www.npmjs.com/search?q=keywords:string-processing'
        }
      },
      {
        agopublish: { count: 20, url: 'https://www.npmjs.com/search?q=keywords:log' }
      },
      {
        agopublish: { count: 20, url: 'https://www.npmjs.com/search?q=keywords:ascii' }
      },
      {
        agopublish: {
          count: 20,
          url: 'https://www.npmjs.com/search?q=keywords:colour'
        }
      },
      {
        agopublish: {
          count: 1,
          url: 'https://www.npmjs.com/search?q=keywords:text-helpers'
        }
      },
      { agopublish: { count: 8, url: 'https://www.npmjs.com/~weaver' } },
      {
        agopublish: { count: 20, url: 'https://www.npmjs.com/search?q=keywords:file' }
      },
      {
        agopublish: { count: 20, url: 'https://www.npmjs.com/search?q=keywords:align' }
      },
      {
        agopublish: {
          count: 20,
          url: 'https://www.npmjs.com/search?q=keywords:remark'
        }
      },
      {
        agopublish: {
          count: 20,
          url: 'https://www.npmjs.com/search?q=keywords:figlet'
        }
      },
      {
        agopublish: {
          count: 20,
          url: 'https://www.npmjs.com/search?q=keywords:full%20text'
        }
      },
      {
        agopublish: {
          count: 20,
          url: 'https://www.npmjs.com/search?q=keywords:message'
        }
      },
      {
        agopublish: { count: 20, url: 'https://www.npmjs.com/search?q=keywords:mkdir' }
      },
      {
        agopublish: {
          count: 20,
          url: 'https://www.npmjs.com/search?q=keywords:auto%20complete'
        }
      },
      {
        agopublish: { count: 19, url: 'https://www.npmjs.com/search?q=keywords:index' }
      },
      { agopublish: { count: 25, url: 'https://www.npmjs.com/~ryanzim' } }
    ]

      at Socket.<anonymous> (distribution/local/status.js:75:13)

  console.log
    Child process stdout: sending append with key:  755dc9cc81ba14a77d3cb3434567a0b8aef405a7752d3615e0fe9659908f9e68
    the values:  [
      {
        agomqphttpsstaticproductionnpmjscomdeadeaceadbbbsvguiwreactcodemirrorpackageuiwreactcodemirrorcodemirror: { count: 1, url: 'https://www.npmjs.com/search?q=keywords:editor' }
      }
    ]

      at Socket.<anonymous> (distribution/local/status.js:75:13)

  console.log
    Child process stdout: sending append with key:  970bac11f1d5085686f842b2c6a01b9a7d22c7a3fd453113e281c4f867545098
    the values:  [
      {
        compon: { count: 2, url: 'https://www.npmjs.com/search?q=keywords:editor' }
      },
      {
        compon: {
          count: 1,
          url: 'https://www.npmjs.com/package/@contentful/rich-text-html-renderer'
        }
      },
      {
        compon: { count: 1, url: 'https://www.npmjs.com/search?q=keywords:align' }
      },
      {
        compon: { count: 2, url: 'https://www.npmjs.com/search?q=keywords:remark' }
      },
      {
        compon: {
          count: 1,
          url: 'https://www.npmjs.com/search?q=keywords:message'
        }
      },
      {
        compon: {
          count: 3,
          url: 'https://www.npmjs.com/search?q=keywords:auto%20complete'
        }
      },
      { compon: { count: 3, url: 'https://www.npmjs.com/~ryanzim' } }
    ]

      at Socket.<anonymous> (distribution/local/status.js:75:13)

  console.log
    Child process stdout: sending append with key:  43b754e403bfe42ddea2cd3f2cb7eb07d9a6882fb0f3b5c68d4ed513a0d58ffe
    the values:  [
      {
        react: { count: 6, url: 'https://www.npmjs.com/search?q=keywords:editor' }
      },
      {
        react: {
          count: 2,
          url: 'https://www.npmjs.com/search?q=keywords:promise'
        }
      },
      {
        react: {
          count: 1,
          url: 'https://www.npmjs.com/search?q=keywords:wordbreak'
        }
      },
      {
        react: { count: 2, url: 'https://www.npmjs.com/search?q=keywords:mkdirs' }
      },
      { react: { count: 1, url: 'https://www.npmjs.com/~lucaong' } },
      {
        react: { count: 1, url: 'https://www.npmjs.com/search?q=keywords:colour' }
      },
      {
        react: { count: 2, url: 'https://www.npmjs.com/search?q=keywords:align' }
      },
      {
        react: { count: 2, url: 'https://www.npmjs.com/search?q=keywords:remark' }
      },
      {
        react: { count: 3, url: 'https://www.npmjs.com/search?q=keywords:figlet' }
      },
      {
        react: {
          count: 1,
          url: 'https://www.npmjs.com/search?q=keywords:full%20text'
        }
      },
      {
        react: {
          count: 2,
          url: 'https://www.npmjs.com/search?q=keywords:message'
        }
      }
    ]

      at Socket.<anonymous> (distribution/local/status.js:75:13)

  console.log
    Child process stdout: sending append with key:  e068afb014e0b18eba95229072f33fd4a6cb0dadd2e39460b17053a5d5a40748

      at Socket.<anonymous> (distribution/local/status.js:75:13)

  console.log
    Child process stdout: the values:  [
      {
        searchqkeywordsreact: { count: 3, url: 'https://www.npmjs.com/search?q=keywords:editor' }
      },
      {
        searchqkeywordsreact: {
          count: 1,
          url: 'https://www.npmjs.com/search?q=keywords:promise'
        }
      },
      {
        searchqkeywordsreact: {
          count: 1,
          url: 'https://www.npmjs.com/search?q=keywords:wordbreak'
        }
      },
      {
        searchqkeywordsreact: { count: 2, url: 'https://www.npmjs.com/search?q=keywords:mkdirs' }
      },
      {
        searchqkeywordsreact: { count: 1, url: 'https://www.npmjs.com/search?q=keywords:colour' }
      },
      {
        searchqkeywordsreact: { count: 1, url: 'https://www.npmjs.com/search?q=keywords:align' }
      },
      {
        searchqkeywordsreact: { count: 2, url: 'https://www.npmjs.com/search?q=keywords:remark' }
      },
      {
        searchqkeywordsreact: { count: 3, url: 'https://www.npmjs.com/search?q=keywords:figlet' }
      },
      {
        searchqkeywordsreact: {
          count: 1,
          url: 'https://www.npmjs.com/search?q=keywords:full%20text'
        }
      },
      {
        searchqkeywordsreact: {
          count: 1,
          url: 'https://www.npmjs.com/search?q=keywords:message'
        }
      }
    ]

      at Socket.<anonymous> (distribution/local/status.js:75:13)

  console.log
    Child process stdout: sending append with key:  c2dbeac0ac964373b6b522a26ead9c49ca071882712f71d9075b95db99473931
    the values:  [
      {
        codemirror: { count: 8, url: 'https://www.npmjs.com/search?q=keywords:editor' }
      }
    ]
    sending append with key:  c676a31a8ade608a43cdb5c7c8482045a8fb02c88ca9458097e62bd68b58f0c1
    the values:  [
      {
        searchqkeywordscodemirror: { count: 2, url: 'https://www.npmjs.com/search?q=keywords:editor' }
      }
    ]

      at Socket.<anonymous> (distribution/local/status.js:75:13)

  console.log
    Child process stdout: sending append with key:  b196e1b83287cef51efe42016f86339547527ceff0e5b4341b7b01842524ab90
    the values:  [
      {
        reactcodemirror: { count: 1, url: 'https://www.npmjs.com/search?q=keywords:editor' }
      }
    ]

      at Socket.<anonymous> (distribution/local/status.js:75:13)

  console.log
    Child process stdout: sending append with key:  81b2b0bad17505ce3ab295c1704c7db0247198bf0d132552473d5a3cd21d7525
    the values:  [
      {
        searchqkeywordsreactcodemirror: { count: 1, url: 'https://www.npmjs.com/search?q=keywords:editor' }
      }
    ]
    sending append with key:  bd9795c95330f7bf7445b0e94fb560b2bd6bba4641d679b7d1bef96ee7b86251
    the values:  [
      {
        syntax: { count: 1, url: 'https://www.npmjs.com/search?q=keywords:editor' }
      },
      {
        syntax: { count: 2, url: 'https://www.npmjs.com/search?q=keywords:get' }
      },
      {
        syntax: { count: 6, url: 'https://www.npmjs.com/search?q=keywords:remark' }
      }
    ]

      at Socket.<anonymous> (distribution/local/status.js:75:13)

  console.log
    Child process stdout: sending append with key:  648aa9f828531f1d936af41cf118a458e2495a10458744d0dc4c174a8728cc0c
    the values:  [
      {
        searchqkeywordssyntax: { count: 1, url: 'https://www.npmjs.com/search?q=keywords:editor' }
      },
      {
        searchqkeywordssyntax: { count: 4, url: 'https://www.npmjs.com/search?q=keywords:remark' }
      }
    ]

      at Socket.<anonymous> (distribution/local/status.js:75:13)

  console.log
    Child process stdout: sending append with key:  2943e12fd60971759a3dd7c6ee1e031737a4a33a1403b43821161ad8d15c51ab
    the values:  [
      {
        id: { count: 1, url: 'https://www.npmjs.com/search?q=keywords:editor' }
      }
    ]

      at Socket.<anonymous> (distribution/local/status.js:75:13)

  console.log
    Child process stdout: sending append with key:  418b799066a7cee609c8e25839b14289b920ce234e4d4f5088d40fc04be537fd
    the values:  [
      {
        searchqkeywordsid: { count: 1, url: 'https://www.npmjs.com/search?q=keywords:editor' }
      }
    ]
    sending append with key:  5e61e5992da558aa4e2038b96fbfb3d2c66c4391769f0ebebeb1c46afd63863a

      at Socket.<anonymous> (distribution/local/status.js:75:13)

  console.log
    Child process stdout: the values:  [
      {
        code: {
          count: 15,
          url: 'https://www.npmjs.com/search?q=keywords:editor'
        }
      },
      {
        code: {
          count: 1,
          url: 'https://www.npmjs.com/search?q=keywords:promise'
        }
      },
      {
        code: {
          count: 3,
          url: 'https://www.npmjs.com/search?q=text&page=1&perPage=20'
        }
      },
      {
        code: { count: 13, url: 'https://www.npmjs.com/policies/conduct' }
      },
      {
        code: {
          count: 2,
          url: 'https://www.npmjs.com/search?q=keywords:wordbreak'
        }
      },
      { code: { count: 1, url: 'https://www.npmjs.com/products' } },
      { code: { count: 1, url: 'https://www.npmjs.com/~substack' } },
      {
        code: { count: 1, url: 'https://www.npmjs.com/search?q=keywords:mkdirs' }
      },
      {
        code: { count: 1, url: 'https://www.npmjs.com/search?q=keywords:get' }
      },
      {
        code: { count: 1, url: 'https://www.npmjs.com/search?q=keywords:delete' }
      },
      {
        code: { count: 2, url: 'https://www.npmjs.com/package/get-stream' }
      },
      {
        code: { count: 1, url: 'https://www.npmjs.com/search?q=keywords:base64' }
      },
      { code: { count: 1, url: 'https://www.npmjs.com/~lucaong' } },
      { code: { count: 11, url: 'https://www.npmjs.com/package/chalk' } },
      {
        code: {
          count: 3,
          url: 'https://www.npmjs.com/package/@contentful/rich-text-html-renderer'
        }
      },
      {
        code: {
          count: 2,
          url: 'https://www.npmjs.com/search?q=keywords:string-processing'
        }
      },
      {
        code: { count: 8, url: 'https://www.npmjs.com/search?q=keywords:log' }
      },
      {
        code: { count: 3, url: 'https://www.npmjs.com/search?q=keywords:ascii' }
      },
      {
        code: { count: 8, url: 'https://www.npmjs.com/search?q=keywords:colour' }
      },
      {
        code: {
          count: 1,
          url: 'https://www.npmjs.com/search?q=keywords:text-helpers'
        }
      },
      { code: { count: 1, url: 'https://www.npmjs.com/~weaver' } },
      {
        code: { count: 1, url: 'https://www.npmjs.com/search?q=keywords:file' }
      },
      {
        code: { count: 1, url: 'https://www.npmjs.com/search?q=keywords:align' }
      },
      {
        code: {
          count: 8,
          url: 'https://www.npmjs.com/package/ansi-escapes#keywords'
        }
      },
      {
        code: { count: 1, url: 'https://www.npmjs.com/search?q=keywords:remark' }
      },
      { code: { count: 1, url: 'https://www.npmjs.com/products/pro' } },
      {
        code: { count: 2, url: 'https://www.npmjs.com/search?q=keywords:figlet' }
      },
      {
        code: {
          count: 1,
          url: 'https://www.npmjs.com/search?q=keywords:full%20text'
        }
      },
      { code: { count: 8, url: 'https://www.npmjs.com/package/diff' } },
      {
        code: {
          count: 1,
          url: 'https://www.npmjs.com/search?q=keywords:message'
        }
      },
      {
        code: { count: 1, url: 'https://www.npmjs.com/search?q=keywords:mkdir' }
      },
      { code: { count: 4, url: 'https://www.npmjs.com/policies/terms' } },
      { code: { count: 2, url: 'https://www.npmjs.com/products/teams' } },
      {
        code: {
          count: 1,
          url: 'https://www.npmjs.com/search?q=keywords:auto%20complete'
        }
      },
      {
        code: { count: 7, url: 'https://www.npmjs.com/package/ansi-styles' }
      },
      {
        code: {
          count: 6,
          url: 'https://www.npmjs.com/package/strip-ansi#keywords'
        }
      },
      {
        code: {
          count: 2,
          url: 'https://www.npmjs.com/package/fs-extra#keywords'
        }
      },
      {
        code: { count: 2, url: 'https://www.npmjs.com/search?q=keywords:index' }
      },
      { code: { count: 2, url: 'https://www.npmjs.com/package/fs-extra' } },
      { code: { count: 1, url: 'https://www.npmjs.com/~ryanzim' } }
    ]

      at Socket.<anonymous> (distribution/local/status.js:75:13)

  console.log
    Child process stdout: sending append with key:  8ecbb38f7549755c55b3885cdc428865bd7e835ab5109284c4d457054ddcec11

      at Socket.<anonymous> (distribution/local/status.js:75:13)

  console.log
    Child process stdout: the values:  [
      {
        searchqkeywordscodenpmavatareyjhbgcioijiuziniisinrcciikpxvcjeyjhdmfyxjvukwioijodhrwczovlmuzjhdmfyxiuytlfyxrhciintandazmvlytkmthmyniyzmxmjemgyzjgmtzaxplptewmczkzwzhdwxpxjldhjvingbtmhavdtohnaozknyycuvvwbolijmelawwcjiang: { count: 1, url: 'https://www.npmjs.com/search?q=keywords:editor' }
      }
    ]
    sending append with key:  b5a14845ce14da98597799733d79c035d26fed679859feefc9c99c97d4966335
    the values:  [
      {
        wcjiangpublish: { count: 1, url: 'https://www.npmjs.com/search?q=keywords:editor' }
      }
    ]
    sending append with key:  dba521f1472079c62fcd2e7ab1b9db6ab2ffc1998bda8cafbb25cef875422c28
    the values:  [
      {
        agomqphttpsstaticproductionnpmjscomdeadeaceadbbbsvgreactavatareditorpackagereactavatareditoravatar: { count: 1, url: 'https://www.npmjs.com/search?q=keywords:editor' }
      }
    ]
    sending append with key:  d662d242a9b55f88678e05d11cd5bd0fb92bda7dc0c4706e81a0538072e04c29
    the values:  [
      {
        profil: { count: 2, url: 'https://www.npmjs.com/search?q=keywords:editor' }
      },
      {
        profil: { count: 2, url: 'https://www.npmjs.com/policies/conduct' }
      },
      { profil: { count: 2, url: 'https://www.npmjs.com/policies/terms' } }
    ]

      at Socket.<anonymous> (distribution/local/status.js:75:13)

  console.log
    Child process stdout: sending append with key:  293a9f5b66cc78c5b11c231303bbfd5c6191cdb69901d07e9b5ff291355a0e59
    the values:  [
      {
        pictur: { count: 1, url: 'https://www.npmjs.com/search?q=keywords:editor' }
      }
    ]
    sending append with key:  d309ed1b87308446f82b2784ee21eaf13f545adc1862a766be5e0b5cddd390f0
    the values:  [
      {
        resiz: { count: 1, url: 'https://www.npmjs.com/search?q=keywords:editor' }
      },
      {
        resiz: {
          count: 1,
          url: 'https://www.npmjs.com/search?q=keywords:auto%20complete'
        }
      }
    ]

      at Socket.<anonymous> (distribution/local/status.js:75:13)

  console.log
    Child process stdout: sending append with key:  f62a17b3f823491293953d7a313c217672964c43983e53428ff97ba63e5088c3
    the values:  [
      {
        crop: { count: 1, url: 'https://www.npmjs.com/search?q=keywords:editor' }
      }
    ]
    sending append with key:  0df46d97a05796d97208b0242fdf0cd8c60d985602f99d12296ae916a9df91df

      at Socket.<anonymous> (distribution/local/status.js:75:13)

  console.log
    Child process stdout: the values:  [
      {
        upload: { count: 1, url: 'https://www.npmjs.com/search?q=keywords:editor' }
      },
      {
        upload: { count: 1, url: 'https://www.npmjs.com/search?q=keywords:mkdirs' }
      },
      {
        upload: { count: 1, url: 'https://www.npmjs.com/search?q=keywords:figlet' }
      },
      {
        upload: {
          count: 1,
          url: 'https://www.npmjs.com/search?q=keywords:full%20text'
        }
      }
    ]
    sending append with key:  3a999bc4da0e475eecb48ac912225647f98059ce84fd5b88a4521d96c5ec9589
    the values:  [
      {
        imag: { count: 2, url: 'https://www.npmjs.com/search?q=keywords:editor' }
      },
      {
        imag: {
          count: 3,
          url: 'https://www.npmjs.com/search?q=text&page=1&perPage=20'
        }
      },
      { imag: { count: 1, url: 'https://www.npmjs.com/policies/conduct' } },
      {
        imag: { count: 2, url: 'https://www.npmjs.com/search?q=keywords:base64' }
      },
      { imag: { count: 2, url: 'https://www.npmjs.com/~lucaong' } },
      {
        imag: { count: 7, url: 'https://www.npmjs.com/search?q=keywords:align' }
      },
      {
        imag: {
          count: 2,
          url: 'https://www.npmjs.com/package/ansi-escapes#keywords'
        }
      },
      {
        imag: { count: 1, url: 'https://www.npmjs.com/search?q=keywords:index' }
      }
    ]

      at Socket.<anonymous> (distribution/local/status.js:75:13)

  console.log
    Child process stdout: sending append with key:  bcfca42cba1ddd3516ac3b719dc397bba5f6139c7120fc1451770d19f2598637
    the values:  [
      {
        aintuit: { count: 1, url: 'https://www.npmjs.com/search?q=keywords:editor' }
      }
    ]

      at Socket.<anonymous> (distribution/local/status.js:75:13)

  console.log
    Child process stdout: sending append with key:  99e23a40ab26eda8a5d4703eb176d9f29a16e1e67dc176c3b4c3584c49496def
    the values:  [
      {
        user: { count: 1, url: 'https://www.npmjs.com/search?q=keywords:editor' }
      },
      {
        user: {
          count: 1,
          url: 'https://www.npmjs.com/search?q=text&page=1&perPage=20'
        }
      },
      {
        user: { count: 17, url: 'https://www.npmjs.com/policies/conduct' }
      },
      { user: { count: 1, url: 'https://www.npmjs.com/package/chalk' } },
      {
        user: { count: 3, url: 'https://www.npmjs.com/search?q=keywords:align' }
      },
      { user: { count: 15, url: 'https://www.npmjs.com/policies/terms' } }
    ]

      at Socket.<anonymous> (distribution/local/status.js:75:13)

  console.log
    Child process stdout: sending append with key:  fd1aaf7cc8528658440c8ee460dec4764b7d515d027f0232fe5f3419de6ad8fd
    the values:  [
      {
        interfac: { count: 1, url: 'https://www.npmjs.com/search?q=keywords:editor' }
      },
      {
        interfac: {
          count: 1,
          url: 'https://www.npmjs.com/search?q=keywords:promise'
        }
      },
      {
        interfac: { count: 1, url: 'https://www.npmjs.com/search?q=keywords:ascii' }
      },
      {
        interfac: {
          count: 1,
          url: 'https://www.npmjs.com/search?q=keywords:message'
        }
      },
      { interfac: { count: 1, url: 'https://www.npmjs.com/~ryanzim' } }
    ]

      at Socket.<anonymous> (distribution/local/status.js:75:13)

  console.log
    Child process stdout: sending append with key:  a9ae037857e5d83026cf73f9e3703afae219f201d2e614adcdee7da3dc556b78
    the values:  [
      {
        reactcompon: { count: 1, url: 'https://www.npmjs.com/search?q=keywords:editor' }
      },
      {
        reactcompon: { count: 1, url: 'https://www.npmjs.com/search?q=keywords:align' }
      },
      {
        reactcompon: { count: 1, url: 'https://www.npmjs.com/search?q=keywords:remark' }
      }
    ]

      at Socket.<anonymous> (distribution/local/status.js:75:13)

  console.log
    Child process stdout: sending append with key:  9dd970925cd55b49a2df647ab160455a057c2360a2507f9e974d94b05cc61fa9
    the values:  [
      {
        searchqkeywordsreactcompon: { count: 1, url: 'https://www.npmjs.com/search?q=keywords:editor' }
      },
      {
        searchqkeywordsreactcompon: { count: 1, url: 'https://www.npmjs.com/search?q=keywords:align' }
      },
      {
        searchqkeywordsreactcompon: { count: 1, url: 'https://www.npmjs.com/search?q=keywords:remark' }
      }
    ]
    sending append with key:  9acd324881a0bdf5e3b818cd7d04443b19392e4cf57334e9f1609a69365285b4
    the values:  [
      {
        reactj: { count: 1, url: 'https://www.npmjs.com/search?q=keywords:editor' }
      }
    ]

      at Socket.<anonymous> (distribution/local/status.js:75:13)

  console.log
    Child process stdout: sending append with key:  198a16ea95e42c9413ab9c3e9ea8f3b6a02d0f88a7ac8c34f8ea5961ba1aab50
    the values:  [
      {
        searchqkeywordsreactj: { count: 1, url: 'https://www.npmjs.com/search?q=keywords:editor' }
      }
    ]
    sending append with key:  0108c3695aeab5f7e5af174d202684629b3b9245939634fe785e2b3df75299b9

      at Socket.<anonymous> (distribution/local/status.js:75:13)

  console.log
    Child process stdout: the values:  [
      {
        canva: { count: 6, url: 'https://www.npmjs.com/search?q=keywords:editor' }
      },
      {
        canva: { count: 2, url: 'https://www.npmjs.com/search?q=keywords:align' }
      },
      {
        canva: { count: 1, url: 'https://www.npmjs.com/search?q=keywords:index' }
      }
    ]
    sending append with key:  02db9508fb9be8e5e35c24ec3b3f4609c12cd3aed6d786c18f361a35693d49af
    the values:  [
      {
        searchqkeywordscanva: { count: 4, url: 'https://www.npmjs.com/search?q=keywords:editor' }
      },
      {
        searchqkeywordscanva: { count: 1, url: 'https://www.npmjs.com/search?q=keywords:align' }
      },
      {
        searchqkeywordscanva: { count: 1, url: 'https://www.npmjs.com/search?q=keywords:index' }
      }
    ]

      at Socket.<anonymous> (distribution/local/status.js:75:13)

  console.log
    Child process stdout: sending append with key:  9ee640ed2276c43cad60bbcc79d4a938d4f4084bd42460aed7c9a94f816a22b7
    the values:  [
      {
        avatar: { count: 1, url: 'https://www.npmjs.com/search?q=keywords:editor' }
      }
    ]
    sending append with key:  ba931c3697bcfb4410d8323cd4d7fcd296d283555fde49c5c94ed7e867bafe3d
    the values:  [
      {
        searchqkeywordsavatar: { count: 1, url: 'https://www.npmjs.com/search?q=keywords:editor' }
      }
    ]

      at Socket.<anonymous> (distribution/local/status.js:75:13)

  console.log
    Child process stdout: sending append with key:  9addf6f937fbf1958e7c517c60bf6cdc1f2020841f6e3bd31a0607dae8fdc156
    the values:  [
      {
        searchqkeywordsprofil: { count: 1, url: 'https://www.npmjs.com/search?q=keywords:editor' }
      }
    ]
    sending append with key:  0b9c278fbe0ff28757877de14df99b8a54f4e5b6a7be5cd0c6ce94273ffaea19
    the values:  [
      {
        searchqkeywordsimagenpmavatareyjhbgcioijiuziniisinrcciikpxvcjeyjhdmfyxjvukwioijodhrwczovlmuzjhdmfyxiuytlfyxrhcihogyndaztqztmmtfkzgfjywvlogrmyjywzgfknjzaxplptewmczkzwzhdwxpxjldhjvinwuekiezycwtyvlmqbwsajsuioqtljdcypfodizdanle: { count: 1, url: 'https://www.npmjs.com/search?q=keywords:editor' }
      }
    ]

      at Socket.<anonymous> (distribution/local/status.js:75:13)

  console.log
    Child process stdout: sending append with key:  b018d4aa4c4161473c805c1ab472466f25c209492f2ca08f7bcfe962b7d85592
    the values:  [
      {
        danleepublish: { count: 1, url: 'https://www.npmjs.com/search?q=keywords:editor' }
      }
    ]

      at Socket.<anonymous> (distribution/local/status.js:75:13)

  console.log
    Child process stdout: sending append with key:  f813bd149f3da75a5e14d389416403c38abe42faf42792465292355b53645301
    the values:  [
      {
        agomqphttpsstaticproductionnpmjscomdeadeaceadbbbsvgtrixpackagetrixa: { count: 1, url: 'https://www.npmjs.com/search?q=keywords:editor' }
      }
    ]
    sending append with key:  f68a74b40ecb5234379926493b749cdcc6529e3315a44dfe6abdcb26b5820f8b
    the values:  [
      {
        rich: { count: 5, url: 'https://www.npmjs.com/search?q=keywords:editor' }
      },
      {
        rich: {
          count: 1,
          url: 'https://www.npmjs.com/search?q=text&page=1&perPage=20'
        }
      },
      {
        rich: {
          count: 2,
          url: 'https://www.npmjs.com/package/@contentful/rich-text-html-renderer'
        }
      }
    ]

      at Socket.<anonymous> (distribution/local/status.js:75:13)

  console.log
    Child process stdout: sending append with key:  c2ce91448dc48667a38f207f0adc890e60988e6df3f49f68874643047e51ed64
    the values:  [
      {
        text: { count: 7, url: 'https://www.npmjs.com/search?q=keywords:editor' }
      },
      {
        text: {
          count: 1,
          url: 'https://www.npmjs.com/search?q=keywords:promise'
        }
      },
      {
        text: {
          count: 29,
          url: 'https://www.npmjs.com/search?q=text&page=1&perPage=20'
        }
      },
      {
        text: {
          count: 1,
          url: 'https://www.npmjs.com/search?q=keywords:wordbreak'
        }
      },
      {
        text: { count: 1, url: 'https://www.npmjs.com/search?q=keywords:get' }
      },
      {
        text: { count: 1, url: 'https://www.npmjs.com/search?q=keywords:delete' }
      },
      {
        text: { count: 10, url: 'https://www.npmjs.com/package/get-stream' }
      },
      { text: { count: 9, url: 'https://www.npmjs.com/package/chalk' } },
      {
        text: {
          count: 9,
          url: 'https://www.npmjs.com/package/@contentful/rich-text-html-renderer'
        }
      },
      {
        text: { count: 2, url: 'https://www.npmjs.com/search?q=keywords:log' }
      },
      {
        text: { count: 17, url: 'https://www.npmjs.com/search?q=keywords:ascii' }
      },
      {
        text: { count: 1, url: 'https://www.npmjs.com/search?q=keywords:colour' }
      },
      { text: { count: 2, url: 'https://www.npmjs.com/~weaver' } },
      {
        text: { count: 3, url: 'https://www.npmjs.com/search?q=keywords:file' }
      },
      {
        text: { count: 6, url: 'https://www.npmjs.com/search?q=keywords:align' }
      },
      {
        text: {
          count: 1,
          url: 'https://www.npmjs.com/package/ansi-escapes#keywords'
        }
      },
      {
        text: { count: 3, url: 'https://www.npmjs.com/search?q=keywords:remark' }
      },
      {
        text: { count: 2, url: 'https://www.npmjs.com/search?q=keywords:figlet' }
      },
      {
        text: {
          count: 5,
          url: 'https://www.npmjs.com/search?q=keywords:full%20text'
        }
      },
      { text: { count: 21, url: 'https://www.npmjs.com/package/diff' } },
      {
        text: {
          count: 2,
          url: 'https://www.npmjs.com/search?q=keywords:message'
        }
      },
      {
        text: {
          count: 1,
          url: 'https://www.npmjs.com/search?q=keywords:auto%20complete'
        }
      },
      {
        text: { count: 1, url: 'https://www.npmjs.com/package/ansi-styles' }
      },
      {
        text: {
          count: 1,
          url: 'https://www.npmjs.com/package/strip-ansi#keywords'
        }
      },
      {
        text: {
          count: 1,
          url: 'https://www.npmjs.com/package/fs-extra#keywords'
        }
      },
      {
        text: { count: 4, url: 'https://www.npmjs.com/search?q=keywords:index' }
      },
      { text: { count: 1, url: 'https://www.npmjs.com/package/fs-extra' } }
    ]

      at Socket.<anonymous> (distribution/local/status.js:75:13)

  console.log
    Child process stdout: sending append with key:  01d30d38a071558621cbe6150af86e4bab46abc6ee2cadcafdf1f3006d308587
    the values:  [
      {
        everydai: { count: 1, url: 'https://www.npmjs.com/search?q=keywords:editor' }
      }
    ]

      at Socket.<anonymous> (distribution/local/status.js:75:13)

  console.log
    Child process stdout: sending append with key:  c00c945953a98554bf8b9a32ee831b3fbe9d1e8d4a23cd86782b2e4adfb95666
    the values:  [
      {
        write: { count: 1, url: 'https://www.npmjs.com/search?q=keywords:editor' }
      },
      {
        write: {
          count: 1,
          url: 'https://www.npmjs.com/search?q=keywords:promise'
        }
      },
      {
        write: { count: 2, url: 'https://www.npmjs.com/search?q=keywords:mkdirs' }
      },
      {
        write: { count: 1, url: 'https://www.npmjs.com/search?q=keywords:delete' }
      },
      {
        write: { count: 1, url: 'https://www.npmjs.com/search?q=keywords:log' }
      },
      {
        write: { count: 1, url: 'https://www.npmjs.com/search?q=keywords:colour' }
      },
      {
        write: { count: 1, url: 'https://www.npmjs.com/search?q=keywords:file' }
      },
      {
        write: { count: 3, url: 'https://www.npmjs.com/search?q=keywords:mkdir' }
      },
      {
        write: {
          count: 1,
          url: 'https://www.npmjs.com/package/fs-extra#keywords'
        }
      },
      {
        write: { count: 1, url: 'https://www.npmjs.com/package/fs-extra' }
      }
    ]

      at Socket.<anonymous> (distribution/local/status.js:75:13)

  console.log
    Child process stdout: sending append with key:  cdf9077b90e8417f9ee4c45eee4b218388c3c3457cae18f67f6ecb72d8cf000f
    the values:  [
      {
        searchqkeywordsrich: { count: 2, url: 'https://www.npmjs.com/search?q=keywords:editor' }
      }
    ]
    sending append with key:  30cf8f34a6cd5a7e3d1df5868b2b2dd29c76a416487d4d3c413b134ec4ad2fac
    the values:  [
      {
        wysiwyg: { count: 5, url: 'https://www.npmjs.com/search?q=keywords:editor' }
      },
      {
        wysiwyg: { count: 1, url: 'https://www.npmjs.com/search?q=keywords:remark' }
      }
    ]

      at Socket.<anonymous> (distribution/local/status.js:75:13)

  console.log
    Child process stdout: sending append with key:  2a89b4679507e3245a4d4e7162355aa7202211d48270c362e691e05fe90880df
    the values:  [
      {
        searchqkeywordswysiwyg: { count: 3, url: 'https://www.npmjs.com/search?q=keywords:editor' }
      },
      {
        searchqkeywordswysiwyg: { count: 1, url: 'https://www.npmjs.com/search?q=keywords:remark' }
      }
    ]
    sending append with key:  62702f952025e25921a6693e3b1a4ab7025a0674684c35e3dd701ed596fbf80d
    the values:  [
      {
        searchqkeywordseditornpmavatareyjhbgcioijiuziniisinrcciikpxvcjeyjhdmfyxjvukwioijodhrwczovlmuzjhdmfyxiuytlfyxrhcilyzewowumgvmytenjqotazyjdmmzflzwuxyzqodzaxplptewmczkzwzhdwxpxjldhjvintnyilxulheercsvsovjihrbfmjsmwakxuafcapel: { count: 1, url: 'https://www.npmjs.com/search?q=keywords:editor' }
      }
    ]

      at Socket.<anonymous> (distribution/local/status.js:75:13)

  console.log
    Child process stdout: sending append with key:  1248c555d510d8f9cd4c7adb40cfc0d0cef44ee8c61daeb159b6182912e2f554
    the values:  [
      {
        afcapelpublish: { count: 1, url: 'https://www.npmjs.com/search?q=keywords:editor' }
      }
    ]

      at Socket.<anonymous> (distribution/local/status.js:75:13)

  console.log
    Child process stdout: sending append with key:  e367c805baf59edce98630302ef59e8d3621cd6e778d7ba81639d94abe9cee8a
    the values:  [
      {
        agomqphttpsstaticproductionnpmjscomdeadeaceadbbbsvgantvxpackageantvxjavascript: { count: 1, url: 'https://www.npmjs.com/search?q=keywords:editor' }
      }
    ]
    sending append with key:  075d91553d7af34c7a051be2df0edfab8733758fbc9c300531382c3da436b5d3
    the values:  [
      {
        diagram: { count: 5, url: 'https://www.npmjs.com/search?q=keywords:editor' }
      }
    ]

      at Socket.<anonymous> (distribution/local/status.js:75:13)

  console.log
    Child process stdout: sending append with key:  151b7281239e420e0cb89ba94ba5735e1d92ca3e36a7052625c3c018b3ef5c9a
    the values:  [
      {
        librari: { count: 1, url: 'https://www.npmjs.com/search?q=keywords:editor' }
      },
      {
        librari: {
          count: 2,
          url: 'https://www.npmjs.com/search?q=keywords:promise'
        }
      },
      {
        librari: {
          count: 1,
          url: 'https://www.npmjs.com/search?q=keywords:wordbreak'
        }
      },
      {
        librari: { count: 1, url: 'https://www.npmjs.com/search?q=keywords:mkdirs' }
      },
      {
        librari: { count: 1, url: 'https://www.npmjs.com/search?q=keywords:get' }
      },
      {
        librari: { count: 1, url: 'https://www.npmjs.com/search?q=keywords:delete' }
      },
      {
        librari: { count: 1, url: 'https://www.npmjs.com/search?q=keywords:base64' }
      },
      {
        librari: { count: 1, url: 'https://www.npmjs.com/search?q=keywords:ascii' }
      },
      { librari: { count: 2, url: 'https://www.npmjs.com/~weaver' } },
      {
        librari: { count: 2, url: 'https://www.npmjs.com/search?q=keywords:file' }
      },
      {
        librari: {
          count: 1,
          url: 'https://www.npmjs.com/search?q=keywords:full%20text'
        }
      },
      {
        librari: {
          count: 3,
          url: 'https://www.npmjs.com/search?q=keywords:message'
        }
      },
      {
        librari: { count: 1, url: 'https://www.npmjs.com/search?q=keywords:mkdir' }
      },
      {
        librari: {
          count: 2,
          url: 'https://www.npmjs.com/search?q=keywords:auto%20complete'
        }
      },
      {
        librari: { count: 1, url: 'https://www.npmjs.com/search?q=keywords:index' }
      }
    ]

      at Socket.<anonymous> (distribution/local/status.js:75:13)

  console.log
    Child process stdout: sending append with key:  421f405bfb401233f1189b1014efbc094becaf6ca7d3a124bee77767241df759
    the values:  [
      {
        svg: { count: 3, url: 'https://www.npmjs.com/search?q=keywords:editor' }
      },
      {
        svg: {
          count: 2,
          url: 'https://www.npmjs.com/search?q=keywords:wordbreak'
        }
      },
      {
        svg: { count: 2, url: 'https://www.npmjs.com/search?q=keywords:figlet' }
      },
      {
        svg: { count: 2, url: 'https://www.npmjs.com/search?q=keywords:mkdir' }
      }
    ]
    sending append with key:  ae24e075a9e8bf20f41cc3549f740df125327965dc4d4764cb221f7eb93947a9
    the values:  [
      {
        html: { count: 4, url: 'https://www.npmjs.com/search?q=keywords:editor' }
      },
      {
        html: {
          count: 3,
          url: 'https://www.npmjs.com/package/@contentful/rich-text-html-renderer'
        }
      },
      {
        html: { count: 7, url: 'https://www.npmjs.com/search?q=keywords:colour' }
      },
      {
        html: { count: 5, url: 'https://www.npmjs.com/search?q=keywords:remark' }
      },
      { html: { count: 1, url: 'https://www.npmjs.com/package/diff' } },
      { html: { count: 1, url: 'https://www.npmjs.com/~ryanzim' } }
    ]
    sending append with key:  c26689c1306c01b1b6b2063cffbc145df83a53413ff5da09242441233f126d2e
    the values:  [
      {
        render: { count: 1, url: 'https://www.npmjs.com/search?q=keywords:editor' }
      },
      {
        render: {
          count: 1,
          url: 'https://www.npmjs.com/search?q=text&page=1&perPage=20'
        }
      },
      {
        render: {
          count: 5,
          url: 'https://www.npmjs.com/package/@contentful/rich-text-html-renderer'
        }
      },
      {
        render: { count: 1, url: 'https://www.npmjs.com/search?q=keywords:log' }
      },
      {
        render: { count: 1, url: 'https://www.npmjs.com/search?q=keywords:ascii' }
      },
      {
        render: { count: 1, url: 'https://www.npmjs.com/search?q=keywords:colour' }
      },
      {
        render: { count: 2, url: 'https://www.npmjs.com/search?q=keywords:remark' }
      },
      {
        render: { count: 1, url: 'https://www.npmjs.com/package/ansi-styles' }
      }
    ]

      at Socket.<anonymous> (distribution/local/status.js:75:13)

  console.log
    Child process stdout: sending append with key:  cba63090fe3ef07be1136afa446a71f9a1acbb121c881e6aadde29cb3373b0d5
    the values:  [
      {
        graph: { count: 3, url: 'https://www.npmjs.com/search?q=keywords:editor' }
      },
      { graph: { count: 1, url: 'https://www.npmjs.com/package/diff' } },
      {
        graph: { count: 6, url: 'https://www.npmjs.com/search?q=keywords:index' }
      }
    ]
    sending append with key:  a3565a9d9f5fdd37b3eec8928306508b3f4b6c731578e4e9716634af30c46f41
    the values:  [
      {
        searchqkeywordsgraph: { count: 2, url: 'https://www.npmjs.com/search?q=keywords:editor' }
      }
    ]

      at Socket.<anonymous> (distribution/local/status.js:75:13)

  console.log
    Child process stdout: sending append with key:  428b00ad134d5f7f27328baa0128e30e22941c66a4193c3117a2b61136b3ab17
    the values:  [
      {
        searchqkeywordsdiagram: { count: 2, url: 'https://www.npmjs.com/search?q=keywords:editor' }
      }
    ]
    sending append with key:  dd0e4fb5250922a491938419715c3a05b518e90d3c5cd04d2273213d0a1573f0
    the values:  [
      {
        flowchart: { count: 3, url: 'https://www.npmjs.com/search?q=keywords:editor' }
      },
      {
        flowchart: { count: 1, url: 'https://www.npmjs.com/search?q=keywords:align' }
      }
    ]
    sending append with key:  3ae58cbcb33387b50434979b7f8a14fc6b9930ce136f7727d3d62432d1ae97be
    the values:  [
      {
        searchqkeywordsflowchart: { count: 2, url: 'https://www.npmjs.com/search?q=keywords:editor' }
      },
      {
        searchqkeywordsflowchart: { count: 1, url: 'https://www.npmjs.com/search?q=keywords:align' }
      }
    ]

      at Socket.<anonymous> (distribution/local/status.js:75:13)

  console.log
    Child process stdout: sending append with key:  d4640e613ff328868c389258bf0c2476c73663cfad3b8318c629a4c4f557a07f
    the values:  [
      {
        uml: { count: 2, url: 'https://www.npmjs.com/search?q=keywords:editor' }
      }
    ]
    sending append with key:  5d465b160d0c67bc01c00ccba303fdd2d42b83741e7405a611eeff7d0d7d664a
    the values:  [
      {
        searchqkeywordsuml: { count: 2, url: 'https://www.npmjs.com/search?q=keywords:editor' }
      }
    ]
    sending append with key:  c0eea0ddf86ffc7fac5a1559a308c2d585d0f43a03192a6f15bcd50bb75b88af
    the values:  [
      {
        xeditor: { count: 1, url: 'https://www.npmjs.com/search?q=keywords:editor' }
      }
    ]
    sending append with key:  7fc51e05a8b4319b0585b4f6d8ddc90954f7fffaca6618025d941d3590100427
    the values:  [
      {
        searchqkeywordsxeditor: { count: 1, url: 'https://www.npmjs.com/search?q=keywords:editor' }
      }
    ]

      at Socket.<anonymous> (distribution/local/status.js:75:13)

  console.log
    Child process stdout: sending append with key:  7ea16ce2520ff3ac5bb5a1264c352d859edf6ad943537f1ca423906f6372144c

      at Socket.<anonymous> (distribution/local/status.js:75:13)

  console.log
    Child process stdout: the values:  [
      {
        searchqkeywordssvg: { count: 2, url: 'https://www.npmjs.com/search?q=keywords:editor' }
      }
    ]

      at Socket.<anonymous> (distribution/local/status.js:75:13)

  console.log
    Child process stdout: sending append with key:  8d3f11b10e36e6587592c444f1f04c6cf3075a9ee29cbd5b14fb9308d2555881
    the values:  [
      {
        searchqkeywordsx: { count: 1, url: 'https://www.npmjs.com/search?q=keywords:editor' }
      }
    ]
    sending append with key:  76f746cc0bea9b8f141269e822d638c2c0ce46e75c7e1b641632a53cd8687edc

      at Socket.<anonymous> (distribution/local/status.js:75:13)

  console.log
    Child process stdout: the values:  [
      {
        antv: { count: 1, url: 'https://www.npmjs.com/search?q=keywords:editor' }
      }
    ]
    sending append with key:  243c4af1a08e4d56e440ebc899aa6367f69f5b3924f138fe20d31e04410e2675
    the values:  [
      {
        searchqkeywordsantvnpmavatareyjhbgcioijiuziniisinrcciikpxvcjeyjhdmfyxjvukwioijodhrwczovlmuzjhdmfyxiuytlfyxrhciimwexyjmzzgflymuotgodaynzgztyzotazyiymdzaxplptewmczkzwzhdwxpxjldhjvinangkuzsoymjwfiuipupmfdojqgcdubyawpynewbyvector: { count: 1, url: 'https://www.npmjs.com/search?q=keywords:editor' }
      }
    ]

      at Socket.<anonymous> (distribution/local/status.js:75:13)

  console.log
    Child process stdout: sending append with key:  1bcc8bac30de1cdfa4c2b30d68539a0d684750ba7248f3821a9c34e169125f0c
    the values:  [
      {
        newbyvectorpublish: { count: 1, url: 'https://www.npmjs.com/search?q=keywords:editor' }
      }
    ]
    sending append with key:  9d347818598c4a82fb066efee05fd2dd3421ce62643e8a1225bfcb5b850625d8
    the values:  [
      {
        agomqphttpsstaticproductionnpmjscomdeadeaceadbbbsvggojspackagegojsinteract: { count: 1, url: 'https://www.npmjs.com/search?q=keywords:editor' }
      }
    ]

      at Socket.<anonymous> (distribution/local/status.js:75:13)

  console.log
    Child process stdout: sending append with key:  50e5b1f5a7e5f7faa9959fbfba3e1b068cff0308b13ac40a27d7135d41d0429d
    the values:  [
      {
        chart: { count: 2, url: 'https://www.npmjs.com/search?q=keywords:editor' }
      },
      {
        chart: { count: 2, url: 'https://www.npmjs.com/search?q=keywords:ascii' }
      },
      {
        chart: { count: 1, url: 'https://www.npmjs.com/search?q=keywords:align' }
      }
    ]

      at Socket.<anonymous> (distribution/local/status.js:75:13)

  console.log
    Child process stdout: sending append with key:  984879fb79e9dcaf294f9caa1b1c6239a7b8b845de4ff209ca5f43d1a99bc6e3
    the values:  [
      {
        tree: { count: 2, url: 'https://www.npmjs.com/search?q=keywords:editor' }
      },
      {
        tree: { count: 5, url: 'https://www.npmjs.com/search?q=keywords:remark' }
      },
      {
        tree: { count: 1, url: 'https://www.npmjs.com/search?q=keywords:mkdir' }
      },
      {
        tree: {
          count: 21,
          url: 'https://www.npmjs.com/search?q=keywords:auto%20complete'
        }
      },
      {
        tree: { count: 8, url: 'https://www.npmjs.com/search?q=keywords:index' }
      }
    ]

      at Socket.<anonymous> (distribution/local/status.js:75:13)

  console.log
    Child process stdout: sending append with key:  81723c00b98729c5751e968886e9d49383debf6adfabb0a05655bd6ec6d9feb4
    the values:  [
      {
        orgchartsuml: { count: 1, url: 'https://www.npmjs.com/search?q=keywords:editor' }
      }
    ]
    sending append with key:  c1363440dc60f6ee445ad08520da668ae7bd0d8679aba25658fb75421d06e14f
    the values:  [
      {
        bpmn: { count: 2, url: 'https://www.npmjs.com/search?q=keywords:editor' }
      }
    ]

      at Socket.<anonymous> (distribution/local/status.js:75:13)

  console.log
    Child process stdout: sending append with key:  33f082b56cf69d297e47ed30c0b8f72052a45017e30b5d75691df032568b3109
    the values:  [
      {
        busi: { count: 1, url: 'https://www.npmjs.com/search?q=keywords:editor' }
      },
      {
        busi: { count: 2, url: 'https://www.npmjs.com/search?q=keywords:ascii' }
      }
    ]

      at Socket.<anonymous> (distribution/local/status.js:75:13)

  console.log
    Child process stdout: sending append with key:  95afed090a24a7458b429284f9505d5a051f19e6c10f6c37d1b4e5767ca8b18a
    the values:  [
      {
        goj: { count: 1, url: 'https://www.npmjs.com/search?q=keywords:editor' }
      }
    ]
    sending append with key:  e6c352149cc7460b686a05ca7fb3b64d32fe652e5e13815b8d6db1058555b177
    the values:  [
      {
        searchqkeywordsgoj: { count: 1, url: 'https://www.npmjs.com/search?q=keywords:editor' }
      }
    ]

      at Socket.<anonymous> (distribution/local/status.js:75:13)

  console.log
    Child process stdout: sending append with key:  617b5c85bfb9cc8534f96c16c4df27fc51c3c1d1acd743a4fda64fc5851341c0
    the values:  [
      {
        searchqkeywordschart: { count: 1, url: 'https://www.npmjs.com/search?q=keywords:editor' }
      },
      {
        searchqkeywordschart: { count: 1, url: 'https://www.npmjs.com/search?q=keywords:ascii' }
      },
      {
        searchqkeywordschart: { count: 1, url: 'https://www.npmjs.com/search?q=keywords:align' }
      }
    ]

      at Socket.<anonymous> (distribution/local/status.js:75:13)

  console.log
    Child process stdout: sending append with key:  bc6fa8491f11ee6ceb6e956a9ba5257de480ebf8d0b185820ce9b7cf30d68eaf
    the values:  [
      {
        searchqkeywordstre: { count: 1, url: 'https://www.npmjs.com/search?q=keywords:editor' }
      },
      {
        searchqkeywordstre: { count: 3, url: 'https://www.npmjs.com/search?q=keywords:remark' }
      },
      {
        searchqkeywordstre: {
          count: 7,
          url: 'https://www.npmjs.com/search?q=keywords:auto%20complete'
        }
      }
    ]

      at Socket.<anonymous> (distribution/local/status.js:75:13)

  console.log
    Child process stdout: sending append with key:  9cac6f723a16db86f92e57f83a9e2b708cc5ebf726f8610457b2e6fbe09c2abe
    the values:  [
      {
        orgchart: { count: 1, url: 'https://www.npmjs.com/search?q=keywords:editor' }
      }
    ]
    sending append with key:  53e8f7c0a60305361a33e30aef96a9641eced935d42d37504074e5069ab946bf
    the values:  [
      {
        searchqkeywordsorgchart: { count: 1, url: 'https://www.npmjs.com/search?q=keywords:editor' }
      }
    ]

      at Socket.<anonymous> (distribution/local/status.js:75:13)

  console.log
    Child process stdout: sending append with key:  95872c1c1f1634cffd8ccc207e614e9cc356db9032145335cdab810717bcfc36
    the values:  [
      {
        searchqkeywordsbpmn: { count: 1, url: 'https://www.npmjs.com/search?q=keywords:editor' }
      }
    ]

      at Socket.<anonymous> (distribution/local/status.js:75:13)

  console.log
    Child process stdout: sending append with key:  e718aeef9828c5c03d9114900c48e761b5b5bd5952796dcf88a8adcccd0bf0f7
    the values:  [
      {
        draw: { count: 1, url: 'https://www.npmjs.com/search?q=keywords:editor' }
      },
      {
        draw: { count: 2, url: 'https://www.npmjs.com/search?q=keywords:index' }
      }
    ]
    sending append with key:  a39bae3e9faae14b246aa506a103264fcffc01f3582276728ac8e002bef7c1b8
    the values:  [
      {
        searchqkeywordsdraw: { count: 1, url: 'https://www.npmjs.com/search?q=keywords:editor' }
      },
      {
        searchqkeywordsdraw: { count: 1, url: 'https://www.npmjs.com/search?q=keywords:index' }
      }
    ]

      at Socket.<anonymous> (distribution/local/status.js:75:13)

  console.log
    Child process stdout: sending append with key:  c2e469154aaf4345ce2872640eaa145b683c9760f92428934bbacf8eef0f2fb4
    the values:  [
      {
        hierarchi: { count: 1, url: 'https://www.npmjs.com/search?q=keywords:editor' }
      }
    ]

      at Socket.<anonymous> (distribution/local/status.js:75:13)

  console.log
    Child process stdout: sending append with key:  f8c2313ec883472de78d8df4f596b501adf3ce5ef85033cd4585256cc72a207d
    the values:  [
      {
        searchqkeywordshierarchi: { count: 1, url: 'https://www.npmjs.com/search?q=keywords:editor' }
      }
    ]
    sending append with key:  7234e178de7d5846ef09a691160c800f8d803df2dabbed4055e42dc2172b1606
    the values:  [
      {
        packagegojskeywordsnpmavatareyjhbgcioijiuziniisinrcciikpxvcjeyjhdmfyxjvukwioijodhrwczovlmuzjhdmfyxiuytlfyxrhcijmgqmwmzgqwzmvjmjimwewmtdjmwniztfmnzkytzaxplptewmczkzwzhdwxpxjldhjvinhdemtzwbjxfedxcgbuwnpammkhatwziqbyinzacsimonsarri: { count: 1, url: 'https://www.npmjs.com/search?q=keywords:editor' }
      }
    ]

      at Socket.<anonymous> (distribution/local/status.js:75:13)

  console.log
    Child process stdout: sending append with key:  0bea9f1bfa058d378251b50d380eeba8b7ab92585fae0b92d194ae8a45096524
    the values:  [
      {
        simonsarrispublish: { count: 1, url: 'https://www.npmjs.com/search?q=keywords:editor' }
      }
    ]

      at Socket.<anonymous> (distribution/local/status.js:75:13)

  console.log
    Child process stdout: sending append with key:  8544a896f54f6ee7221024f9107703fa1cf8649674eda0748921662faff86e1f
    the values:  [
      {
        dai: {
          count: 16,
          url: 'https://www.npmjs.com/search?q=keywords:editor'
        }
      },
      {
        dai: {
          count: 6,
          url: 'https://www.npmjs.com/search?q=keywords:promise'
        }
      },
      {
        dai: {
          count: 4,
          url: 'https://www.npmjs.com/search?q=text&page=1&perPage=20'
        }
      },
      {
        dai: {
          count: 2,
          url: 'https://www.npmjs.com/search?q=keywords:wordbreak'
        }
      },
      {
        dai: { count: 8, url: 'https://www.npmjs.com/search?q=keywords:mkdirs' }
      },
      {
        dai: { count: 2, url: 'https://www.npmjs.com/search?q=keywords:get' }
      },
      {
        dai: { count: 4, url: 'https://www.npmjs.com/search?q=keywords:delete' }
      },
      {
        dai: { count: 2, url: 'https://www.npmjs.com/search?q=keywords:base64' }
      },
      {
        dai: { count: 2, url: 'https://www.npmjs.com/search?q=keywords:ascii' }
      },
      {
        dai: { count: 12, url: 'https://www.npmjs.com/search?q=keywords:file' }
      },
      {
        dai: { count: 4, url: 'https://www.npmjs.com/search?q=keywords:align' }
      },
      {
        dai: { count: 4, url: 'https://www.npmjs.com/search?q=keywords:remark' }
      },
      {
        dai: { count: 6, url: 'https://www.npmjs.com/search?q=keywords:figlet' }
      },
      {
        dai: {
          count: 4,
          url: 'https://www.npmjs.com/search?q=keywords:full%20text'
        }
      },
      {
        dai: {
          count: 8,
          url: 'https://www.npmjs.com/search?q=keywords:message'
        }
      },
      {
        dai: { count: 2, url: 'https://www.npmjs.com/search?q=keywords:mkdir' }
      },
      {
        dai: {
          count: 2,
          url: 'https://www.npmjs.com/search?q=keywords:auto%20complete'
        }
      },
      {
        dai: { count: 6, url: 'https://www.npmjs.com/search?q=keywords:index' }
      }
    ]

      at Socket.<anonymous> (distribution/local/status.js:75:13)

  console.log
    Child process stdout: sending append with key:  132596a23a6d6b550ecaa276aed56e7bcdfc6a5f45e3b4fa663c8412c075b8dc

      at Socket.<anonymous> (distribution/local/status.js:75:13)

  console.log
    Child process stdout: the values:  [
      {
        agomqphttpsstaticproductionnpmjscomdeadeaceadbbbsvgcodemirrorlanguagepackagecodemirrorlanguagelanguag: { count: 1, url: 'https://www.npmjs.com/search?q=keywords:editor' }
      }
    ]
    sending append with key:  c9b90bb2df986c6d1568b248b4f54684aed3625d725752c9bf90cbc277a697a7

      at Socket.<anonymous> (distribution/local/status.js:75:13)

  console.log
    Child process stdout: the values:  [
      {
        support: { count: 3, url: 'https://www.npmjs.com/search?q=keywords:editor' }
      },
      {
        support: {
          count: 1,
          url: 'https://www.npmjs.com/search?q=keywords:promise'
        }
      },
      {
        support: {
          count: 1,
          url: 'https://www.npmjs.com/search?q=text&page=1&perPage=20'
        }
      },
      {
        support: { count: 3, url: 'https://www.npmjs.com/policies/conduct' }
      },
      {
        support: {
          count: 1,
          url: 'https://www.npmjs.com/search?q=keywords:wordbreak'
        }
      },
      {
        support: { count: 1, url: 'https://www.npmjs.com/search?q=keywords:mkdirs' }
      },
      {
        support: { count: 1, url: 'https://www.npmjs.com/search?q=keywords:get' }
      },
      {
        support: { count: 1, url: 'https://www.npmjs.com/search?q=keywords:delete' }
      },
      {
        support: { count: 8, url: 'https://www.npmjs.com/package/get-stream' }
      },
      {
        support: { count: 1, url: 'https://www.npmjs.com/search?q=keywords:base64' }
      },
      {
        support: { count: 22, url: 'https://www.npmjs.com/package/chalk' }
      },
      {
        support: { count: 2, url: 'https://www.npmjs.com/search?q=keywords:ascii' }
      },
      {
        support: { count: 4, url: 'https://www.npmjs.com/search?q=keywords:colour' }
      },
      {
        support: { count: 1, url: 'https://www.npmjs.com/search?q=keywords:file' }
      },
      {
        support: { count: 1, url: 'https://www.npmjs.com/search?q=keywords:align' }
      },
      {
        support: {
          count: 1,
          url: 'https://www.npmjs.com/package/ansi-escapes#keywords'
        }
      },
      {
        support: { count: 6, url: 'https://www.npmjs.com/search?q=keywords:remark' }
      },
      {
        support: { count: 1, url: 'https://www.npmjs.com/search?q=keywords:figlet' }
      },
      {
        support: {
          count: 2,
          url: 'https://www.npmjs.com/search?q=keywords:full%20text'
        }
      },
      { support: { count: 3, url: 'https://www.npmjs.com/package/diff' } },
      {
        support: {
          count: 1,
          url: 'https://www.npmjs.com/search?q=keywords:message'
        }
      },
      {
        support: { count: 1, url: 'https://www.npmjs.com/policies/terms' }
      },
      {
        support: { count: 7, url: 'https://www.npmjs.com/package/ansi-styles' }
      },
      {
        support: {
          count: 1,
          url: 'https://www.npmjs.com/package/strip-ansi#keywords'
        }
      },
      {
        support: {
          count: 2,
          url: 'https://www.npmjs.com/package/fs-extra#keywords'
        }
      },
      {
        support: { count: 2, url: 'https://www.npmjs.com/search?q=keywords:index' }
      },
      {
        support: { count: 2, url: 'https://www.npmjs.com/package/fs-extra' }
      },
      { support: { count: 1, url: 'https://www.npmjs.com/~ryanzim' } }
    ]

      at Socket.<anonymous> (distribution/local/status.js:75:13)

  console.log
    Child process stdout: sending append with key:  7c6c971ae84c9ed0463174462013a72fc6721246b23e82e7c24e6968427c6fab

      at Socket.<anonymous> (distribution/local/status.js:75:13)

  console.log
    Child process stdout: the values:  [
      {
        infrastructur: { count: 1, url: 'https://www.npmjs.com/search?q=keywords:editor' }
      }
    ]
    sending append with key:  2a9ecb21eab4620ecfc36e656724a0b4558ecce4b9dc080965cd129879b7966f
    the values:  [
      {
        searchqkeywordscodenpmavatareyjhbgcioijiuziniisinrcciikpxvcjeyjhdmfyxjvukwioijodhrwczovlmuzjhdmfyxiuytlfyxrhcijzmindknjengvimgemdnmnzfjnjenjrjmdrizdzaxplptewmczkzwzhdwxpxjldhjvinwczvdpbqpvcdtqyeqedfrwicquioaptgvwngimarijn: { count: 6, url: 'https://www.npmjs.com/search?q=keywords:editor' }
      }
    ]
    sending append with key:  38d95affe2182432f02c8f58f6c8da2204f0d12f139d3ea472130ac93a0cd6d1
    the values:  [
      {
        marijnpublish: { count: 6, url: 'https://www.npmjs.com/search?q=keywords:editor' }
      }
    ]
    sending append with key:  5dcc879e6bc0dccf0145569f8e97ee3455e7c08d9561a3fc97cc3dbba20de1ef
    the values:  [
      {
        agomqphttpsstaticproductionnpmjscomdeadeaceadbbbsvgcodemirrorstatepackagecodemirrorstateeditor: { count: 1, url: 'https://www.npmjs.com/search?q=keywords:editor' }
      }
    ]

      at Socket.<anonymous> (distribution/local/status.js:75:13)

  console.log
    Child process stdout: sending append with key:  5d61a7d7bdc96253b168d9d097131c0c08fc3cb2e246079bce1da228855ae115
    the values:  [
      {
        state: { count: 1, url: 'https://www.npmjs.com/search?q=keywords:editor' }
      },
      { state: { count: 1, url: 'https://www.npmjs.com/~lucaong' } },
      {
        state: {
          count: 1,
          url: 'https://www.npmjs.com/package/fs-extra#keywords'
        }
      },
      {
        state: { count: 1, url: 'https://www.npmjs.com/package/fs-extra' }
      }
    ]
    sending append with key:  8da96fd0b091335d10f9d9b11789c2c4b61ae06eb21ed880957026e2556a4b7c

      at Socket.<anonymous> (distribution/local/status.js:75:13)

  console.log
    Child process stdout: the values:  [
      {
        data: { count: 1, url: 'https://www.npmjs.com/search?q=keywords:editor' }
      },
      {
        data: {
          count: 1,
          url: 'https://www.npmjs.com/search?q=keywords:promise'
        }
      },
      {
        data: {
          count: 1,
          url: 'https://www.npmjs.com/search?q=text&page=1&perPage=20'
        }
      },
      { data: { count: 2, url: 'https://www.npmjs.com/policies/conduct' } },
      {
        data: { count: 7, url: 'https://www.npmjs.com/search?q=keywords:get' }
      },
      {
        data: { count: 2, url: 'https://www.npmjs.com/package/get-stream' }
      },
      {
        data: { count: 1, url: 'https://www.npmjs.com/search?q=keywords:base64' }
      },
      { data: { count: 1, url: 'https://www.npmjs.com/~lucaong' } },
      {
        data: {
          count: 6,
          url: 'https://www.npmjs.com/package/@contentful/rich-text-html-renderer'
        }
      },
      {
        data: { count: 1, url: 'https://www.npmjs.com/search?q=keywords:ascii' }
      },
      {
        data: { count: 1, url: 'https://www.npmjs.com/search?q=keywords:file' }
      },
      {
        data: { count: 1, url: 'https://www.npmjs.com/search?q=keywords:align' }
      },
      { data: { count: 5, url: 'https://www.npmjs.com/package/diff' } },
      {
        data: {
          count: 2,
          url: 'https://www.npmjs.com/search?q=keywords:message'
        }
      },
      { data: { count: 1, url: 'https://www.npmjs.com/policies/terms' } },
      {
        data: {
          count: 7,
          url: 'https://www.npmjs.com/search?q=keywords:auto%20complete'
        }
      },
      {
        data: { count: 17, url: 'https://www.npmjs.com/search?q=keywords:index' }
      }
    ]

      at Socket.<anonymous> (distribution/local/status.js:75:13)

  console.log
    Child process stdout: sending append with key:  7e8cd07be1942cc9476ebabb1ec781da96ea97676d22e919c12a1029f1eb6dd8
    the values:  [
      {
        structur: { count: 1, url: 'https://www.npmjs.com/search?q=keywords:editor' }
      },
      {
        structur: { count: 1, url: 'https://www.npmjs.com/search?q=keywords:get' }
      },
      { structur: { count: 9, url: 'https://www.npmjs.com/package/diff' } },
      {
        structur: {
          count: 6,
          url: 'https://www.npmjs.com/search?q=keywords:auto%20complete'
        }
      },
      {
        structur: { count: 24, url: 'https://www.npmjs.com/search?q=keywords:index' }
      },
      { structur: { count: 1, url: 'https://www.npmjs.com/~ryanzim' } }
    ]

      at Socket.<anonymous> (distribution/local/status.js:75:13)

  console.log
    Child process stdout: sending append with key:  58a20ba2cce7c458c5918b716903127468bd8ca0b051c4eff173e0902b89a3f5
    the values:  [
      {
        agomqphttpsstaticproductionnpmjscomdeadeaceadbbbsvgquillpackagequillyour: { count: 1, url: 'https://www.npmjs.com/search?q=keywords:editor' }
      }
    ]
    sending append with key:  db5c2c0133fbffdeae1a6f5c833a0612f2baf6badbcde79f352f25702630b8c0

      at Socket.<anonymous> (distribution/local/status.js:75:13)

  console.log
    Child process stdout: the values:  [
      {
        power: { count: 1, url: 'https://www.npmjs.com/search?q=keywords:editor' }
      },
      {
        power: {
          count: 1,
          url: 'https://www.npmjs.com/search?q=text&page=1&perPage=20'
        }
      },
      {
        power: { count: 1, url: 'https://www.npmjs.com/search?q=keywords:get' }
      },
      { power: { count: 2, url: 'https://www.npmjs.com/~lucaong' } },
      {
        power: { count: 1, url: 'https://www.npmjs.com/search?q=keywords:log' }
      },
      {
        power: { count: 1, url: 'https://www.npmjs.com/search?q=keywords:file' }
      },
      {
        power: { count: 1, url: 'https://www.npmjs.com/search?q=keywords:remark' }
      },
      {
        power: { count: 1, url: 'https://www.npmjs.com/search?q=keywords:index' }
      }
    ]
    sending append with key:  15a045b7884de77258da2e80723b734ef2c9ef86033d3d0107a657b500c7165c

      at Socket.<anonymous> (distribution/local/status.js:75:13)

  console.log
    Child process stdout: the values:  [
      {
        quill: { count: 1, url: 'https://www.npmjs.com/search?q=keywords:editor' }
      },
      {
        quill: { count: 3, url: 'https://www.npmjs.com/search?q=keywords:align' }
      }
    ]
    sending append with key:  ab69be06020af816c19a0a7b9603ac0441dca0dabb2e9819ef96c4779f59ad85
    the values:  [
      {
        searchqkeywordsquil: { count: 1, url: 'https://www.npmjs.com/search?q=keywords:editor' }
      }
    ]

      at Socket.<anonymous> (distribution/local/status.js:75:13)

  console.log
    Child process stdout: sending append with key:  f221df18c64ee4058663b5f69ea06120826adce28bcf3542c4f8101d739de8eb
    the values:  [
      {
        oper: { count: 1, url: 'https://www.npmjs.com/search?q=keywords:editor' }
      },
      { oper: { count: 2, url: 'https://www.npmjs.com/package/diff' } }
    ]
    sending append with key:  0e6bb86f464b8452ec3e0d3b3654fa514cf9a9b699bcb623fe364e989c767874

      at Socket.<anonymous> (distribution/local/status.js:75:13)

  console.log
    Child process stdout: the values:  [
      {
        transform: { count: 2, url: 'https://www.npmjs.com/search?q=keywords:editor' }
      },
      {
        transform: { count: 3, url: 'https://www.npmjs.com/search?q=keywords:delete' }
      },
      {
        transform: { count: 1, url: 'https://www.npmjs.com/package/get-stream' }
      },
      {
        transform: { count: 3, url: 'https://www.npmjs.com/search?q=keywords:remark' }
      },
      {
        transform: { count: 3, url: 'https://www.npmjs.com/package/diff' }
      }
    ]
    sending append with key:  feef532a0ef7b8a9bff85f6b9ed1479b52424708b7a3a49f5f39ade513fe58ec
    the values:  [
      {
        searchqkeywordsoper: { count: 1, url: 'https://www.npmjs.com/search?q=keywords:editor' }
      }
    ]

      at Socket.<anonymous> (distribution/local/status.js:75:13)

  console.log
    Child process stdout: sending append with key:  3571104a04ccb28c1a2e419e8c9239d648fc53aba036e353cdd74a93d898228d
    the values:  [
      {
        ot: { count: 1, url: 'https://www.npmjs.com/search?q=keywords:editor' }
      }
    ]
    sending append with key:  6e1146618840b35e7f992eecda8433dfab6cf59e21f6f22e1c8c627213ce6f6e
    the values:  [
      {
        searchqkeywordsot: { count: 1, url: 'https://www.npmjs.com/search?q=keywords:editor' }
      }
    ]

      at Socket.<anonymous> (distribution/local/status.js:75:13)

  console.log
    Child process stdout: sending append with key:  dcbe4987bb0ec75f1d63c6da256a00a4252ff9c94e81190d118584daee70fb8b
    the values:  [
      {
        framework: { count: 1, url: 'https://www.npmjs.com/search?q=keywords:editor' }
      },
      {
        framework: {
          count: 1,
          url: 'https://www.npmjs.com/search?q=keywords:wordbreak'
        }
      },
      {
        framework: { count: 1, url: 'https://www.npmjs.com/search?q=keywords:figlet' }
      },
      {
        framework: { count: 1, url: 'https://www.npmjs.com/search?q=keywords:mkdir' }
      }
    ]
    sending append with key:  d221edf112caa62b4b962b5a4c78b585774678a341ce30ae83ecd89c73331791
    the values:  [
      {
        searchqkeywordsframeworknpmavatareyjhbgcioijiuziniisinrcciikpxvcjeyjhdmfyxjvukwioijodhrwczovlmuzjhdmfyxiuytlfyxrhciingzhzgjizteyywmnwmynwvkymrhndnhytgmthlytzaxplptewmczkzwzhdwxpxjldhjvingcacemrpmpgcgahjqyhzuafqjcbtevsvmhcluin: { count: 1, url: 'https://www.npmjs.com/search?q=keywords:editor' }
      }
    ]
    sending append with key:  9a9bd93a82df5487161110d366b3f3de30c0bd68867e24e91187db84ef461ba9
    the values:  [
      {
        luinpublish: { count: 1, url: 'https://www.npmjs.com/search?q=keywords:editor' }
      }
    ]
    sending append with key:  e3a750050b47ee7f6fdefa4d38f88a5140c1f92074396aa0b3972caad1d79520
    the values:  [
      {
        agomqphttpsstaticproductionnpmjscomdeadeaceadbbbsvgwordpressblockeditorpackagewordpressblockeditorgener: { count: 1, url: 'https://www.npmjs.com/search?q=keywords:editor' }
      }
    ]
    sending append with key:  8999fe6ea54be0c52a92a3b85260346468c2d07a6f75651a9cbc8476873f7eb9
    the values:  [
      {
        block: { count: 2, url: 'https://www.npmjs.com/search?q=keywords:editor' }
      },
      {
        block: {
          count: 4,
          url: 'https://www.npmjs.com/package/@contentful/rich-text-html-renderer'
        }
      },
      {
        block: { count: 1, url: 'https://www.npmjs.com/search?q=keywords:align' }
      },
      { block: { count: 7, url: 'https://www.npmjs.com/package/diff' } }
    ]
    sending append with key:  a56f9c764e7c34e59b6a72df96e5a8a86ee641341fa45547146a6775cd02dbcd
    the values:  [
      {
        wordpress: { count: 1, url: 'https://www.npmjs.com/search?q=keywords:editor' }
      },
      {
        wordpress: {
          count: 1,
          url: 'https://www.npmjs.com/search?q=text&page=1&perPage=20'
        }
      }
    ]
    sending append with key:  a9d5135cca841a000620e980ceb9b9a6bee0a706f234c43513d9d1aa426ceb18
    the values:  [
      {
        searchqkeywordswordpress: { count: 1, url: 'https://www.npmjs.com/search?q=keywords:editor' }
      },
      {
        searchqkeywordswordpress: {
          count: 1,
          url: 'https://www.npmjs.com/search?q=text&page=1&perPage=20'
        }
      }
    ]
    sending append with key:  8444c8881fc221f3715ef48aa40b688a205d8e2f1b0ae8bc3026b1f2c2539a66
    the values:  [
      {
        gutenberg: { count: 1, url: 'https://www.npmjs.com/search?q=keywords:editor' }
      },
      {
        gutenberg: {
          count: 1,
          url: 'https://www.npmjs.com/search?q=text&page=1&perPage=20'
        }
      }
    ]
    sending append with key:  2b1e7df672678ea1465083047c8d4a2acfecb467007d97af885af017f18b3aaa
    the values:  [
      {
        searchqkeywordsgutenberg: { count: 1, url: 'https://www.npmjs.com/search?q=keywords:editor' }
      },
      {
        searchqkeywordsgutenberg: {
          count: 1,
          url: 'https://www.npmjs.com/search?q=text&page=1&perPage=20'
        }
      }
    ]
    sending append with key:  c1506d1589800139161ef8acbe3107d2045842dccc0377a16190f6647c17dedb
    the values:  [
      {
        searchqkeywordsblocksnpmavatareyjhbgcioijiuziniisinrcciikpxvcjeyjhdmfyxjvukwioijodhrwczovlmuzjhdmfyxiuytlfyxrhciywmzjrmmtfinzljotyztzkytjlnmizytllmmzztzaxplptewmczkzwzhdwxpxjldhjvinehmxjtkozxriicukdptfennxjiagsipbugutenbergplugin: { count: 1, url: 'https://www.npmjs.com/search?q=keywords:editor' }
      }
    ]
    sending append with key:  db75f14f098ed96892c82dd5c141731899178f5fc3e464a741a5622068ff5132
    the values:  [
      {
        gutenbergpluginpublish: { count: 1, url: 'https://www.npmjs.com/search?q=keywords:editor' }
      },
      {
        gutenbergpluginpublish: {
          count: 1,
          url: 'https://www.npmjs.com/search?q=text&page=1&perPage=20'
        }
      }
    ]
    sending append with key:  b3cc1a923ddfd2c57d20bcb41c4422a3a6a03a57db110c1de035707a2edc3d80
    the values:  [
      {
        agomqphttpsstaticproductionnpmjscomdeadeaceadbbbsvgcodemirrorautocompletepackagecodemirrorautocompleteautocomplet: { count: 1, url: 'https://www.npmjs.com/search?q=keywords:editor' }
      }
    ]
    sending append with key:  d0fd7967e6b091306219eba0fb77e41e09f53f9b4fcc3c2f223be77a880b5a55
    the values:  [
      {
        agomqphttpsstaticproductionnpmjscomdeadeaceadbbbsvgjsoneditorjsoneditorpackagejsoneditorjsoneditorjson: { count: 1, url: 'https://www.npmjs.com/search?q=keywords:editor' }
      }
    ]
    sending append with key:  023394e8c1e0eecd8712331d6383e4811617bc6391d66b2222d4cb66c4f513f9
    the values:  [
      {
        schema: { count: 2, url: 'https://www.npmjs.com/search?q=keywords:editor' }
      },
      {
        schema: { count: 1, url: 'https://www.npmjs.com/search?q=keywords:delete' }
      },
      {
        schema: {
          count: 1,
          url: 'https://www.npmjs.com/search?q=keywords:message'
        }
      }
    ]

      at Socket.<anonymous> (distribution/local/status.js:75:13)

  console.log
    Child process stdout: sending append with key:  a1b2e5777ea57383843d82563c02d14f8b361da5ca74a494cabf26cce33e592b

      at Socket.<anonymous> (distribution/local/status.js:75:13)

  console.log
    Child process stdout: the values:  [
      {
        base: { count: 3, url: 'https://www.npmjs.com/search?q=keywords:editor' }
      },
      {
        base: {
          count: 1,
          url: 'https://www.npmjs.com/search?q=keywords:promise'
        }
      },
      {
        base: {
          count: 2,
          url: 'https://www.npmjs.com/search?q=keywords:wordbreak'
        }
      },
      {
        base: { count: 2, url: 'https://www.npmjs.com/search?q=keywords:mkdirs' }
      },
      {
        base: { count: 1, url: 'https://www.npmjs.com/search?q=keywords:get' }
      },
      {
        base: {
          count: 51,
          url: 'https://www.npmjs.com/search?q=keywords:base64'
        }
      },
      {
        base: { count: 1, url: 'https://www.npmjs.com/search?q=keywords:ascii' }
      },
      {
        base: { count: 1, url: 'https://www.npmjs.com/search?q=keywords:figlet' }
      },
      {
        base: {
          count: 2,
          url: 'https://www.npmjs.com/search?q=keywords:full%20text'
        }
      },
      {
        base: { count: 1, url: 'https://www.npmjs.com/search?q=keywords:mkdir' }
      },
      {
        base: { count: 1, url: 'https://www.npmjs.com/search?q=keywords:index' }
      }
    ]
    sending append with key:  a953a26b8412c46b7d8bf0468a1cc55345aad929277fafbe05d7c06d99b17a15

      at Socket.<anonymous> (distribution/local/status.js:75:13)

  console.log
    Child process stdout: the values:  [
      {
        json: { count: 1, url: 'https://www.npmjs.com/search?q=keywords:editor' }
      },
      {
        json: {
          count: 1,
          url: 'https://www.npmjs.com/search?q=keywords:promise'
        }
      },
      {
        json: {
          count: 5,
          url: 'https://www.npmjs.com/search?q=text&page=1&perPage=20'
        }
      },
      {
        json: { count: 2, url: 'https://www.npmjs.com/search?q=keywords:mkdirs' }
      },
      {
        json: { count: 4, url: 'https://www.npmjs.com/search?q=keywords:delete' }
      },
      {
        json: { count: 1, url: 'https://www.npmjs.com/package/get-stream' }
      },
      {
        json: { count: 1, url: 'https://www.npmjs.com/search?q=keywords:ascii' }
      },
      {
        json: { count: 5, url: 'https://www.npmjs.com/search?q=keywords:file' }
      },
      {
        json: { count: 2, url: 'https://www.npmjs.com/search?q=keywords:align' }
      },
      {
        json: {
          count: 2,
          url: 'https://www.npmjs.com/search?q=keywords:full%20text'
        }
      },
      { json: { count: 6, url: 'https://www.npmjs.com/package/diff' } },
      {
        json: {
          count: 5,
          url: 'https://www.npmjs.com/search?q=keywords:message'
        }
      },
      {
        json: { count: 1, url: 'https://www.npmjs.com/search?q=keywords:mkdir' }
      },
      {
        json: {
          count: 1,
          url: 'https://www.npmjs.com/package/fs-extra#keywords'
        }
      },
      { json: { count: 1, url: 'https://www.npmjs.com/package/fs-extra' } },
      { json: { count: 2, url: 'https://www.npmjs.com/~ryanzim' } }
    ]

      at Socket.<anonymous> (distribution/local/status.js:75:13)

  console.log
    Child process stdout: sending append with key:  f102f0c73e940a3df26a88cca1da7e2018c5b8ee2f74020b4385ed1652e53144
    the values:  [
      {
        searchqkeywordsjson: { count: 1, url: 'https://www.npmjs.com/search?q=keywords:editor' }
      },
      {
        searchqkeywordsjson: {
          count: 1,
          url: 'https://www.npmjs.com/search?q=keywords:promise'
        }
      },
      {
        searchqkeywordsjson: {
          count: 2,
          url: 'https://www.npmjs.com/search?q=text&page=1&perPage=20'
        }
      },
      {
        searchqkeywordsjson: { count: 2, url: 'https://www.npmjs.com/search?q=keywords:mkdirs' }
      },
      {
        searchqkeywordsjson: { count: 2, url: 'https://www.npmjs.com/search?q=keywords:delete' }
      },
      {
        searchqkeywordsjson: { count: 1, url: 'https://www.npmjs.com/search?q=keywords:ascii' }
      },
      {
        searchqkeywordsjson: { count: 3, url: 'https://www.npmjs.com/search?q=keywords:file' }
      },
      {
        searchqkeywordsjson: { count: 1, url: 'https://www.npmjs.com/search?q=keywords:align' }
      },
      {
        searchqkeywordsjson: { count: 1, url: 'https://www.npmjs.com/package/diff' }
      },
      {
        searchqkeywordsjson: {
          count: 3,
          url: 'https://www.npmjs.com/search?q=keywords:message'
        }
      },
      {
        searchqkeywordsjson: { count: 1, url: 'https://www.npmjs.com/search?q=keywords:mkdir' }
      },
      {
        searchqkeywordsjson: {
          count: 1,
          url: 'https://www.npmjs.com/package/fs-extra#keywords'
        }
      },
      {
        searchqkeywordsjson: { count: 1, url: 'https://www.npmjs.com/package/fs-extra' }
      }
    ]

      at Socket.<anonymous> (distribution/local/status.js:75:13)

  console.log
    Child process stdout: sending append with key:  774bab5e68d9b26103848cfbeed19d9f1042c7e86a920d0bea570dd43ca851fd
    the values:  [
      {
        searchqkeywordsschema: { count: 1, url: 'https://www.npmjs.com/search?q=keywords:editor' }
      },
      {
        searchqkeywordsschema: { count: 1, url: 'https://www.npmjs.com/search?q=keywords:delete' }
      },
      {
        searchqkeywordsschema: {
          count: 1,
          url: 'https://www.npmjs.com/search?q=keywords:message'
        }
      }
    ]
    sending append with key:  73c44a38dd6fe9b125c306f3dbc5983cceeff4c268fab34510245397e910e61c
    the values:  [
      {
        jsonschema: { count: 1, url: 'https://www.npmjs.com/search?q=keywords:editor' }
      },
      {
        jsonschema: {
          count: 1,
          url: 'https://www.npmjs.com/search?q=keywords:full%20text'
        }
      }
    ]

      at Socket.<anonymous> (distribution/local/status.js:75:13)

  console.log
    Child process stdout: sending append with key:  d8d6fa380543bac68dc233342d92d9e854e0275c1864279d708f9b9f0a848dfa
    the values:  [
      {
        searchqkeywordsjsonschema: { count: 1, url: 'https://www.npmjs.com/search?q=keywords:editor' }
      },
      {
        searchqkeywordsjsonschema: {
          count: 1,
          url: 'https://www.npmjs.com/search?q=keywords:full%20text'
        }
      }
    ]
    sending append with key:  40bd78268e4e9e95b3058ecc9915eeeb1646719482afff330a4e1cded5cde63c
    the values:  [
      {
        searchqkeywordseditornpmavatareyjhbgcioijiuziniisinrcciikpxvcjeyjhdmfyxjvukwioijodhrwczovlmuzjhdmfyxiuytlfyxrhcilnjcxmgixymeotyxotzlzwjmmdfmnzqyztziytflmtzaxplptewmczkzwzhdwxpxjldhjvinlrhrprarqjvbsxqyrcckgzlkeucpqtdasggermanbisurgi: { count: 1, url: 'https://www.npmjs.com/search?q=keywords:editor' }
      }
    ]

      at Socket.<anonymous> (distribution/local/status.js:75:13)

  console.log
    Child process stdout: sending append with key:  554cbe8195513132b88d3acd73d3ea2d590ad2152930b43c4dbf61f45252c8fc
    the values:  [
      {
        germanbisurgipublish: { count: 1, url: 'https://www.npmjs.com/search?q=keywords:editor' }
      }
    ]
    sending append with key:  dc843d1c0d1ddaa43578a3de973e806313c825bb683ef9d13da7c9e3931ee0fb
    the values:  [
      {
        agomqphttpsstaticproductionnpmjscomdeadeaceadbbbsvgcodemirrorcommandspackagecodemirrorcommandscollect: { count: 1, url: 'https://www.npmjs.com/search?q=keywords:editor' }
      }
    ]

      at Socket.<anonymous> (distribution/local/status.js:75:13)

  console.log
    Child process stdout: sending append with key:  f036a71c8ff949b3f5c9ca0455248912a59a569a7e79130a2c4086da41a04a07
    the values:  [
      {
        edit: { count: 1, url: 'https://www.npmjs.com/search?q=keywords:editor' }
      },
      { edit: { count: 1, url: 'https://www.npmjs.com/policies/conduct' } },
      {
        edit: { count: 1, url: 'https://www.npmjs.com/search?q=keywords:delete' }
      },
      { edit: { count: 3, url: 'https://www.npmjs.com/package/diff' } },
      { edit: { count: 1, url: 'https://www.npmjs.com/policies/terms' } },
      { edit: { count: 1, url: 'https://www.npmjs.com/~ryanzim' } }
    ]

      at Socket.<anonymous> (distribution/local/status.js:75:13)

  console.log
    Child process stdout: sending append with key:  44644060f3feb8db0925d7723de54ef3e7a30239c4c5e5e906a8cc77bfbd7009
    the values:  [
      {
        command: { count: 1, url: 'https://www.npmjs.com/search?q=keywords:editor' }
      },
      {
        command: {
          count: 1,
          url: 'https://www.npmjs.com/search?q=text&page=1&perPage=20'
        }
      },
      {
        command: { count: 1, url: 'https://www.npmjs.com/policies/conduct' }
      },
      {
        command: {
          count: 1,
          url: 'https://www.npmjs.com/search?q=keywords:wordbreak'
        }
      },
      {
        command: { count: 1, url: 'https://www.npmjs.com/search?q=keywords:log' }
      },
      {
        command: { count: 2, url: 'https://www.npmjs.com/search?q=keywords:colour' }
      },
      {
        command: { count: 1, url: 'https://www.npmjs.com/search?q=keywords:figlet' }
      },
      { command: { count: 3, url: 'https://www.npmjs.com/package/diff' } },
      {
        command: { count: 1, url: 'https://www.npmjs.com/search?q=keywords:mkdir' }
      },
      {
        command: { count: 1, url: 'https://www.npmjs.com/policies/terms' }
      },
      {
        command: {
          count: 1,
          url: 'https://www.npmjs.com/search?q=keywords:auto%20complete'
        }
      },
      {
        command: {
          count: 1,
          url: 'https://www.npmjs.com/package/fs-extra#keywords'
        }
      },
      {
        command: { count: 1, url: 'https://www.npmjs.com/package/fs-extra' }
      },
      { command: { count: 1, url: 'https://www.npmjs.com/~ryanzim' } }
    ]

      at Socket.<anonymous> (distribution/local/status.js:75:13)

  console.log
    Child process stdout: sending append with key:  d8457d7cbdfaa82de90208deb8466d77de8f5678c1e1c94a4db2ed4be693a145
    the values:  [
      {
        agomqphttpsstaticproductionnpmjscomdeadeaceadbbbsvgmonacoeditorreactpackagemonacoeditorreactmonaco: { count: 1, url: 'https://www.npmjs.com/search?q=keywords:editor' }
      }
    ]

      at Socket.<anonymous> (distribution/local/status.js:75:13)

  console.log
    Child process stdout: sending append with key:  4b7edfcded29793ca0cb074d47df30fb820f007cf5726649ef55650f42828bfe
    the values:  [
      {
        monacoeditor: { count: 1, url: 'https://www.npmjs.com/search?q=keywords:editor' }
      }
    ]
    sending append with key:  24e73eecacdc3372950e631fe60e3dda0cd2c7326098aeb70df481db5422d0ff

      at Socket.<anonymous> (distribution/local/status.js:75:13)

  console.log
    Child process stdout: the values:  [
      {
        applic: { count: 1, url: 'https://www.npmjs.com/search?q=keywords:editor' }
      },
      {
        applic: { count: 1, url: 'https://www.npmjs.com/search?q=keywords:log' }
      },
      { applic: { count: 1, url: 'https://www.npmjs.com/~weaver' } },
      {
        applic: { count: 1, url: 'https://www.npmjs.com/package/ansi-styles' }
      },
      {
        applic: {
          count: 1,
          url: 'https://www.npmjs.com/package/strip-ansi#keywords'
        }
      }
    ]
    sending append with key:  6d0069356af43fde115a91daef054ac3c8b119ca9fbcff77a60e0438735ee8fd
    the values:  [
      {
        withoutneed: { count: 1, url: 'https://www.npmjs.com/search?q=keywords:editor' }
      }
    ]

      at Socket.<anonymous> (distribution/local/status.js:75:13)

  console.log
    Child process stdout: sending append with key:  ba8495861cd5e03a9c675c032da63646ed404362549afac3449eb4f89d2423b0
    the values:  [
      {
        webpack: { count: 1, url: 'https://www.npmjs.com/search?q=keywords:editor' }
      }
    ]
    sending append with key:  3ec7dface721a793a3fd8aa2fe14b1d39ad2925dc796286ce51385d5bb3b41d9

      at Socket.<anonymous> (distribution/local/status.js:75:13)

  console.log
    Child process stdout: the values:  [
      {
        rollupparceletc: { count: 1, url: 'https://www.npmjs.com/search?q=keywords:editor' }
      }
    ]
    sending append with key:  b0575fa398e9fea742f72e9d6bff0fe3a91c761969c627594ad413e5404a3778
    the values:  [
      {
        configur: { count: 1, url: 'https://www.npmjs.com/search?q=keywords:editor' }
      },
      {
        configur: { count: 4, url: 'https://www.npmjs.com/policies/conduct' }
      },
      {
        configur: {
          count: 1,
          url: 'https://www.npmjs.com/search?q=keywords:wordbreak'
        }
      },
      {
        configur: { count: 1, url: 'https://www.npmjs.com/search?q=keywords:mkdirs' }
      },
      {
        configur: { count: 1, url: 'https://www.npmjs.com/search?q=keywords:delete' }
      },
      {
        configur: { count: 2, url: 'https://www.npmjs.com/package/chalk' }
      },
      {
        configur: {
          count: 1,
          url: 'https://www.npmjs.com/package/@contentful/rich-text-html-renderer'
        }
      },
      {
        configur: { count: 1, url: 'https://www.npmjs.com/search?q=keywords:figlet' }
      },
      {
        configur: {
          count: 1,
          url: 'https://www.npmjs.com/search?q=keywords:full%20text'
        }
      },
      { configur: { count: 1, url: 'https://www.npmjs.com/package/diff' } },
      {
        configur: { count: 4, url: 'https://www.npmjs.com/policies/terms' }
      }
    ]

      at Socket.<anonymous> (distribution/local/status.js:75:13)

  console.log
    Child process stdout: sending append with key:  738666bdd0e2aeda34a571ff9e321c73204a449338833f4134c1ec4fbc2277f6

      at Socket.<anonymous> (distribution/local/status.js:75:13)

  console.log
    Child process stdout: the values:  [
      {
        plugin: { count: 1, url: 'https://www.npmjs.com/search?q=keywords:editor' }
      },
      {
        plugin: {
          count: 1,
          url: 'https://www.npmjs.com/search?q=keywords:wordbreak'
        }
      },
      {
        plugin: { count: 7, url: 'https://www.npmjs.com/search?q=keywords:delete' }
      },
      {
        plugin: { count: 1, url: 'https://www.npmjs.com/search?q=keywords:base64' }
      },
      {
        plugin: { count: 1, url: 'https://www.npmjs.com/search?q=keywords:align' }
      },
      {
        plugin: {
          count: 18,
          url: 'https://www.npmjs.com/search?q=keywords:remark'
        }
      },
      {
        plugin: { count: 1, url: 'https://www.npmjs.com/search?q=keywords:figlet' }
      },
      {
        plugin: {
          count: 1,
          url: 'https://www.npmjs.com/search?q=keywords:full%20text'
        }
      },
      {
        plugin: { count: 1, url: 'https://www.npmjs.com/search?q=keywords:mkdir' }
      },
      {
        plugin: {
          count: 5,
          url: 'https://www.npmjs.com/search?q=keywords:auto%20complete'
        }
      },
      { plugin: { count: 3, url: 'https://www.npmjs.com/~ryanzim' } }
    ]

      at Socket.<anonymous> (distribution/local/status.js:75:13)

  console.log
    Child process stdout: sending append with key:  f4e4d3941d792f483ba20557ab3e9345b37341755aed529ff327b7985e253f89
    the values:  [
      {
        monaco: { count: 1, url: 'https://www.npmjs.com/search?q=keywords:editor' }
      }
    ]
    sending append with key:  0dbce07ef1aecb2e1b6f2eb2193a1b86cab6d9f5125e7d010f27f70f6c182908
    the values:  [
      {
        searchqkeywordsmonaco: { count: 1, url: 'https://www.npmjs.com/search?q=keywords:editor' }
      }
    ]

      at Socket.<anonymous> (distribution/local/status.js:75:13)

  console.log
    Child process stdout: sending append with key:  1dcf89f59ace28c02dbcb830fa3773f2d202b0584194553b3743df6d761fb32d
    the values:  [
      {
        vscode: { count: 1, url: 'https://www.npmjs.com/search?q=keywords:editor' }
      }
    ]
    sending append with key:  4afed115e38ded095a5268afa21a933479c769a318209b93323fbef61166be65
    the values:  [
      {
        searchqkeywordsvscod: { count: 1, url: 'https://www.npmjs.com/search?q=keywords:editor' }
      }
    ]

      at Socket.<anonymous> (distribution/local/status.js:75:13)

  console.log
    Child process stdout: sending append with key:  d18ca1d9244e6995f6ded581303ed75d38b03487c38f3737950028993b49e329
    the values:  [
      {
        searchqkeywordscod: { count: 1, url: 'https://www.npmjs.com/search?q=keywords:editor' }
      },
      {
        searchqkeywordscod: { count: 2, url: 'https://www.npmjs.com/search?q=keywords:log' }
      },
      {
        searchqkeywordscod: { count: 1, url: 'https://www.npmjs.com/search?q=keywords:ascii' }
      },
      {
        searchqkeywordscod: {
          count: 2,
          url: 'https://www.npmjs.com/package/ansi-escapes#keywords'
        }
      }
    ]

      at Socket.<anonymous> (distribution/local/status.js:75:13)

  console.log
    Child process stdout: sending append with key:  71c97ec57409c662fc5905ee61d738862baf7cd2020dd298014d4ac9943f99fb

      at Socket.<anonymous> (distribution/local/status.js:75:13)

  console.log
    Child process stdout: the values:  [
      {
        searchqkeywordstextnpmavatareyjhbgcioijiuziniisinrcciikpxvcjeyjhdmfyxjvukwioijodhrwczovlmuzjhdmfyxiuytlfyxrhcimmrlmtemdfhmdgytjjzdyzmuzgzkzmmzguyzzaxplptewmczkzwzhdwxpxjldhjvindhnhpuzbvqwiffbefjzccxkolcgzsknuqobesurenat: { count: 1, url: 'https://www.npmjs.com/search?q=keywords:editor' }
      }
    ]
    sending append with key:  083969417f20729ef6606cc278054530353b57f35501a4c4d74bfb7e1cd7bc0a
    the values:  [
      {
        surenatpublish: { count: 1, url: 'https://www.npmjs.com/search?q=keywords:editor' }
      }
    ]

      at Socket.<anonymous> (distribution/local/status.js:75:13)

  console.log
    Child process stdout: sending append with key:  de3a56153c7300063170d2b47eb86b8d84e52f83b8d4fd0830dfc4a84794be60
    the values:  [
      {
        agomqphttpsstaticproductionnpmjscomdeadeaceadbbbsvgcodemirrorlintpackagecodemirrorlintlint: { count: 1, url: 'https://www.npmjs.com/search?q=keywords:editor' }
      }
    ]
    sending append with key:  3e9db3cb6bce365b46b91bf38ebbc86a14c9995d233e78464e09688e534a440b
    the values:  [
      {
        agomqphttpsstaticproductionnpmjscomdeadeaceadbbbsvgwirismathtypehtmlintegrationdevkitpackagewirismathtypehtmlintegrationdevkitallow: { count: 1, url: 'https://www.npmjs.com/search?q=keywords:editor' }
      }
    ]
    sending append with key:  76cddab172d83194514d1c6ff5c4f68a99a69644155d8ffcf30c62c9b0007ccc
    the values:  [
      {
        integr: { count: 1, url: 'https://www.npmjs.com/search?q=keywords:editor' }
      },
      {
        integr: { count: 2, url: 'https://www.npmjs.com/policies/conduct' }
      },
      { integr: { count: 1, url: 'https://www.npmjs.com/~lucaong' } },
      { integr: { count: 1, url: 'https://www.npmjs.com/products/pro' } },
      { integr: { count: 2, url: 'https://www.npmjs.com/policies/terms' } },
      { integr: { count: 1, url: 'https://www.npmjs.com/products/teams' } }
    ]

      at Socket.<anonymous> (distribution/local/status.js:75:13)

  console.log
    Child process stdout: sending append with key:  6c909fa6c50aca660f9e4294a75aba6bc0344e5d756d8d472de2b8d0ae9127a9
    the values:  [
      {
        mathtyp: { count: 2, url: 'https://www.npmjs.com/search?q=keywords:editor' }
      }
    ]
    sending append with key:  43069bd19895aef2b995b721c9ed76d4b38a007c06d0691757d0ccadb71af879

      at Socket.<anonymous> (distribution/local/status.js:75:13)

  console.log
    Child process stdout: the values:  [
      {
        web: { count: 1, url: 'https://www.npmjs.com/search?q=keywords:editor' }
      },
      {
        web: {
          count: 1,
          url: 'https://www.npmjs.com/search?q=text&page=1&perPage=20'
        }
      },
      { web: { count: 1, url: 'https://www.npmjs.com/policies/conduct' } },
      {
        web: { count: 1, url: 'https://www.npmjs.com/search?q=keywords:delete' }
      },
      {
        web: { count: 2, url: 'https://www.npmjs.com/package/get-stream' }
      },
      {
        web: { count: 1, url: 'https://www.npmjs.com/search?q=keywords:file' }
      },
      {
        web: {
          count: 1,
          url: 'https://www.npmjs.com/search?q=keywords:full%20text'
        }
      },
      { web: { count: 1, url: 'https://www.npmjs.com/package/diff' } },
      {
        web: {
          count: 1,
          url: 'https://www.npmjs.com/search?q=keywords:message'
        }
      },
      { web: { count: 1, url: 'https://www.npmjs.com/policies/terms' } },
      {
        web: {
          count: 1,
          url: 'https://www.npmjs.com/search?q=keywords:auto%20complete'
        }
      }
    ]

      at Socket.<anonymous> (distribution/local/status.js:75:13)

  console.log
    Child process stdout: sending append with key:  bcb60ce934e00d9c60a249e20fc1d5b9f33605087f542d091570dc0874fdab5c
    the values:  [
      {
        javascript: { count: 1, url: 'https://www.npmjs.com/search?q=keywords:editor' }
      },
      {
        javascript: {
          count: 2,
          url: 'https://www.npmjs.com/search?q=text&page=1&perPage=20'
        }
      },
      {
        javascript: { count: 1, url: 'https://www.npmjs.com/policies/conduct' }
      },
      {
        javascript: { count: 4, url: 'https://www.npmjs.com/search?q=keywords:get' }
      },
      {
        javascript: { count: 2, url: 'https://www.npmjs.com/search?q=keywords:delete' }
      },
      {
        javascript: { count: 1, url: 'https://www.npmjs.com/package/get-stream' }
      },
      {
        javascript: { count: 6, url: 'https://www.npmjs.com/search?q=keywords:base64' }
      },
      { javascript: { count: 4, url: 'https://www.npmjs.com/~lucaong' } },
      {
        javascript: { count: 1, url: 'https://www.npmjs.com/package/chalk' }
      },
      {
        javascript: { count: 3, url: 'https://www.npmjs.com/search?q=keywords:log' }
      },
      {
        javascript: { count: 1, url: 'https://www.npmjs.com/search?q=keywords:ascii' }
      },
      {
        javascript: { count: 1, url: 'https://www.npmjs.com/search?q=keywords:colour' }
      },
      {
        javascript: { count: 1, url: 'https://www.npmjs.com/search?q=keywords:remark' }
      },
      {
        javascript: { count: 1, url: 'https://www.npmjs.com/products/pro' }
      },
      {
        javascript: {
          count: 2,
          url: 'https://www.npmjs.com/search?q=keywords:full%20text'
        }
      },
      {
        javascript: { count: 2, url: 'https://www.npmjs.com/package/diff' }
      },
      {
        javascript: {
          count: 2,
          url: 'https://www.npmjs.com/search?q=keywords:message'
        }
      },
      {
        javascript: { count: 2, url: 'https://www.npmjs.com/products/teams' }
      },
      {
        javascript: {
          count: 4,
          url: 'https://www.npmjs.com/search?q=keywords:auto%20complete'
        }
      },
      {
        javascript: {
          count: 1,
          url: 'https://www.npmjs.com/package/fs-extra#keywords'
        }
      },
      {
        javascript: { count: 1, url: 'https://www.npmjs.com/search?q=keywords:index' }
      },
      {
        javascript: { count: 1, url: 'https://www.npmjs.com/package/fs-extra' }
      },
      { javascript: { count: 3, url: 'https://www.npmjs.com/~ryanzim' } }
    ]

      at Socket.<anonymous> (distribution/local/status.js:75:13)

  console.log
    Child process stdout: sending append with key:  0a6de6fb51b1d87aa641cfa49ffbdc9707a2f89abe9d19e391164a3adc4f78b4
    the values:  [
      {
        texteditor: { count: 1, url: 'https://www.npmjs.com/search?q=keywords:editor' }
      }
    ]

      at Socket.<anonymous> (distribution/local/status.js:75:13)

  console.log
    Child process stdout: sending append with key:  da1e9cc6d195486fc74737258e1105a937db042b5d0908023ad47e9b6a0bcbad
    the values:  [
      {
        chem: { count: 1, url: 'https://www.npmjs.com/search?q=keywords:editor' }
      }
    ]
    sending append with key:  1e836599df655f81108221f13dbe125329763b20a0d65321456744a7d7f78fad
    the values:  [
      {
        searchqkeywordschem: { count: 1, url: 'https://www.npmjs.com/search?q=keywords:editor' }
      }
    ]
    sending append with key:  e08a63241b8f28e226771a494b42719c08c1648d68744348613d55240928731f

      at Socket.<anonymous> (distribution/local/status.js:75:13)

  console.log
    Child process stdout: the values:  [
      {
        chemistri: { count: 1, url: 'https://www.npmjs.com/search?q=keywords:editor' }
      }
    ]
    sending append with key:  0a123064a1a139dbc5faa53c0a40611cc2aba69b27409343d911f8ff20cfc1d2
    the values:  [
      {
        searchqkeywordschemistri: { count: 1, url: 'https://www.npmjs.com/search?q=keywords:editor' }
      }
    ]

      at Socket.<anonymous> (distribution/local/status.js:75:13)

  console.log
    Child process stdout: sending append with key:  3c3af97122b9a563507b93df05f1394e679bf26740aa5e372ba36ae41bd73d6a
    the values:  [
      {
        chemtyp: { count: 1, url: 'https://www.npmjs.com/search?q=keywords:editor' }
      }
    ]
    sending append with key:  327fa8901e5bb6ef7e65edd3e67a0d78a36c70938a0e3bb096ef86751e1b64bc
    the values:  [
      {
        searchqkeywordschemtyp: { count: 1, url: 'https://www.npmjs.com/search?q=keywords:editor' }
      }
    ]

      at Socket.<anonymous> (distribution/local/status.js:75:13)

  console.log
    Child process stdout: sending append with key:  3ec7c2f1e2a778087fdf0ad67e9c80b1cf97094d3670fdc04f830cf363eb3b4c
    the values:  [
      {
        equat: { count: 1, url: 'https://www.npmjs.com/search?q=keywords:editor' }
      }
    ]
    sending append with key:  e6cbf6d6512211ea321b45f5c6d4eecaabf4be914b5bd8a59fe82a6b382b5297
    the values:  [
      {
        searchqkeywordsequ: { count: 1, url: 'https://www.npmjs.com/search?q=keywords:editor' }
      },
      {
        searchqkeywordsequ: {
          count: 2,
          url: 'https://www.npmjs.com/search?q=keywords:wordbreak'
        }
      },
      {
        searchqkeywordsequ: { count: 2, url: 'https://www.npmjs.com/search?q=keywords:mkdirs' }
      },
      {
        searchqkeywordsequ: { count: 2, url: 'https://www.npmjs.com/search?q=keywords:figlet' }
      },
      {
        searchqkeywordsequ: {
          count: 2,
          url: 'https://www.npmjs.com/search?q=keywords:full%20text'
        }
      },
      {
        searchqkeywordsequ: { count: 2, url: 'https://www.npmjs.com/search?q=keywords:mkdir' }
      }
    ]

      at Socket.<anonymous> (distribution/local/status.js:75:13)

  console.log
    Child process stdout: sending append with key:  8272b96813cdedc5d6614467d3ed437e4d5b733396b5c94b1bedc75edcd8863a
    the values:  [
      {
        latex: { count: 1, url: 'https://www.npmjs.com/search?q=keywords:editor' }
      },
      {
        latex: { count: 1, url: 'https://www.npmjs.com/search?q=keywords:remark' }
      }
    ]

      at Socket.<anonymous> (distribution/local/status.js:75:13)

  console.log
    Child process stdout: sending append with key:  cbc884e2dfed44304d40f03fedc779b474db4b78a657d81d7cae1bc4c45a8fb5
    the values:  [
      {
        searchqkeywordslatex: { count: 1, url: 'https://www.npmjs.com/search?q=keywords:editor' }
      },
      {
        searchqkeywordslatex: { count: 1, url: 'https://www.npmjs.com/search?q=keywords:remark' }
      }
    ]
    sending append with key:  b68338169ea15d80a250926aaf94249492e010447a2c36ec9d7e5bd9ef5c0ee0

      at Socket.<anonymous> (distribution/local/status.js:75:13)

  console.log
    Child process stdout: the values:  [
      {
        math: { count: 2, url: 'https://www.npmjs.com/search?q=keywords:editor' }
      },
      {
        math: { count: 2, url: 'https://www.npmjs.com/search?q=keywords:remark' }
      }
    ]
    sending append with key:  425a7c96bb1cf70fb4a708dd44158f9fc29da593ce71a1f57043ba143d5f3904
    the values:  [
      {
        searchqkeywordsmath: { count: 2, url: 'https://www.npmjs.com/search?q=keywords:editor' }
      },
      {
        searchqkeywordsmath: { count: 1, url: 'https://www.npmjs.com/search?q=keywords:remark' }
      }
    ]

      at Socket.<anonymous> (distribution/local/status.js:75:13)

  console.log
    Child process stdout: sending append with key:  f5254d718cfcda8637ec8b472e7cbfeb905691a4d4f7142812c28496fee462a8
    the values:  [
      {
        mathml: { count: 1, url: 'https://www.npmjs.com/search?q=keywords:editor' }
      }
    ]
    sending append with key:  254fa06141f3ae99a0e46bc33a4721b5beca2dcf5fe38474db4b31c8c4d62f42
    the values:  [
      {
        searchqkeywordsmathml: { count: 1, url: 'https://www.npmjs.com/search?q=keywords:editor' }
      }
    ]

      at Socket.<anonymous> (distribution/local/status.js:75:13)

  console.log
    Child process stdout: sending append with key:  9863573d60d15e63ecea7beece0f44dae7b85f31e1135f57921aba2c442884c8
    the values:  [
      {
        searchqkeywordsmathtyp: { count: 1, url: 'https://www.npmjs.com/search?q=keywords:editor' }
      }
    ]
    sending append with key:  4864722c6e3d961a78bca3f926c9042cdfdad8d37b509eab1251b050c65f15a7

      at Socket.<anonymous> (distribution/local/status.js:75:13)

  console.log
    Child process stdout: the values:  [
      {
        wiri: { count: 1, url: 'https://www.npmjs.com/search?q=keywords:editor' }
      }
    ]
    sending append with key:  85d600689d3be00f1731452d4525901b8a1d87a676d8c472983da8b3abfdacde
    the values:  [
      {
        searchqkeywordswirisnpmavatareyjhbgcioijiuziniisinrcciikpxvcjeyjhdmfyxjvukwioijodhrwczovlmuzjhdmfyxiuytlfyxrhcizwyowqwnvhowqyvknjmyodkoteyogynjgxnjzaxplptewmczkzwzhdwxpxjldhjvinxkydiwnuxvdzwqgkdoogxmytygspfjzupmrswiri: { count: 1, url: 'https://www.npmjs.com/search?q=keywords:editor' }
      }
    ]

      at Socket.<anonymous> (distribution/local/status.js:75:13)

  console.log
    Child process stdout: sending append with key:  87a2c3be0d8fa9c57f1130891c16e0896fab01a35c13ecdd1d3325a0cf378594
    the values:  [
      {
        wirispublish: { count: 1, url: 'https://www.npmjs.com/search?q=keywords:editor' }
      }
    ]
    sending append with key:  6d95ac1ed6a73cb1d3599563141a51f745fd4b6fab26592fc8b0c55f149d9cdb
    the values:  [
      {
        agomqphttpsstaticproductionnpmjscomdeadeaceadbbbsvgcodemirrorlangjavascriptpackagecodemirrorlangjavascriptjavascript: { count: 1, url: 'https://www.npmjs.com/search?q=keywords:editor' }
      }
    ]

      at Socket.<anonymous> (distribution/local/status.js:75:13)

  console.log
    Child process stdout: sending append with key:  a85e829d6071bc64c13c5642b4b793abc756684e781417f3a46a2941c28eeaed
    the values:  [
      {
        languag: { count: 1, url: 'https://www.npmjs.com/search?q=keywords:editor' }
      },
      {
        languag: { count: 1, url: 'https://www.npmjs.com/policies/conduct' }
      },
      {
        languag: {
          count: 1,
          url: 'https://www.npmjs.com/search?q=keywords:wordbreak'
        }
      },
      {
        languag: { count: 1, url: 'https://www.npmjs.com/search?q=keywords:mkdirs' }
      },
      { languag: { count: 1, url: 'https://www.npmjs.com/~lucaong' } },
      {
        languag: { count: 4, url: 'https://www.npmjs.com/search?q=keywords:ascii' }
      },
      {
        languag: { count: 1, url: 'https://www.npmjs.com/search?q=keywords:remark' }
      },
      { languag: { count: 1, url: 'https://www.npmjs.com/package/diff' } }
    ]

      at Socket.<anonymous> (distribution/local/status.js:75:13)

  console.log
    Child process stdout: sending append with key:  7b9b6fa41eb1168265e88d03ab61a8e4a847c58f2043f3bbef7ba9a4ea1eef9c
    the values:  [
      {
        agomqphttpsstaticproductionnpmjscomdeadeaceadbbbsvganimationtimelinejspackageanimationtimelinejsanim: { count: 1, url: 'https://www.npmjs.com/search?q=keywords:editor' }
      }
    ]
    sending append with key:  af79bb0f975cc4bd0a281df12e747df98302484159f6f2053352aa8e2f42c4c5
    the values:  [
      {
        timelin: { count: 4, url: 'https://www.npmjs.com/search?q=keywords:editor' }
      }
    ]

      at Socket.<anonymous> (distribution/local/status.js:75:13)

  console.log
    Child process stdout: sending append with key:  296d34a040d0f1814487760460dda0f9aa141d0a0941994ac723d85929dc46f5
    the values:  [
      {
        control: { count: 2, url: 'https://www.npmjs.com/search?q=keywords:editor' }
      },
      {
        control: {
          count: 2,
          url: 'https://www.npmjs.com/search?q=keywords:promise'
        }
      },
      {
        control: { count: 1, url: 'https://www.npmjs.com/search?q=keywords:log' }
      },
      {
        control: {
          count: 1,
          url: 'https://www.npmjs.com/package/ansi-escapes#keywords'
        }
      },
      { control: { count: 1, url: 'https://www.npmjs.com/products/pro' } },
      {
        control: { count: 1, url: 'https://www.npmjs.com/policies/terms' }
      },
      { control: { count: 1, url: 'https://www.npmjs.com/~ryanzim' } }
    ]

      at Socket.<anonymous> (distribution/local/status.js:75:13)

  console.log
    Child process stdout: sending append with key:  f7964eb67cbfc28fb8c0e3ee30e63deacf3597b710e8f1cb3aa5042675eb1330
    the values:  [
      {
        js: { count: 2, url: 'https://www.npmjs.com/search?q=keywords:editor' }
      },
      {
        js: {
          count: 1,
          url: 'https://www.npmjs.com/search?q=text&page=1&perPage=20'
        }
      },
      {
        js: { count: 1, url: 'https://www.npmjs.com/search?q=keywords:mkdirs' }
      },
      {
        js: { count: 3, url: 'https://www.npmjs.com/search?q=keywords:base64' }
      },
      { js: { count: 1, url: 'https://www.npmjs.com/~lucaong' } },
      {
        js: { count: 1, url: 'https://www.npmjs.com/search?q=keywords:log' }
      },
      {
        js: { count: 2, url: 'https://www.npmjs.com/search?q=keywords:ascii' }
      },
      {
        js: { count: 1, url: 'https://www.npmjs.com/search?q=keywords:colour' }
      },
      {
        js: { count: 2, url: 'https://www.npmjs.com/search?q=keywords:figlet' }
      },
      {
        js: {
          count: 1,
          url: 'https://www.npmjs.com/search?q=keywords:full%20text'
        }
      }
    ]

      at Socket.<anonymous> (distribution/local/status.js:75:13)

  console.log
    Child process stdout: sending append with key:  53ad9e9479145e6aae809a3ddfc4171a6f359e7c8b59afa8328ee90137aa8d03
    the values:  [
      {
        searchqkeywordsj: { count: 2, url: 'https://www.npmjs.com/search?q=keywords:editor' }
      },
      {
        searchqkeywordsj: {
          count: 1,
          url: 'https://www.npmjs.com/search?q=text&page=1&perPage=20'
        }
      },
      {
        searchqkeywordsj: { count: 1, url: 'https://www.npmjs.com/search?q=keywords:mkdirs' }
      },
      {
        searchqkeywordsj: { count: 2, url: 'https://www.npmjs.com/search?q=keywords:base64' }
      },
      {
        searchqkeywordsj: { count: 1, url: 'https://www.npmjs.com/search?q=keywords:log' }
      },
      {
        searchqkeywordsj: { count: 1, url: 'https://www.npmjs.com/search?q=keywords:figlet' }
      },
      {
        searchqkeywordsj: {
          count: 1,
          url: 'https://www.npmjs.com/search?q=keywords:full%20text'
        }
      }
    ]

      at Socket.<anonymous> (distribution/local/status.js:75:13)

  console.log
    Child process stdout: sending append with key:  27ad2fb041325ddf78479764a915ae59bf35f71c7fb8e4948229f038e0c79ba8
    the values:  [
      {
        anim: { count: 2, url: 'https://www.npmjs.com/search?q=keywords:editor' }
      },
      {
        anim: { count: 2, url: 'https://www.npmjs.com/search?q=keywords:mkdirs' }
      },
      { anim: { count: 1, url: 'https://www.npmjs.com/package/chalk' } },
      {
        anim: { count: 1, url: 'https://www.npmjs.com/search?q=keywords:log' }
      },
      {
        anim: { count: 2, url: 'https://www.npmjs.com/search?q=keywords:figlet' }
      },
      {
        anim: {
          count: 2,
          url: 'https://www.npmjs.com/search?q=keywords:full%20text'
        }
      }
    ]

      at Socket.<anonymous> (distribution/local/status.js:75:13)

  console.log
    Child process stdout: sending append with key:  c619a05ede510f824f5f9ccb18029cfcd2fb7ce101340294254ddfcf8c1ce31b
    the values:  [
      {
        searchqkeywordsanim: { count: 2, url: 'https://www.npmjs.com/search?q=keywords:editor' }
      }
    ]
    sending append with key:  7f620dcab3928a65a86c9fdc9b2a16356d31e16c8b9031ae21fdaa85207e8e9f
    the values:  [
      {
        searchqkeywordstimelin: { count: 2, url: 'https://www.npmjs.com/search?q=keywords:editor' }
      }
    ]

      at Socket.<anonymous> (distribution/local/status.js:75:13)

  console.log
    Child process stdout: sending append with key:  4115eb93058f4c1c8933d0f4ce0b1f4327ea2ddea6644836eeb034ab5da92ff2
    the values:  [
      {
        searchqkeywordshtml: { count: 2, url: 'https://www.npmjs.com/search?q=keywords:editor' }
      },
      {
        searchqkeywordshtml: { count: 2, url: 'https://www.npmjs.com/search?q=keywords:colour' }
      },
      {
        searchqkeywordshtml: { count: 3, url: 'https://www.npmjs.com/search?q=keywords:remark' }
      }
    ]
    sending append with key:  6796a09349c57e95fdba2d0a2dd1f9da9892d837ef95b7d062a16f5ade5f2df9
    the values:  [
      {
        searchqkeywordsno: { count: 2, url: 'https://www.npmjs.com/search?q=keywords:editor' }
      }
    ]

      at Socket.<anonymous> (distribution/local/status.js:75:13)

  console.log
    Child process stdout: sending append with key:  7908bf6ec899fbadb88ad7a85765b6519cd1946e52f15716d9f1ac9936818d74
    the values:  [
      {
        lib: { count: 2, url: 'https://www.npmjs.com/search?q=keywords:editor' }
      },
      { lib: { count: 1, url: 'https://www.npmjs.com/~ryanzim' } }
    ]

      at Socket.<anonymous> (distribution/local/status.js:75:13)

  console.log
    Child process stdout: sending append with key:  15c2f81cc0f0a49518ef189a8d69b4e68b9d8db235eebf3f275c224a8167efb6
    the values:  [
      {
        searchqkeywordslib: { count: 2, url: 'https://www.npmjs.com/search?q=keywords:editor' }
      }
    ]
    sending append with key:  3a2aa35b604f5fa09db719cb81ea1e1df53408acd468e697c170ced525de5d5d
    the values:  [
      {
        keyfram: { count: 2, url: 'https://www.npmjs.com/search?q=keywords:editor' }
      }
    ]

      at Socket.<anonymous> (distribution/local/status.js:75:13)

  console.log
    Child process stdout: sending append with key:  63d7711a9fcfbc28f5ef9b6b5d120a5dd77e2cf858629112e4e162f684735bc6
    the values:  [
      {
        searchqkeywordskeyfram: { count: 2, url: 'https://www.npmjs.com/search?q=keywords:editor' }
      }
    ]
    sending append with key:  9b4113c9988ab7e372228857621231609d5de143e2e3ee475cf42edd35e52db6
    the values:  [
      {
        searchqkeywordseditornpmavatareyjhbgcioijiuziniisinrcciikpxvcjeyjhdmfyxjvukwioijodhrwczovlmuzjhdmfyxiuytlfyxrhciznzflmzqwnjkztuyyjnknjkwzgymziyjbjztdhztzaxplptewmczkzwzhdwxpxjldhjvinqdiuoilkyzdvwhjkjjmzqwkandlxmmkoievgennaida: { count: 1, url: 'https://www.npmjs.com/search?q=keywords:editor' }
      }
    ]

      at Socket.<anonymous> (distribution/local/status.js:75:13)

  console.log
    Child process stdout: sending append with key:  32d9e996bdfecc64865c63aa48e020d0c6ae5ee25fab1d0f87622094a25f0d88
    the values:  [
      {
        ievgennaidapublish: { count: 1, url: 'https://www.npmjs.com/search?q=keywords:editor' }
      }
    ]
    sending append with key:  aee277218681f38d5d72898e72a1766de5da8a3829e70d675858ec873365c330
    the values:  [
      {
        agomqphttpsstaticproductionnpmjscomdeadeaceadbbbsvgtoastuieditorpackagetoastuieditorgfm: { count: 1, url: 'https://www.npmjs.com/search?q=keywords:editor' }
      }
    ]

      at Socket.<anonymous> (distribution/local/status.js:75:13)

  console.log
    Child process stdout: sending append with key:  50eecbdae786f265ebcc02d4ef1706a960eae9bc5e7af401d9209011a69e2987
    the values:  [
      {
        markdown: { count: 2, url: 'https://www.npmjs.com/search?q=keywords:editor' }
      },
      {
        markdown: {
          count: 1,
          url: 'https://www.npmjs.com/search?q=text&page=1&perPage=20'
        }
      },
      {
        markdown: { count: 2, url: 'https://www.npmjs.com/search?q=keywords:delete' }
      },
      {
        markdown: { count: 2, url: 'https://www.npmjs.com/search?q=keywords:align' }
      },
      {
        markdown: {
          count: 25,
          url: 'https://www.npmjs.com/search?q=keywords:remark'
        }
      },
      { markdown: { count: 1, url: 'https://www.npmjs.com/~ryanzim' } }
    ]

      at Socket.<anonymous> (distribution/local/status.js:75:13)

  console.log
    Child process stdout: sending append with key:  dfde63d6dddfbe3b1ac7c3756283446d819079dba365bc20fa6570b77da986e0
    the values:  [
      {
        extens: { count: 1, url: 'https://www.npmjs.com/search?q=keywords:editor' }
      },
      {
        extens: { count: 6, url: 'https://www.npmjs.com/search?q=keywords:delete' }
      },
      {
        extens: { count: 3, url: 'https://www.npmjs.com/search?q=keywords:ascii' }
      },
      {
        extens: { count: 4, url: 'https://www.npmjs.com/search?q=keywords:file' }
      },
      {
        extens: {
          count: 2,
          url: 'https://www.npmjs.com/search?q=keywords:message'
        }
      }
    ]

      at Socket.<anonymous> (distribution/local/status.js:75:13)

  console.log
    Child process stdout: sending append with key:  2c9cfeddff48196539b71472376184ccff23e0adb395bb45ad8619c70a523d0e
    the values:  [
      {
        nhn: { count: 2, url: 'https://www.npmjs.com/search?q=keywords:editor' }
      }
    ]
    sending append with key:  3f9dc288edee4cfad0fc622f8fea6f144a594df670e0acf5bc22f5fc135180cf
    the values:  [
      {
        searchqkeywordsnhn: { count: 2, url: 'https://www.npmjs.com/search?q=keywords:editor' }
      }
    ]

      at Socket.<anonymous> (distribution/local/status.js:75:13)

  console.log
    Child process stdout: sending append with key:  9295f7e008220a24776d50b25572f33237a3d44551b2f2987b3a9e8cbd758a7f
    the values:  [
      {
        cloud: { count: 2, url: 'https://www.npmjs.com/search?q=keywords:editor' }
      },
      {
        cloud: {
          count: 1,
          url: 'https://www.npmjs.com/search?q=keywords:message'
        }
      }
    ]
    sending append with key:  813be5d0765e940dfcf1be638a65fbdfa8103990a70806f1649dea45f8143358
    the values:  [
      {
        toast: { count: 1, url: 'https://www.npmjs.com/search?q=keywords:editor' }
      },
      {
        toast: {
          count: 2,
          url: 'https://www.npmjs.com/search?q=keywords:message'
        }
      }
    ]

      at Socket.<anonymous> (distribution/local/status.js:75:13)

  console.log
    Child process stdout: sending append with key:  d353fdde71fbd2ada32ed2ebc24af340e15c0be874e5b85468a5a5dac30fff2d
    the values:  [
      {
        searchqkeywordstoast: { count: 1, url: 'https://www.npmjs.com/search?q=keywords:editor' }
      },
      {
        searchqkeywordstoast: {
          count: 1,
          url: 'https://www.npmjs.com/search?q=keywords:message'
        }
      }
    ]

      at Socket.<anonymous> (distribution/local/status.js:75:13)

  console.log
    Child process stdout: sending append with key:  321097315f333b61ab97a950585f56a7a3b4d29aa154fed9392135f29c44e5e0
    the values:  [
      {
        toastui: { count: 2, url: 'https://www.npmjs.com/search?q=keywords:editor' }
      }
    ]
    sending append with key:  4d4c56389db6976d0f4d0e297cc32f88f74d5d42aec226865b6b06895152c02f
    the values:  [
      {
        searchqkeywordstoastui: { count: 2, url: 'https://www.npmjs.com/search?q=keywords:editor' }
      }
    ]

      at Socket.<anonymous> (distribution/local/status.js:75:13)

  console.log
    Child process stdout: sending append with key:  e8b3b1830904fa7238071b339e44df5420e40a265d72b243b068ba8cad5b8a8b
    the values:  [
      {
        searchqkeywordsmarkdown: { count: 1, url: 'https://www.npmjs.com/search?q=keywords:editor' }
      },
      {
        searchqkeywordsmarkdown: {
          count: 1,
          url: 'https://www.npmjs.com/search?q=text&page=1&perPage=20'
        }
      },
      {
        searchqkeywordsmarkdown: { count: 2, url: 'https://www.npmjs.com/search?q=keywords:delete' }
      },
      {
        searchqkeywordsmarkdown: { count: 1, url: 'https://www.npmjs.com/search?q=keywords:align' }
      },
      {
        searchqkeywordsmarkdown: {
          count: 17,
          url: 'https://www.npmjs.com/search?q=keywords:remark'
        }
      }
    ]

      at Socket.<anonymous> (distribution/local/status.js:75:13)

  console.log
    Child process stdout: sending append with key:  c35c2322a193ed9792899b3f44bf09ab8cd0f9630ba84debc7206e9bdf7f3b35
    the values:  [
      {
        preview: { count: 1, url: 'https://www.npmjs.com/search?q=keywords:editor' }
      }
    ]
    sending append with key:  adeca8991928ad14dfc8b20429161f5fd0db9b819b898f52ad8967021c5b09a0
    the values:  [
      {
        searchqkeywordspreview: { count: 1, url: 'https://www.npmjs.com/search?q=keywords:editor' }
      }
    ]

      at Socket.<anonymous> (distribution/local/status.js:75:13)

  console.log
    Child process stdout: sending append with key:  fa808f831bda3695be9590766f4cd9743c44bfab91fd8c83672a2957869b1397
    the values:  [
      {
        gfm: { count: 1, url: 'https://www.npmjs.com/search?q=keywords:editor' }
      },
      {
        gfm: { count: 4, url: 'https://www.npmjs.com/search?q=keywords:delete' }
      },
      {
        gfm: { count: 2, url: 'https://www.npmjs.com/search?q=keywords:align' }
      },
      {
        gfm: { count: 5, url: 'https://www.npmjs.com/search?q=keywords:remark' }
      }
    ]
    sending append with key:  dce6acfb1081e3965d060d2b083013b306a3acd76b0fa69f2ee6f1f5c29aec76
    the values:  [
      {
        searchqkeywordsgfmnpmavatareyjhbgcioijiuziniisinrcciikpxvcjeyjhdmfyxjvukwioijodhrwczovlmuzjhdmfyxiuytlfyxrhcihzdzmztgnmmmgqotknzangyxyjrlyjgzmjdjntzaxplptewmczkzwzhdwxpxjldhjvinwyguppdjwmtihckegvltklwngkdjdedoonhn: { count: 1, url: 'https://www.npmjs.com/search?q=keywords:editor' }
      }
    ]

      at Socket.<anonymous> (distribution/local/status.js:75:13)

  console.log
    Child process stdout: sending append with key:  d27791870a374d1ef04e7a621f42a765eaaa009ffc9417708cca43b0397327c3
    the values:  [
      {
        nhnentpublish: { count: 1, url: 'https://www.npmjs.com/search?q=keywords:editor' }
      }
    ]
    sending append with key:  13c31f15e5441aa906f4eb11930453b0955b02dac58b01f23cbb0950c4bab6db

      at Socket.<anonymous> (distribution/local/status.js:75:13)

  console.log
    Child process stdout: the values:  [
      {
        year: { count: 2, url: 'https://www.npmjs.com/search?q=keywords:editor' }
      },
      {
        year: {
          count: 8,
          url: 'https://www.npmjs.com/search?q=keywords:promise'
        }
      },
      {
        year: {
          count: 10,
          url: 'https://www.npmjs.com/search?q=text&page=1&perPage=20'
        }
      },
      {
        year: {
          count: 2,
          url: 'https://www.npmjs.com/search?q=keywords:wordbreak'
        }
      },
      {
        year: { count: 12, url: 'https://www.npmjs.com/search?q=keywords:get' }
      },
      {
        year: { count: 4, url: 'https://www.npmjs.com/search?q=keywords:delete' }
      },
      {
        year: { count: 8, url: 'https://www.npmjs.com/search?q=keywords:base64' }
      },
      { year: { count: 26, url: 'https://www.npmjs.com/~lucaong' } },
      {
        year: { count: 12, url: 'https://www.npmjs.com/search?q=keywords:log' }
      },
      {
        year: { count: 10, url: 'https://www.npmjs.com/search?q=keywords:ascii' }
      },
      {
        year: {
          count: 24,
          url: 'https://www.npmjs.com/search?q=keywords:colour'
        }
      },
      { year: { count: 16, url: 'https://www.npmjs.com/~weaver' } },
      {
        year: { count: 8, url: 'https://www.npmjs.com/search?q=keywords:file' }
      },
      {
        year: { count: 22, url: 'https://www.npmjs.com/search?q=keywords:align' }
      },
      {
        year: { count: 2, url: 'https://www.npmjs.com/search?q=keywords:remark' }
      },
      {
        year: { count: 4, url: 'https://www.npmjs.com/search?q=keywords:figlet' }
      },
      {
        year: {
          count: 6,
          url: 'https://www.npmjs.com/search?q=keywords:full%20text'
        }
      },
      {
        year: {
          count: 8,
          url: 'https://www.npmjs.com/search?q=keywords:message'
        }
      },
      {
        year: { count: 12, url: 'https://www.npmjs.com/search?q=keywords:mkdir' }
      },
      {
        year: {
          count: 28,
          url: 'https://www.npmjs.com/search?q=keywords:auto%20complete'
        }
      },
      {
        year: { count: 2, url: 'https://www.npmjs.com/package/ansi-styles' }
      },
      {
        year: {
          count: 2,
          url: 'https://www.npmjs.com/package/strip-ansi#keywords'
        }
      },
      {
        year: { count: 12, url: 'https://www.npmjs.com/search?q=keywords:index' }
      },
      { year: { count: 42, url: 'https://www.npmjs.com/~ryanzim' } }
    ]

      at Socket.<anonymous> (distribution/local/status.js:75:13)

  console.log
    Child process stdout: sending append with key:  c5f8a000b73beac77a234959a55b6db6c05d59c125f1c97f7c4379f6891b2eb2
    the values:  [
      {
        agomqphttpsstaticproductionnpmjscomdeadeaceadbbbsvgvideoeditortimelinepackagevideoeditortimelineanim: { count: 1, url: 'https://www.npmjs.com/search?q=keywords:editor' }
      }
    ]

      at Socket.<anonymous> (distribution/local/status.js:75:13)

  console.log
    Child process stdout: sending append with key:  da04dc9998f6694f20200c0307c3bce91c11b3ccf652b9e4022c413bb89983c6
    the values:  [
      {
        searchqkeywordseditornpmavatareyjhbgcioijiuziniisinrcciikpxvcjeyjhdmfyxjvukwioijodhrwczovlmuzjhdmfyxiuytlfyxrhciywrkyjqzdgmzrmmdmwywexnmemzqnwexnzmmzzaxplptewmczkzwzhdwxpxjldhjvincajzliiilytwgaudxtxoifkdhrxecxunpbzimansa: { count: 1, url: 'https://www.npmjs.com/search?q=keywords:editor' }
      }
    ]
    sending append with key:  14adc16bd3370c965e41809f58784bbcdfcf875b717f82f1bef5fb8720e25c5b
    the values:  [
      {
        imansapublish: { count: 1, url: 'https://www.npmjs.com/search?q=keywords:editor' }
      }
    ]

      at Socket.<anonymous> (distribution/local/status.js:75:13)

  console.log
    Child process stdout: sending append with key:  0a182c18d8cc41ac3dcafa2befa15178443f88f0fd38cf295aba4f198381b813
    the values:  [
      {
        agomqp: { count: 1, url: 'https://www.npmjs.com/search?q=keywords:editor' }
      },
      {
        agomqp: {
          count: 1,
          url: 'https://www.npmjs.com/search?q=keywords:promise'
        }
      },
      {
        agomqp: {
          count: 1,
          url: 'https://www.npmjs.com/search?q=text&page=1&perPage=20'
        }
      },
      {
        agomqp: {
          count: 1,
          url: 'https://www.npmjs.com/search?q=keywords:wordbreak'
        }
      },
      {
        agomqp: { count: 1, url: 'https://www.npmjs.com/search?q=keywords:mkdirs' }
      },
      {
        agomqp: { count: 1, url: 'https://www.npmjs.com/search?q=keywords:get' }
      },
      {
        agomqp: { count: 1, url: 'https://www.npmjs.com/search?q=keywords:delete' }
      },
      {
        agomqp: { count: 1, url: 'https://www.npmjs.com/search?q=keywords:base64' }
      },
      {
        agomqp: { count: 1, url: 'https://www.npmjs.com/search?q=keywords:log' }
      },
      {
        agomqp: { count: 1, url: 'https://www.npmjs.com/search?q=keywords:ascii' }
      },
      {
        agomqp: { count: 1, url: 'https://www.npmjs.com/search?q=keywords:colour' }
      },
      {
        agomqp: { count: 1, url: 'https://www.npmjs.com/search?q=keywords:file' }
      },
      {
        agomqp: { count: 1, url: 'https://www.npmjs.com/search?q=keywords:align' }
      },
      {
        agomqp: { count: 1, url: 'https://www.npmjs.com/search?q=keywords:remark' }
      },
      {
        agomqp: { count: 1, url: 'https://www.npmjs.com/search?q=keywords:figlet' }
      },
      {
        agomqp: {
          count: 1,
          url: 'https://www.npmjs.com/search?q=keywords:full%20text'
        }
      },
      {
        agomqp: {
          count: 1,
          url: 'https://www.npmjs.com/search?q=keywords:message'
        }
      },
      {
        agomqp: { count: 1, url: 'https://www.npmjs.com/search?q=keywords:mkdir' }
      },
      {
        agomqp: {
          count: 1,
          url: 'https://www.npmjs.com/search?q=keywords:auto%20complete'
        }
      },
      {
        agomqp: { count: 1, url: 'https://www.npmjs.com/search?q=keywords:index' }
      }
    ]

      at Socket.<anonymous> (distribution/local/status.js:75:13)

  console.log
    Child process stdout: sending append with key:  a6b596076dc92ad20757cf202018056d11f705d08fa218b9dd1d8ae4f5aaad6f
    the values:  [
      {
        searchqkeywordsaeditorpageperpagefooterhttpsgithubcomnpmhttpsgithubcomsupport: { count: 1, url: 'https://www.npmjs.com/search?q=keywords:editor' }
      }
    ]

      at Socket.<anonymous> (distribution/local/status.js:75:13)

  console.log
    Child process stdout: sending append with key:  21862a7fea81c89ae0594cbec697bd6eae1e1ab3b48e703d3af6b994d3da2f07
    the values:  [
      {
        httpsdocsnpmjscom: { count: 1, url: 'https://www.npmjs.com/search?q=keywords:editor' }
      },
      {
        httpsdocsnpmjscom: {
          count: 1,
          url: 'https://www.npmjs.com/search?q=keywords:promise'
        }
      },
      {
        httpsdocsnpmjscom: {
          count: 1,
          url: 'https://www.npmjs.com/search?q=text&page=1&perPage=20'
        }
      },
      {
        httpsdocsnpmjscom: {
          count: 1,
          url: 'https://www.npmjs.com/search?q=keywords:wordbreak'
        }
      },
      {
        httpsdocsnpmjscom: { count: 1, url: 'https://www.npmjs.com/products' }
      },
      {
        httpsdocsnpmjscom: { count: 1, url: 'https://www.npmjs.com/~substack' }
      },
      {
        httpsdocsnpmjscom: { count: 1, url: 'https://www.npmjs.com/search?q=keywords:mkdirs' }
      },
      {
        httpsdocsnpmjscom: { count: 1, url: 'https://www.npmjs.com/search?q=keywords:get' }
      },
      {
        httpsdocsnpmjscom: { count: 1, url: 'https://www.npmjs.com/search?q=keywords:delete' }
      },
      {
        httpsdocsnpmjscom: { count: 1, url: 'https://www.npmjs.com/package/get-stream' }
      },
      {
        httpsdocsnpmjscom: { count: 1, url: 'https://www.npmjs.com/search?q=keywords:base64' }
      },
      {
        httpsdocsnpmjscom: { count: 1, url: 'https://www.npmjs.com/~lucaong' }
      },
      {
        httpsdocsnpmjscom: { count: 1, url: 'https://www.npmjs.com/package/chalk' }
      },
      {
        httpsdocsnpmjscom: {
          count: 1,
          url: 'https://www.npmjs.com/package/@contentful/rich-text-html-renderer'
        }
      },
      {
        httpsdocsnpmjscom: {
          count: 1,
          url: 'https://www.npmjs.com/search?q=keywords:string-processing'
        }
      },
      {
        httpsdocsnpmjscom: { count: 1, url: 'https://www.npmjs.com/search?q=keywords:log' }
      },
      {
        httpsdocsnpmjscom: { count: 1, url: 'https://www.npmjs.com/search?q=keywords:ascii' }
      },
      {
        httpsdocsnpmjscom: { count: 1, url: 'https://www.npmjs.com/search?q=keywords:colour' }
      },
      {
        httpsdocsnpmjscom: {
          count: 1,
          url: 'https://www.npmjs.com/search?q=keywords:text-helpers'
        }
      },
      {
        httpsdocsnpmjscom: { count: 1, url: 'https://www.npmjs.com/~weaver' }
      },
      {
        httpsdocsnpmjscom: { count: 1, url: 'https://www.npmjs.com/search?q=keywords:file' }
      },
      {
        httpsdocsnpmjscom: { count: 1, url: 'https://www.npmjs.com/search?q=keywords:align' }
      },
      {
        httpsdocsnpmjscom: {
          count: 1,
          url: 'https://www.npmjs.com/package/ansi-escapes#keywords'
        }
      },
      {
        httpsdocsnpmjscom: { count: 1, url: 'https://www.npmjs.com/search?q=keywords:remark' }
      },
      {
        httpsdocsnpmjscom: { count: 1, url: 'https://www.npmjs.com/products/pro' }
      },
      {
        httpsdocsnpmjscom: { count: 1, url: 'https://www.npmjs.com/search?q=keywords:figlet' }
      },
      {
        httpsdocsnpmjscom: {
          count: 1,
          url: 'https://www.npmjs.com/search?q=keywords:full%20text'
        }
      },
      {
        httpsdocsnpmjscom: { count: 1, url: 'https://www.npmjs.com/package/diff' }
      },
      {
        httpsdocsnpmjscom: {
          count: 1,
          url: 'https://www.npmjs.com/search?q=keywords:message'
        }
      },
      {
        httpsdocsnpmjscom: { count: 1, url: 'https://www.npmjs.com/search?q=keywords:mkdir' }
      },
      {
        httpsdocsnpmjscom: { count: 1, url: 'https://www.npmjs.com/products/teams' }
      },
      {
        httpsdocsnpmjscom: {
          count: 1,
          url: 'https://www.npmjs.com/search?q=keywords:auto%20complete'
        }
      },
      {
        httpsdocsnpmjscom: { count: 1, url: 'https://www.npmjs.com/package/ansi-styles' }
      },
      {
        httpsdocsnpmjscom: {
          count: 1,
          url: 'https://www.npmjs.com/package/strip-ansi#keywords'
        }
      },
      {
        httpsdocsnpmjscom: {
          count: 1,
          url: 'https://www.npmjs.com/package/fs-extra#keywords'
        }
      },
      {
        httpsdocsnpmjscom: { count: 1, url: 'https://www.npmjs.com/search?q=keywords:index' }
      },
      {
        httpsdocsnpmjscom: { count: 1, url: 'https://www.npmjs.com/package/fs-extra' }
      },
      {
        httpsdocsnpmjscom: { count: 1, url: 'https://www.npmjs.com/~ryanzim' }
      }
    ]

      at Socket.<anonymous> (distribution/local/status.js:75:13)

  console.log
    Child process stdout: sending append with key:  4f2b9fb7bb4f6435a9b464737c90bb54c1fb55ce5809fb2936d697511b8537ec
    the values:  [
      {
        advisori: { count: 1, url: 'https://www.npmjs.com/search?q=keywords:editor' }
      },
      {
        advisori: {
          count: 1,
          url: 'https://www.npmjs.com/search?q=keywords:promise'
        }
      },
      {
        advisori: {
          count: 1,
          url: 'https://www.npmjs.com/search?q=text&page=1&perPage=20'
        }
      },
      {
        advisori: {
          count: 1,
          url: 'https://www.npmjs.com/search?q=keywords:wordbreak'
        }
      },
      { advisori: { count: 1, url: 'https://www.npmjs.com/products' } },
      { advisori: { count: 1, url: 'https://www.npmjs.com/~substack' } },
      {
        advisori: { count: 1, url: 'https://www.npmjs.com/search?q=keywords:mkdirs' }
      },
      {
        advisori: { count: 1, url: 'https://www.npmjs.com/search?q=keywords:get' }
      },
      {
        advisori: { count: 1, url: 'https://www.npmjs.com/search?q=keywords:delete' }
      },
      {
        advisori: { count: 1, url: 'https://www.npmjs.com/package/get-stream' }
      },
      {
        advisori: { count: 1, url: 'https://www.npmjs.com/search?q=keywords:base64' }
      },
      { advisori: { count: 1, url: 'https://www.npmjs.com/~lucaong' } },
      {
        advisori: { count: 1, url: 'https://www.npmjs.com/package/chalk' }
      },
      {
        advisori: {
          count: 1,
          url: 'https://www.npmjs.com/package/@contentful/rich-text-html-renderer'
        }
      },
      {
        advisori: {
          count: 1,
          url: 'https://www.npmjs.com/search?q=keywords:string-processing'
        }
      },
      {
        advisori: { count: 1, url: 'https://www.npmjs.com/search?q=keywords:log' }
      },
      {
        advisori: { count: 1, url: 'https://www.npmjs.com/search?q=keywords:ascii' }
      },
      {
        advisori: { count: 1, url: 'https://www.npmjs.com/search?q=keywords:colour' }
      },
      {
        advisori: {
          count: 1,
          url: 'https://www.npmjs.com/search?q=keywords:text-helpers'
        }
      },
      { advisori: { count: 1, url: 'https://www.npmjs.com/~weaver' } },
      {
        advisori: { count: 1, url: 'https://www.npmjs.com/search?q=keywords:file' }
      },
      {
        advisori: { count: 1, url: 'https://www.npmjs.com/search?q=keywords:align' }
      },
      {
        advisori: {
          count: 1,
          url: 'https://www.npmjs.com/package/ansi-escapes#keywords'
        }
      },
      {
        advisori: { count: 1, url: 'https://www.npmjs.com/search?q=keywords:remark' }
      },
      { advisori: { count: 1, url: 'https://www.npmjs.com/products/pro' } },
      {
        advisori: { count: 1, url: 'https://www.npmjs.com/search?q=keywords:figlet' }
      },
      {
        advisori: {
          count: 1,
          url: 'https://www.npmjs.com/search?q=keywords:full%20text'
        }
      },
      { advisori: { count: 1, url: 'https://www.npmjs.com/package/diff' } },
      {
        advisori: {
          count: 1,
          url: 'https://www.npmjs.com/search?q=keywords:message'
        }
      },
      {
        advisori: { count: 1, url: 'https://www.npmjs.com/search?q=keywords:mkdir' }
      },
      {
        advisori: { count: 1, url: 'https://www.npmjs.com/products/teams' }
      },
      {
        advisori: {
          count: 1,
          url: 'https://www.npmjs.com/search?q=keywords:auto%20complete'
        }
      },
      {
        advisori: { count: 1, url: 'https://www.npmjs.com/package/ansi-styles' }
      },
      {
        advisori: {
          count: 1,
          url: 'https://www.npmjs.com/package/strip-ansi#keywords'
        }
      },
      {
        advisori: {
          count: 1,
          url: 'https://www.npmjs.com/package/fs-extra#keywords'
        }
      },
      {
        advisori: { count: 1, url: 'https://www.npmjs.com/search?q=keywords:index' }
      },
      {
        advisori: { count: 1, url: 'https://www.npmjs.com/package/fs-extra' }
      },
      { advisori: { count: 1, url: 'https://www.npmjs.com/~ryanzim' } }
    ]
    sending append with key:  16c1e6a257f21a8ec997e3f6ae2d6ed39826b67c652cc95d03a2a1fbd1d5ea15
    the values:  [
      {
        httpsgithubcomadvisori: { count: 1, url: 'https://www.npmjs.com/search?q=keywords:editor' }
      },
      {
        httpsgithubcomadvisori: {
          count: 1,
          url: 'https://www.npmjs.com/search?q=keywords:promise'
        }
      },
      {
        httpsgithubcomadvisori: {
          count: 1,
          url: 'https://www.npmjs.com/search?q=text&page=1&perPage=20'
        }
      },
      {
        httpsgithubcomadvisori: {
          count: 1,
          url: 'https://www.npmjs.com/search?q=keywords:wordbreak'
        }
      },
      {
        httpsgithubcomadvisori: { count: 1, url: 'https://www.npmjs.com/products' }
      },
      {
        httpsgithubcomadvisori: { count: 1, url: 'https://www.npmjs.com/~substack' }
      },
      {
        httpsgithubcomadvisori: { count: 1, url: 'https://www.npmjs.com/search?q=keywords:mkdirs' }
      },
      {
        httpsgithubcomadvisori: { count: 1, url: 'https://www.npmjs.com/search?q=keywords:get' }
      },
      {
        httpsgithubcomadvisori: { count: 1, url: 'https://www.npmjs.com/search?q=keywords:delete' }
      },
      {
        httpsgithubcomadvisori: { count: 1, url: 'https://www.npmjs.com/package/get-stream' }
      },
      {
        httpsgithubcomadvisori: { count: 1, url: 'https://www.npmjs.com/search?q=keywords:base64' }
      },
      {
        httpsgithubcomadvisori: { count: 1, url: 'https://www.npmjs.com/~lucaong' }
      },
      {
        httpsgithubcomadvisori: { count: 1, url: 'https://www.npmjs.com/package/chalk' }
      },
      {
        httpsgithubcomadvisori: {
          count: 1,
          url: 'https://www.npmjs.com/package/@contentful/rich-text-html-renderer'
        }
      },
      {
        httpsgithubcomadvisori: {
          count: 1,
          url: 'https://www.npmjs.com/search?q=keywords:string-processing'
        }
      },
      {
        httpsgithubcomadvisori: { count: 1, url: 'https://www.npmjs.com/search?q=keywords:log' }
      },
      {
        httpsgithubcomadvisori: { count: 1, url: 'https://www.npmjs.com/search?q=keywords:ascii' }
      },
      {
        httpsgithubcomadvisori: { count: 1, url: 'https://www.npmjs.com/search?q=keywords:colour' }
      },
      {
        httpsgithubcomadvisori: {
          count: 1,
          url: 'https://www.npmjs.com/search?q=keywords:text-helpers'
        }
      },
      {
        httpsgithubcomadvisori: { count: 1, url: 'https://www.npmjs.com/~weaver' }
      },
      {
        httpsgithubcomadvisori: { count: 1, url: 'https://www.npmjs.com/search?q=keywords:file' }
      },
      {
        httpsgithubcomadvisori: { count: 1, url: 'https://www.npmjs.com/search?q=keywords:align' }
      },
      {
        httpsgithubcomadvisori: {
          count: 1,
          url: 'https://www.npmjs.com/package/ansi-escapes#keywords'
        }
      },
      {
        httpsgithubcomadvisori: { count: 1, url: 'https://www.npmjs.com/search?q=keywords:remark' }
      },
      {
        httpsgithubcomadvisori: { count: 1, url: 'https://www.npmjs.com/products/pro' }
      },
      {
        httpsgithubcomadvisori: { count: 1, url: 'https://www.npmjs.com/search?q=keywords:figlet' }
      },
      {
        httpsgithubcomadvisori: {
          count: 1,
          url: 'https://www.npmjs.com/search?q=keywords:full%20text'
        }
      },
      {
        httpsgithubcomadvisori: { count: 1, url: 'https://www.npmjs.com/package/diff' }
      },
      {
        httpsgithubcomadvisori: {
          count: 1,
          url: 'https://www.npmjs.com/search?q=keywords:message'
        }
      },
      {
        httpsgithubcomadvisori: { count: 1, url: 'https://www.npmjs.com/search?q=keywords:mkdir' }
      },
      {
        httpsgithubcomadvisori: { count: 1, url: 'https://www.npmjs.com/products/teams' }
      },
      {
        httpsgithubcomadvisori: {
          count: 1,
          url: 'https://www.npmjs.com/search?q=keywords:auto%20complete'
        }
      },
      {
        httpsgithubcomadvisori: { count: 1, url: 'https://www.npmjs.com/package/ansi-styles' }
      },
      {
        httpsgithubcomadvisori: {
          count: 1,
          url: 'https://www.npmjs.com/package/strip-ansi#keywords'
        }
      },
      {
        httpsgithubcomadvisori: {
          count: 1,
          url: 'https://www.npmjs.com/package/fs-extra#keywords'
        }
      },
      {
        httpsgithubcomadvisori: { count: 1, url: 'https://www.npmjs.com/search?q=keywords:index' }
      },
      {
        httpsgithubcomadvisori: { count: 1, url: 'https://www.npmjs.com/package/fs-extra' }
      },
      {
        httpsgithubcomadvisori: { count: 1, url: 'https://www.npmjs.com/~ryanzim' }
      }
    ]
    sending append with key:  920fc5d3be9f8a19116b280649e4b34d4031933d2bc599661f777fc9c9f07338

      at Socket.<anonymous> (distribution/local/status.js:75:13)

  console.log
    HERE IS THE ERROR Error: connect EADDRNOTAVAIL 127.0.0.1:3001 - Local (0.0.0.0:0)
        at internalConnect (node:net:1092:16)
        at defaultTriggerAsyncIdScope (node:internal/async_hooks:464:18)
        at node:net:1322:9
        at processTicksAndRejections (node:internal/process/task_queues:77:11) {
      errno: -49,
      code: 'EADDRNOTAVAIL',
      syscall: 'connect',
      address: '127.0.0.1',
      port: 3001
    }

      at ClientRequest.<anonymous> (distribution/local/comm.js:32:15)

  console.log
    HERE IS THE ERROR Error: connect EADDRNOTAVAIL 127.0.0.1:3002 - Local (0.0.0.0:0)
        at internalConnect (node:net:1092:16)
        at defaultTriggerAsyncIdScope (node:internal/async_hooks:464:18)
        at node:net:1322:9
        at processTicksAndRejections (node:internal/process/task_queues:77:11) {
      errno: -49,
      code: 'EADDRNOTAVAIL',
      syscall: 'connect',
      address: '127.0.0.1',
      port: 3002
    }

      at ClientRequest.<anonymous> (distribution/local/comm.js:32:15)

  console.log
    HERE IS THE ERROR Error: connect EADDRNOTAVAIL 127.0.0.1:3003 - Local (0.0.0.0:0)
        at internalConnect (node:net:1092:16)
        at defaultTriggerAsyncIdScope (node:internal/async_hooks:464:18)
        at node:net:1322:9
        at processTicksAndRejections (node:internal/process/task_queues:77:11) {
      errno: -49,
      code: 'EADDRNOTAVAIL',
      syscall: 'connect',
      address: '127.0.0.1',
      port: 3003
    }

      at ClientRequest.<anonymous> (distribution/local/comm.js:32:15)

